sound/sndcmn/sndcmn.bin
sound/se/seidx.bin
sound/se/se.bin
sound/voice/voiceidx.bin
ui/ctrl2d_sh.bin
ui/station_e.lzp
ui/loading_e.mes
ui/ascii.lzp
ui/name_e.lzp
common/unittype.bin
common/skill.bin
common/aform.bin
common/job.bin
common/tmparmy.bin
common/basespace.bin
common/message_e.bin
common/super_e.bin
common/gimmickpac.bin
ui/skill_tree.bin
action/item/item.bin2
common/viewdata.bin
camera/wlview.bin
effect/effg1tidx.bin
effect/effg1t.bin
effect/efffixidx.bin
effect/efffix.bin
effect/effg1eidx.bin
effect/effg1e.bin
ui/title_e.lzp
ui/stsel_e.lzp
ui/stsel_e.mes
ui/snsel_e.lzp
ui/snsel_e.mes
ui/charasel_e.lzp
ui/result_e.lzp
ui/gameover_e.lzp
ui/saveload_e.lzp
ui/option_e.lzp
ui/dictionary_e.bin
ui/dictionary_e.lzp
ui/camp_e.lzp
ui/coursesel_e.lzp
ui/ranking_e.lzp
ui/challenge_result_e.lzp
ui/staff_eUK.lzp
ui/stend_e.lzp
ui/displaybg.lzp
ui/narration/narration_e.lzp
ui/narration_e.mes
ui/narration/chara00.lzp
ui/narration/chara01.lzp
ui/narration/chara02.lzp
ui/narration/chara03.lzp
ui/narration/chara04.lzp
ui/narration/chara05.lzp
ui/narration/chara06.lzp
ui/narration/chara07.lzp
ui/narration/chara08.lzp
ui/narration/chara09.lzp
ui/narration/chara10.lzp
ui/narration/chara11.lzp
ui/narration/chara12.lzp
ui/narration/chara13.lzp
ui/narration/chara14.lzp
ui/narration/chara15.lzp
ui/narration/chara16.lzp
ui/narration/chara17.lzp
ui/narration/chara18.lzp
ui/narration/chara19.lzp
ui/narration/chara20.lzp
ui/narration/chara21.lzp
ui/narration/chara22.lzp
ui/narration/chara23.lzp
ui/narration/chara24.lzp
ui/narration/chara25.lzp
ui/narration/chara26.lzp
ui/narration/chara27.lzp
ui/narration/chara28.lzp
ui/narration/chara29.lzp
ui/narration/chara30.lzp
ui/narration/chara31.lzp
ui/narration/chara32.lzp
ui/narration/chara33.lzp
ui/narration/chara34.lzp
ui/narration/chara35.lzp
ui/narration/chara36.lzp
ui/narration/chara37.lzp
ui/narration/chara38.lzp
ui/narration/chara39.lzp
ui/narration/chara40.lzp
ui/battle/btl00_e.lzp
ui/battle/btl01_e.lzp
ui/battle/btl02_e.lzp
ui/battle/btl03_e.lzp
ui/battle/btl04_e.lzp
ui/battle/btl05_e.lzp
ui/battle/btl06_e.lzp
ui/battle/btl07_e.lzp
ui/battle/btl08_e.lzp
ui/battle/btl09_e.lzp
ui/battle/btl10_e.lzp
ui/battle/btl11_e.lzp
ui/battle/btl12_e.lzp
ui/battle/btl13_e.lzp
ui/battle/btl14_e.lzp
ui/battle/btl15_e.lzp
ui/battle/btl16_e.lzp
ui/battle/btl17_e.lzp
ui/battle/btl18_e.lzp
ui/battle/btl19_e.lzp
ui/battle/btl20_e.lzp
ui/battle/btl21_e.lzp
ui/battle/btl22_e.lzp
ui/battle/btl23_e.lzp
ui/chara/chara00.lzp
ui/chara/chara01.lzp
ui/chara/chara02.lzp
ui/chara/chara03.lzp
ui/chara/chara04.lzp
ui/chara/chara05.lzp
ui/chara/chara06.lzp
ui/chara/chara07.lzp
ui/chara/chara08.lzp
ui/chara/chara09.lzp
ui/chara/chara10.lzp
ui/chara/chara11.lzp
ui/chara/chara12.lzp
ui/chara/chara13.lzp
ui/chara/chara14.lzp
ui/chara/chara15.lzp
ui/chara/chara16.lzp
ui/chara/chara17.lzp
ui/chara/chara18.lzp
ui/chara/chara19.lzp
ui/chara/chara20.lzp
ui/chara/chara21.lzp
ui/chara/chara22.lzp
ui/chara/chara23.lzp
ui/chara/chara24.lzp
ui/chara/chara25.lzp
ui/chara/chara26.lzp
ui/chara/chara27.lzp
ui/chara/chara28.lzp
ui/chara/chara29.lzp
ui/chara/chara30.lzp
ui/chara/chara31.lzp
ui/chara/chara32.lzp
ui/chara/chara33.lzp
ui/chara/chara34.lzp
ui/chara/chara35.lzp
ui/chara/chara36.lzp
ui/chara/chara37.lzp
ui/chara/chara38.lzp
ui/chara/chara39.lzp
ui/chara/chara40.lzp
ui/minimap/mm00.lzp
ui/minimap/mm01.lzp
ui/minimap/mm02.lzp
ui/minimap/mm03.lzp
ui/minimap/mm04.lzp
ui/minimap/mm05.lzp
ui/minimap/mm06.lzp
ui/minimap/mm07.lzp
ui/minimap/mm08.lzp
ui/minimap/mm09.lzp
ui/minimap/mm10.lzp
ui/minimap/mm11.lzp
ui/minimap/mm12.lzp
ui/minimap/mm13.lzp
ui/minimap/mm14.lzp
ui/minimap/mm15.lzp
ui/minimap/mm16.lzp
ui/minimap/mm17.lzp
ui/minimap/mm18.lzp
ui/minimap/mm19.lzp
ui/minimap/mm20.lzp
ui/minimap/mm21.lzp
ui/minimap/mm22.lzp
area/area00.bin
area/area01.bin
area/area02.bin
area/area03.bin
area/area04.bin
area/area05.bin
area/area06.bin
area/area07.bin
area/area08.bin
area/area09.bin
area/area10.bin
area/area11.bin
area/area12.bin
area/area13.bin
area/area14.bin
area/area15.bin
area/area16.bin
area/area17.bin
area/area18.bin
area/area19.bin
area/area20.bin
area/area21.bin
area/area22.bin
scenario/00sn_e.bin
scenario/01sn_e.bin
scenario/02sn_e.bin
scenario/03sn_e.bin
scenario/04sn_e.bin
scenario/05sn_e.bin
scenario/06sn_e.bin
scenario/07sn_e.bin
scenario/08sn_e.bin
scenario/09sn_e.bin
scenario/10sn_e.bin
scenario/11sn_e.bin
scenario/12sn_e.bin
scenario/13sn_e.bin
scenario/14sn_e.bin
scenario/15sn_e.bin
scenario/16sn_e.bin
scenario/17sn_e.bin
scenario/18sn_e.bin
scenario/19sn_e.bin
scenario/20sn_e.bin
scenario/21sn_e.bin
scenario/22sn_e.bin
scenario/23sn_e.bin
scenario/24sn_e.bin
scenario/25sn_e.bin
scenario/26sn_e.bin
scenario/27sn_e.bin
scenario/28sn_e.bin
scenario/29sn_e.bin
scenario/30sn_e.bin
scenario/31sn_e.bin
scenario/32sn_e.bin
scenario/33sn_e.bin
scenario/34sn_e.bin
scenario/35sn_e.bin
scenario/36sn_e.bin
scenario/37sn_e.bin
scenario/38sn_e.bin
scenario/39sn_e.bin
scenario/40sn_e.bin
scenario/41sn_e.bin
scenario/42sn_e.bin
scenario/43sn_e.bin
scenario/44sn_e.bin
scenario/45sn_e.bin
scenario/46sn_e.bin
scenario/47sn_e.bin
scenario/48sn_e.bin
scenario/49sn_e.bin
algo/algdata.bin
algo/alg00.bin
algo/alg01.bin
algo/alg02.bin
algo/alg03.bin
algo/alg04.bin
algo/alg05.bin
algo/alg06.bin
algo/alg07.bin
algo/alg08.bin
algo/alg09.bin
algo/alg10.bin
algo/alg11.bin
algo/alg12.bin
algo/alg13.bin
algo/alg14.bin
algo/alg15.bin
algo/alg16.bin
algo/alg17.bin
algo/alg18.bin
algo/alg19.bin
algo/alg20.bin
algo/alg21.bin
algo/alg22.bin
stage/env/stg_env.bin
stage/env/sun.g1t
stage/env/moon.g1t
stage/env/lensflare.g1t
stage/env/CloudBackdrop0.g1t
stage/env/CloudBackdrop1.g1t
stage/env/CloudBackdrop2.g1t
stage/env/CloudBackdrop3.g1t
stage/env/CloudBackdrop4.g1t
stage/env/CloudBackdrop5.g1t
stage/env/CloudBackdrop6.g1t
stage/env/CloudBackdrop7.g1t
stage/env/CloudBackdrop8.g1t
stage/env/CloudBackdrop9.g1t
stage/shader/CloudBackdrop.g1s
stage/shader/Landscape.g1s
stage/shader/LandscapeFar.g1s
stage/shader/LandscapeBlendShadow.g1s
stage/shader/LandscapeAllLow.g1s
stage/shader/SunMoon.g1s
stage/shader/LensFlare1.fpo
stage/shader/LensFlare2.fpo
stage/shader/SkyPlane.g1s
stage/shader/ShadowMap.g1s
stage/shader/StageObj.g1s
stage/shader/Water_3_0.g1s
stage/shader/Water_2_0.g1s
stage/obj/StreamWater.g1t
stage/shader/StageObjB0.g1s
stage/shader/StageObjB1.g1s
stage/shader/StageObjB2.g1s
stage/shader/StageObjB0S.g1s
stage/shader/StageObjB0SC.g1s
stage/shader/StageObjB1SC.g1s
stage/shader/StageObjB2SC.g1s
stage/shader/StageTexAnimation.g1s
stage/shader/StageObjNS.g1s
stage/shader/WaterNS_3_0.g1s
stage/shader/WaterNS_2_0.g1s
stage/shader/StageObjB0NS.g1s
stage/shader/StageObjB1NS.g1s
stage/shader/StageObjB2NS.g1s
stage/shader/StageTexAnimationNS.g1s
stage/shader/BriefingStage.g1s
stage/obj/S00-ModelH.bin
stage/obj/S01-ModelH.bin
stage/obj/S02-ModelH.bin
stage/obj/S03-ModelH.bin
stage/obj/S04-ModelH.bin
stage/obj/S05-ModelH.bin
stage/obj/S06-ModelH.bin
stage/obj/S07-ModelH.bin
stage/obj/S08-ModelH.bin
stage/obj/S09-ModelH.bin
stage/obj/S10-ModelH.bin
stage/obj/S11-ModelH.bin
stage/obj/S12-ModelH.bin
stage/obj/S13-ModelH.bin
stage/obj/S14-ModelH.bin
stage/obj/S15-ModelH.bin
stage/obj/S16-ModelH.bin
stage/obj/S17-ModelH.bin
stage/obj/S18-ModelH.bin
stage/obj/S19-ModelH.bin
stage/obj/S20-ModelH.bin
stage/obj/S21-ModelH.bin
stage/obj/S22-ModelH.bin
stage/obj/S00-ModelM.bin
stage/obj/S01-ModelM.bin
stage/obj/S02-ModelM.bin
stage/obj/S03-ModelM.bin
stage/obj/S04-ModelM.bin
stage/obj/S05-ModelM.bin
stage/obj/S06-ModelM.bin
stage/obj/S07-ModelM.bin
stage/obj/S08-ModelM.bin
stage/obj/S09-ModelM.bin
stage/obj/S10-ModelM.bin
stage/obj/S11-ModelM.bin
stage/obj/S12-ModelM.bin
stage/obj/S13-ModelM.bin
stage/obj/S14-ModelM.bin
stage/obj/S15-ModelM.bin
stage/obj/S16-ModelM.bin
stage/obj/S17-ModelM.bin
stage/obj/S18-ModelM.bin
stage/obj/S19-ModelM.bin
stage/obj/S20-ModelM.bin
stage/obj/S21-ModelM.bin
stage/obj/S22-ModelM.bin
stage/obj/S00-ModelL.bin
stage/obj/S01-ModelL.bin
stage/obj/S02-ModelL.bin
stage/obj/S03-ModelL.bin
stage/obj/S04-ModelL.bin
stage/obj/S05-ModelL.bin
stage/obj/S06-ModelL.bin
stage/obj/S07-ModelL.bin
stage/obj/S08-ModelL.bin
stage/obj/S09-ModelL.bin
stage/obj/S10-ModelL.bin
stage/obj/S11-ModelL.bin
stage/obj/S12-ModelL.bin
stage/obj/S13-ModelL.bin
stage/obj/S14-ModelL.bin
stage/obj/S15-ModelL.bin
stage/obj/S16-ModelL.bin
stage/obj/S17-ModelL.bin
stage/obj/S18-ModelL.bin
stage/obj/S19-ModelL.bin
stage/obj/S20-ModelL.bin
stage/obj/S21-ModelL.bin
stage/obj/S22-ModelL.bin
stage/obj/S00-ModelC.bin
stage/obj/S01-ModelC.bin
stage/obj/S02-ModelC.bin
stage/obj/S03-ModelC.bin
stage/obj/S04-ModelC.bin
stage/obj/S05-ModelC.bin
stage/obj/S06-ModelC.bin
stage/obj/S07-ModelC.bin
stage/obj/S08-ModelC.bin
stage/obj/S09-ModelC.bin
stage/obj/S10-ModelC.bin
stage/obj/S11-ModelC.bin
stage/obj/S12-ModelC.bin
stage/obj/S13-ModelC.bin
stage/obj/S14-ModelC.bin
stage/obj/S15-ModelC.bin
stage/obj/S16-ModelC.bin
stage/obj/S17-ModelC.bin
stage/obj/S18-ModelC.bin
stage/obj/S19-ModelC.bin
stage/obj/S20-ModelC.bin
stage/obj/S21-ModelC.bin
stage/obj/S22-ModelC.bin
stage/obj/S00-ModelR.bin
stage/obj/S01-ModelR.bin
stage/obj/S02-ModelR.bin
stage/obj/S03-ModelR.bin
stage/obj/S04-ModelR.bin
stage/obj/S05-ModelR.bin
stage/obj/S06-ModelR.bin
stage/obj/S07-ModelR.bin
stage/obj/S08-ModelR.bin
stage/obj/S09-ModelR.bin
stage/obj/S10-ModelR.bin
stage/obj/S11-ModelR.bin
stage/obj/S12-ModelR.bin
stage/obj/S13-ModelR.bin
stage/obj/S14-ModelR.bin
stage/obj/S15-ModelR.bin
stage/obj/S16-ModelR.bin
stage/obj/S17-ModelR.bin
stage/obj/S18-ModelR.bin
stage/obj/S19-ModelR.bin
stage/obj/S20-ModelR.bin
stage/obj/S21-ModelR.bin
stage/obj/S22-ModelR.bin
stage/obj/S00-Model.g1t
stage/obj/S01-Model.g1t
stage/obj/S02-Model.g1t
stage/obj/S03-Model.g1t
stage/obj/S04-Model.g1t
stage/obj/S05-Model.g1t
stage/obj/S06-Model.g1t
stage/obj/S07-Model.g1t
stage/obj/S08-Model.g1t
stage/obj/S09-Model.g1t
stage/obj/S10-Model.g1t
stage/obj/S11-Model.g1t
stage/obj/S12-Model.g1t
stage/obj/S13-Model.g1t
stage/obj/S14-Model.g1t
stage/obj/S15-Model.g1t
stage/obj/S16-Model.g1t
stage/obj/S17-Model.g1t
stage/obj/S18-Model.g1t
stage/obj/S19-Model.g1t
stage/obj/S20-Model.g1t
stage/obj/S21-Model.g1t
stage/obj/S22-Model.g1t
stage/obj/S00-Opl2.bin
stage/obj/S01-Opl2.bin
stage/obj/S02-Opl2.bin
stage/obj/S03-Opl2.bin
stage/obj/S04-Opl2.bin
stage/obj/S05-Opl2.bin
stage/obj/S06-Opl2.bin
stage/obj/S07-Opl2.bin
stage/obj/S08-Opl2.bin
stage/obj/S09-Opl2.bin
stage/obj/S10-Opl2.bin
stage/obj/S11-Opl2.bin
stage/obj/S12-Opl2.bin
stage/obj/S13-Opl2.bin
stage/obj/S14-Opl2.bin
stage/obj/S15-Opl2.bin
stage/obj/S16-Opl2.bin
stage/obj/S17-Opl2.bin
stage/obj/S18-Opl2.bin
stage/obj/S19-Opl2.bin
stage/obj/S20-Opl2.bin
stage/obj/S21-Opl2.bin
stage/obj/S22-Opl2.bin
stage/obj/S00-Opl2w.bin
stage/obj/S01-Opl2w.bin
stage/obj/S02-Opl2w.bin
stage/obj/S03-Opl2w.bin
stage/obj/S04-Opl2w.bin
stage/obj/S05-Opl2w.bin
stage/obj/S06-Opl2w.bin
stage/obj/S07-Opl2w.bin
stage/obj/S08-Opl2w.bin
stage/obj/S09-Opl2w.bin
stage/obj/S10-Opl2w.bin
stage/obj/S11-Opl2w.bin
stage/obj/S12-Opl2w.bin
stage/obj/S13-Opl2w.bin
stage/obj/S14-Opl2w.bin
stage/obj/S15-Opl2w.bin
stage/obj/S16-Opl2w.bin
stage/obj/S17-Opl2w.bin
stage/obj/S18-Opl2w.bin
stage/obj/S19-Opl2w.bin
stage/obj/S20-Opl2w.bin
stage/obj/S21-Opl2w.bin
stage/obj/S22-Opl2w.bin
stage/obj/S00-Coll.bin
stage/obj/S01-Coll.bin
stage/obj/S02-Coll.bin
stage/obj/S03-Coll.bin
stage/obj/S04-Coll.bin
stage/obj/S05-Coll.bin
stage/obj/S06-Coll.bin
stage/obj/S07-Coll.bin
stage/obj/S08-Coll.bin
stage/obj/S09-Coll.bin
stage/obj/S10-Coll.bin
stage/obj/S11-Coll.bin
stage/obj/S12-Coll.bin
stage/obj/S13-Coll.bin
stage/obj/S14-Coll.bin
stage/obj/S15-Coll.bin
stage/obj/S16-Coll.bin
stage/obj/S17-Coll.bin
stage/obj/S18-Coll.bin
stage/obj/S19-Coll.bin
stage/obj/S20-Coll.bin
stage/obj/S21-Coll.bin
stage/obj/S22-Coll.bin
stage/ground/stage00.sdf
stage/ground/stage01.sdf
stage/ground/stage02.sdf
stage/ground/stage03.sdf
stage/ground/stage04.sdf
stage/ground/stage05.sdf
stage/ground/stage06.sdf
stage/ground/stage07.sdf
stage/ground/stage08.sdf
stage/ground/stage09.sdf
stage/ground/stage10.sdf
stage/ground/stage11.sdf
stage/ground/stage12.sdf
stage/ground/stage13.sdf
stage/ground/stage14.sdf
stage/ground/stage15.sdf
stage/ground/stage16.sdf
stage/ground/stage17.sdf
stage/ground/stage18.sdf
stage/ground/stage19.sdf
stage/ground/stage20.sdf
stage/ground/stage21.sdf
stage/ground/stage22.sdf
stage/ground/stage00far.sdf
stage/ground/stage01far.sdf
stage/ground/stage02far.sdf
stage/ground/stage03far.sdf
stage/ground/stage04far.sdf
stage/ground/stage05far.sdf
stage/ground/stage06far.sdf
stage/ground/stage07far.sdf
stage/ground/stage08far.sdf
stage/ground/stage09far.sdf
stage/ground/stage10far.sdf
stage/ground/stage11far.sdf
stage/ground/stage12far.sdf
stage/ground/stage13far.sdf
stage/ground/stage14far.sdf
stage/ground/stage15far.sdf
stage/ground/stage16far.sdf
stage/ground/stage17far.sdf
stage/ground/stage18far.sdf
stage/ground/stage19far.sdf
stage/ground/stage20far.sdf
stage/ground/stage21far.sdf
stage/ground/stage22far.sdf
stage/ground/stage00.g1t
stage/ground/stage01.g1t
stage/ground/stage02.g1t
stage/ground/stage03.g1t
stage/ground/stage04.g1t
stage/ground/stage05.g1t
stage/ground/stage06.g1t
stage/ground/stage07.g1t
stage/ground/stage08.g1t
stage/ground/stage09.g1t
stage/ground/stage10.g1t
stage/ground/stage11.g1t
stage/ground/stage12.g1t
stage/ground/stage13.g1t
stage/ground/stage14.g1t
stage/ground/stage15.g1t
stage/ground/stage16.g1t
stage/ground/stage17.g1t
stage/ground/stage18.g1t
stage/ground/stage19.g1t
stage/ground/stage20.g1t
stage/ground/stage21.g1t
stage/ground/stage22.g1t
stage/ground/stage00low.g1t
stage/ground/stage01low.g1t
stage/ground/stage02low.g1t
stage/ground/stage03low.g1t
stage/ground/stage04low.g1t
stage/ground/stage05low.g1t
stage/ground/stage06low.g1t
stage/ground/stage07low.g1t
stage/ground/stage08low.g1t
stage/ground/stage09low.g1t
stage/ground/stage10low.g1t
stage/ground/stage11low.g1t
stage/ground/stage12low.g1t
stage/ground/stage13low.g1t
stage/ground/stage14low.g1t
stage/ground/stage15low.g1t
stage/ground/stage16low.g1t
stage/ground/stage17low.g1t
stage/ground/stage18low.g1t
stage/ground/stage19low.g1t
stage/ground/stage20low.g1t
stage/ground/stage21low.g1t
stage/ground/stage22low.g1t
stage/ground/stage00far.g1t
stage/ground/stage01far.g1t
stage/ground/stage02far.g1t
stage/ground/stage03far.g1t
stage/ground/stage04far.g1t
stage/ground/stage05far.g1t
stage/ground/stage06far.g1t
stage/ground/stage07far.g1t
stage/ground/stage08far.g1t
stage/ground/stage09far.g1t
stage/ground/stage10far.g1t
stage/ground/stage11far.g1t
stage/ground/stage12far.g1t
stage/ground/stage13far.g1t
stage/ground/stage14far.g1t
stage/ground/stage15far.g1t
stage/ground/stage16far.g1t
stage/ground/stage17far.g1t
stage/ground/stage18far.g1t
stage/ground/stage19far.g1t
stage/ground/stage20far.g1t
stage/ground/stage21far.g1t
stage/ground/stage22far.g1t
stage/cell/stage00-NoEnter.celbin
stage/cell/stage01-NoEnter.celbin
stage/cell/stage02-NoEnter.celbin
stage/cell/stage03-NoEnter.celbin
stage/cell/stage04-NoEnter.celbin
stage/cell/stage05-NoEnter.celbin
stage/cell/stage06-NoEnter.celbin
stage/cell/stage07-NoEnter.celbin
stage/cell/stage08-NoEnter.celbin
stage/cell/stage09-NoEnter.celbin
stage/cell/stage10-NoEnter.celbin
stage/cell/stage11-NoEnter.celbin
stage/cell/stage12-NoEnter.celbin
stage/cell/stage13-NoEnter.celbin
stage/cell/stage14-NoEnter.celbin
stage/cell/stage15-NoEnter.celbin
stage/cell/stage16-NoEnter.celbin
stage/cell/stage17-NoEnter.celbin
stage/cell/stage18-NoEnter.celbin
stage/cell/stage19-NoEnter.celbin
stage/cell/stage20-NoEnter.celbin
stage/cell/stage21-NoEnter.celbin
stage/cell/stage22-NoEnter.celbin
stage/cell/stage00-Slope.celbin
stage/cell/stage01-Slope.celbin
stage/cell/stage02-Slope.celbin
stage/cell/stage03-Slope.celbin
stage/cell/stage04-Slope.celbin
stage/cell/stage05-Slope.celbin
stage/cell/stage06-Slope.celbin
stage/cell/stage07-Slope.celbin
stage/cell/stage08-Slope.celbin
stage/cell/stage09-Slope.celbin
stage/cell/stage10-Slope.celbin
stage/cell/stage11-Slope.celbin
stage/cell/stage12-Slope.celbin
stage/cell/stage13-Slope.celbin
stage/cell/stage14-Slope.celbin
stage/cell/stage15-Slope.celbin
stage/cell/stage16-Slope.celbin
stage/cell/stage17-Slope.celbin
stage/cell/stage18-Slope.celbin
stage/cell/stage19-Slope.celbin
stage/cell/stage20-Slope.celbin
stage/cell/stage21-Slope.celbin
stage/cell/stage22-Slope.celbin
stage/cell/stage00-SoukaArea.celbin
stage/cell/stage01-SoukaArea.celbin
stage/cell/stage02-SoukaArea.celbin
stage/cell/stage03-SoukaArea.celbin
stage/cell/stage04-SoukaArea.celbin
stage/cell/stage05-SoukaArea.celbin
stage/cell/stage06-SoukaArea.celbin
stage/cell/stage07-SoukaArea.celbin
stage/cell/stage08-SoukaArea.celbin
stage/cell/stage09-SoukaArea.celbin
stage/cell/stage10-SoukaArea.celbin
stage/cell/stage11-SoukaArea.celbin
stage/cell/stage12-SoukaArea.celbin
stage/cell/stage13-SoukaArea.celbin
stage/cell/stage14-SoukaArea.celbin
stage/cell/stage15-SoukaArea.celbin
stage/cell/stage16-SoukaArea.celbin
stage/cell/stage17-SoukaArea.celbin
stage/cell/stage18-SoukaArea.celbin
stage/cell/stage19-SoukaArea.celbin
stage/cell/stage20-SoukaArea.celbin
stage/cell/stage21-SoukaArea.celbin
stage/cell/stage22-SoukaArea.celbin
stage/cell/S00-BurnedCell.bin
stage/cell/S01-BurnedCell.bin
stage/cell/S02-BurnedCell.bin
stage/cell/S03-BurnedCell.bin
stage/cell/S04-BurnedCell.bin
stage/cell/S05-BurnedCell.bin
stage/cell/S06-BurnedCell.bin
stage/cell/S07-BurnedCell.bin
stage/cell/S08-BurnedCell.bin
stage/cell/S09-BurnedCell.bin
stage/cell/S10-BurnedCell.bin
stage/cell/S11-BurnedCell.bin
stage/cell/S12-BurnedCell.bin
stage/cell/S13-BurnedCell.bin
stage/cell/S14-BurnedCell.bin
stage/cell/S15-BurnedCell.bin
stage/cell/S16-BurnedCell.bin
stage/cell/S17-BurnedCell.bin
stage/cell/S18-BurnedCell.bin
stage/cell/S19-BurnedCell.bin
stage/cell/S20-BurnedCell.bin
stage/cell/S21-BurnedCell.bin
stage/cell/S22-BurnedCell.bin
stage/cell/S02_2-BurnedCell.bin
stage/cell/S12_2-BurnedCell.bin
stage/cell/S00-SlopeCell.bin
stage/cell/S01-SlopeCell.bin
stage/cell/S02-SlopeCell.bin
stage/cell/S03-SlopeCell.bin
stage/cell/S04-SlopeCell.bin
stage/cell/S05-SlopeCell.bin
stage/cell/S06-SlopeCell.bin
stage/cell/S07-SlopeCell.bin
stage/cell/S08-SlopeCell.bin
stage/cell/S09-SlopeCell.bin
stage/cell/S10-SlopeCell.bin
stage/cell/S11-SlopeCell.bin
stage/cell/S12-SlopeCell.bin
stage/cell/S13-SlopeCell.bin
stage/cell/S14-SlopeCell.bin
stage/cell/S15-SlopeCell.bin
stage/cell/S16-SlopeCell.bin
stage/cell/S17-SlopeCell.bin
stage/cell/S18-SlopeCell.bin
stage/cell/S19-SlopeCell.bin
stage/cell/S20-SlopeCell.bin
stage/cell/S21-SlopeCell.bin
stage/cell/S22-SlopeCell.bin
stage/cell/S02_2-SlopeCell.bin
stage/cell/S12_2-SlopeCell.bin
stage/cell/S00-step.bin
stage/cell/S01-step.bin
stage/cell/S02-step.bin
stage/cell/S03-step.bin
stage/cell/S04-step.bin
stage/cell/S05-step.bin
stage/cell/S06-step.bin
stage/cell/S07-step.bin
stage/cell/S08-step.bin
stage/cell/S09-step.bin
stage/cell/S10-step.bin
stage/cell/S11-step.bin
stage/cell/S12-step.bin
stage/cell/S13-step.bin
stage/cell/S14-step.bin
stage/cell/S15-step.bin
stage/cell/S16-step.bin
stage/cell/S17-step.bin
stage/cell/S18-step.bin
stage/cell/S19-step.bin
stage/cell/S20-step.bin
stage/cell/S21-step.bin
stage/cell/S22-step.bin
stage/cell/S02-step2.bin
stage/cell/S12-step2.bin
stage/briefing/BriefingMarker.bin
stage/briefing/BriefingMarker.g1t
stage/briefing/briefing_light.bin
stage/briefing/S00-BriefingBase.bin
stage/briefing/S01-BriefingBase.bin
stage/briefing/S02-BriefingBase.bin
stage/briefing/S03-BriefingBase.bin
stage/briefing/S04-BriefingBase.bin
stage/briefing/S05-BriefingBase.bin
stage/briefing/S06-BriefingBase.bin
stage/briefing/S07-BriefingBase.bin
stage/briefing/S08-BriefingBase.bin
stage/briefing/S09-BriefingBase.bin
stage/briefing/S10-BriefingBase.bin
stage/briefing/S11-BriefingBase.bin
stage/briefing/S12-BriefingBase.bin
stage/briefing/S13-BriefingBase.bin
stage/briefing/S14-BriefingBase.bin
stage/briefing/S15-BriefingBase.bin
stage/briefing/S16-BriefingBase.bin
stage/briefing/S17-BriefingBase.bin
stage/briefing/S00-BriefingGround.bin
stage/briefing/S01-BriefingGround.bin
stage/briefing/S02-BriefingGround.bin
stage/briefing/S03-BriefingGround.bin
stage/briefing/S04-BriefingGround.bin
stage/briefing/S05-BriefingGround.bin
stage/briefing/S06-BriefingGround.bin
stage/briefing/S07-BriefingGround.bin
stage/briefing/S08-BriefingGround.bin
stage/briefing/S09-BriefingGround.bin
stage/briefing/S10-BriefingGround.bin
stage/briefing/S11-BriefingGround.bin
stage/briefing/S12-BriefingGround.bin
stage/briefing/S13-BriefingGround.bin
stage/briefing/S14-BriefingGround.bin
stage/briefing/S15-BriefingGround.bin
stage/briefing/S16-BriefingGround.bin
stage/briefing/S17-BriefingGround.bin
stage/briefing/S00-BriefingBase.g1t
stage/briefing/S01-BriefingBase.g1t
stage/briefing/S02-BriefingBase.g1t
stage/briefing/S03-BriefingBase.g1t
stage/briefing/S04-BriefingBase.g1t
stage/briefing/S05-BriefingBase.g1t
stage/briefing/S06-BriefingBase.g1t
stage/briefing/S07-BriefingBase.g1t
stage/briefing/S08-BriefingBase.g1t
stage/briefing/S09-BriefingBase.g1t
stage/briefing/S10-BriefingBase.g1t
stage/briefing/S11-BriefingBase.g1t
stage/briefing/S12-BriefingBase.g1t
stage/briefing/S13-BriefingBase.g1t
stage/briefing/S14-BriefingBase.g1t
stage/briefing/S15-BriefingBase.g1t
stage/briefing/S16-BriefingBase.g1t
stage/briefing/S17-BriefingBase.g1t
stage/briefing/S00-BriefingGround.g1t
stage/briefing/S01-BriefingGround.g1t
stage/briefing/S02-BriefingGround.g1t
stage/briefing/S03-BriefingGround.g1t
stage/briefing/S04-BriefingGround.g1t
stage/briefing/S05-BriefingGround.g1t
stage/briefing/S06-BriefingGround.g1t
stage/briefing/S07-BriefingGround.g1t
stage/briefing/S08-BriefingGround.g1t
stage/briefing/S09-BriefingGround.g1t
stage/briefing/S10-BriefingGround.g1t
stage/briefing/S11-BriefingGround.g1t
stage/briefing/S12-BriefingGround.g1t
stage/briefing/S13-BriefingGround.g1t
stage/briefing/S14-BriefingGround.g1t
stage/briefing/S15-BriefingGround.g1t
stage/briefing/S16-BriefingGround.g1t
stage/briefing/S17-BriefingGround.g1t
stage/briefing/S00-HeightMap.bin
stage/briefing/S01-HeightMap.bin
stage/briefing/S02-HeightMap.bin
stage/briefing/S03-HeightMap.bin
stage/briefing/S04-HeightMap.bin
stage/briefing/S05-HeightMap.bin
stage/briefing/S06-HeightMap.bin
stage/briefing/S07-HeightMap.bin
stage/briefing/S08-HeightMap.bin
stage/briefing/S09-HeightMap.bin
stage/briefing/S10-HeightMap.bin
stage/briefing/S11-HeightMap.bin
stage/briefing/S12-HeightMap.bin
stage/briefing/S13-HeightMap.bin
stage/briefing/S14-HeightMap.bin
stage/briefing/S15-HeightMap.bin
stage/briefing/S16-HeightMap.bin
stage/briefing/S17-HeightMap.bin
stage/action/S00-Act.bin
stage/action/S01-Act.bin
stage/action/S02-Act.bin
stage/action/S03-Act.bin
stage/action/S04-Act.bin
stage/action/S05-Act.bin
stage/action/S06-Act.bin
stage/action/S07-Act.bin
stage/action/S08-Act.bin
stage/action/S09-Act.bin
stage/action/S10-Act.bin
stage/action/S11-Act.bin
stage/action/S12-Act.bin
stage/action/S13-Act.bin
stage/action/S14-Act.bin
stage/action/S15-Act.bin
stage/action/S16-Act.bin
stage/action/S17-Act.bin
stage/action/S18-Act.bin
stage/action/S19-Act.bin
stage/action/S20-Act.bin
stage/action/S21-Act.bin
stage/action/S22-Act.bin
sound/sndstg/sndstg00.bin
sound/sndstg/sndstg01.bin
sound/sndstg/sndstg02.bin
sound/sndstg/sndstg03.bin
sound/sndstg/sndstg04.bin
sound/sndstg/sndstg05.bin
sound/sndstg/sndstg06.bin
sound/sndstg/sndstg07.bin
sound/sndstg/sndstg08.bin
sound/sndstg/sndstg09.bin
sound/sndstg/sndstg10.bin
sound/sndstg/sndstg11.bin
sound/sndstg/sndstg12.bin
sound/sndstg/sndstg13.bin
sound/sndstg/sndstg14.bin
sound/sndstg/sndstg15.bin
sound/sndstg/sndstg16.bin
sound/sndstg/sndstg17.bin
sound/sndstg/sndstg18.bin
sound/sndstg/sndstg19.bin
sound/sndstg/sndstg20.bin
sound/sndstg/sndstg21.bin
sound/sndstg/sndstg22.bin
action/shader/ActionRSTD.g1s
action/shader/ActionRCSTD.g1s
action/shader/ActionRSTD_NS.g1s
action/shader/ActionRCSTD_NS.g1s
action/shader/ActionSHADOW_3_0.g1s
action/shader/ActionSHADOW_2_0.g1s
action/shader/ActionCSHADOW_3_0.g1s
action/shader/ActionCSHADOW_2_0.g1s
action/shader/shadow.vpo
action/shader/shadow.fpo
action/unit/model/P00_Kakouton.g1m
action/unit/model/P01_Teni.g1m
action/unit/model/P02_Shibai.g1m
action/unit/model/P03_Chouryou.g1m
action/unit/model/P04_Sousou.g1m
action/unit/model/P05_Shuuyu.g1m
action/unit/model/P06_Rikuson.g1m
action/unit/model/P07_Sonshoukou.g1m
action/unit/model/P08_Kannei.g1m
action/unit/model/P09_Sonken1.g1m
action/unit/model/P10_Chouun.g1m
action/unit/model/P11_Kanu.g1m
action/unit/model/P12_Chouhi.g1m
action/unit/model/P13_Shokatsuryou.g1m
action/unit/model/P14_Ryuubi.g1m
action/unit/model/P15_Chousen.g1m
action/unit/model/P16_Ryofu.g1m
action/unit/model/N17_Kyocho.g1m
action/unit/model/N18_Kakouen.g1m
action/unit/model/N19_Jokou.g1m
action/unit/model/N20_Choukou.g1m
action/unit/model/N21_Soujin.g1m
action/unit/model/N22_Souhi.g1m
action/unit/model/N23_Taishiji.g1m
action/unit/model/N24_Ryomou.g1m
action/unit/model/N25_Kougai.g1m
action/unit/model/N26_Shuutai.g1m
action/unit/model/N27_Ryoutou.g1m
action/unit/model/N28_Sonsaku.g1m
action/unit/model/N29_Sonken2.g1m
action/unit/model/N30_Bachou.g1m
action/unit/model/N31_Kouchuu.g1m
action/unit/model/N32_Gien.g1m
action/unit/model/N33_Kanpei.g1m
action/unit/model/N34_Houtou.g1m
action/unit/model/N35_Toutaku.g1m
action/unit/model/N36_Enshou.g1m
action/unit/model/N37_Choukaku.g1m
action/unit/model/N38_Shinki.g1m
action/unit/model/N39_Shoukyou.g1m
action/unit/model/N40_Getsuei.g1m
action/unit/model/G41_Monarch.g1m
action/unit/model/G42_General1.g1m
action/unit/model/G43_General2.g1m
action/unit/model/G44_General3.g1m
action/unit/model/G45_Strategist1.g1m
action/unit/model/G46_Strategist2.g1m
action/unit/model/S47_Soldier1.g1m
action/unit/model/S48_Soldier2.g1m
action/unit/model/S49_Soldier3.g1m
action/unit/model/dummy.dat
action/unit/model/S51_Captain1.g1m
action/unit/model/S52_Captain2.g1m
action/unit/model/S53_Captain3.g1m
action/unit/model/S54_Captain4.g1m
action/unit/model/S55_Archer.g1m
action/unit/model/S56_Engineer.g1m
action/unit/model/S57_Specialist.g1m
action/unit/model/S58_People.g1m
action/unit/model/S59_Yellow.g1m
action/unit/model/H60_Horse1.g1m
action/unit/model/H61_Horse2.g1m
action/unit/model/H62_Horse3.g1m
action/unit/model/H63_Horse4.g1m
action/unit/model/H64_Horse5.g1m
action/unit/model/B65_Wolf.g1m
action/unit/model/B66_Tiger.g1m
action/unit/model/A67_Catapult.g1m
action/unit/model/A68_Batteringram.g1m
action/unit/model/A69_Spreadbow.g1m
action/unit/model/A70_Ballista.g1m
action/unit/model/A71_Tigertank.g1m
action/unit/model/P00_Kakouton_A.g1t
action/unit/model/P00_Kakouton_B.g1t
action/unit/model/P01_Teni_A.g1t
action/unit/model/P01_Teni_B.g1t
action/unit/model/P02_Shibai_A.g1t
action/unit/model/P02_Shibai_B.g1t
action/unit/model/P03_Chouryou_A.g1t
action/unit/model/P03_Chouryou_B.g1t
action/unit/model/P04_Sousou_A.g1t
action/unit/model/P04_Sousou_B.g1t
action/unit/model/P05_Shuuyu_A.g1t
action/unit/model/P05_Shuuyu_B.g1t
action/unit/model/P06_Rikuson_A.g1t
action/unit/model/P06_Rikuson_B.g1t
action/unit/model/P07_Sonshoukou_A.g1t
action/unit/model/P07_Sonshoukou_B.g1t
action/unit/model/P08_Kannei_A.g1t
action/unit/model/P08_Kannei_B.g1t
action/unit/model/P09_Sonken1_A.g1t
action/unit/model/P09_Sonken1_B.g1t
action/unit/model/P10_Chouun_A.g1t
action/unit/model/P10_Chouun_B.g1t
action/unit/model/P11_Kanu_A.g1t
action/unit/model/P11_Kanu_B.g1t
action/unit/model/P12_Chouhi_A.g1t
action/unit/model/P12_Chouhi_B.g1t
action/unit/model/P13_Shokatsuryou_A.g1t
action/unit/model/P13_Shokatsuryou_B.g1t
action/unit/model/P14_Ryuubi_A.g1t
action/unit/model/P14_Ryuubi_B.g1t
action/unit/model/P15_Chousen_A.g1t
action/unit/model/P15_Chousen_B.g1t
action/unit/model/P16_Ryofu_A.g1t
action/unit/model/P16_Ryofu_B.g1t
action/unit/model/N17_Kyocho_A.g1t
action/unit/model/N17_Kyocho_B.g1t
action/unit/model/N18_Kakouen_A.g1t
action/unit/model/N18_Kakouen_B.g1t
action/unit/model/N19_Jokou_A.g1t
action/unit/model/N19_Jokou_B.g1t
action/unit/model/N20_Choukou_A.g1t
action/unit/model/N20_Choukou_B.g1t
action/unit/model/N21_Soujin_A.g1t
action/unit/model/N21_Soujin_B.g1t
action/unit/model/N22_Souhi_A.g1t
action/unit/model/N22_Souhi_B.g1t
action/unit/model/N23_Taishiji_A.g1t
action/unit/model/N23_Taishiji_B.g1t
action/unit/model/N24_Ryomou_A.g1t
action/unit/model/N24_Ryomou_B.g1t
action/unit/model/N25_Kougai_A.g1t
action/unit/model/N25_Kougai_B.g1t
action/unit/model/N26_Shuutai_A.g1t
action/unit/model/N26_Shuutai_B.g1t
action/unit/model/N27_Ryoutou_A.g1t
action/unit/model/N27_Ryoutou_B.g1t
action/unit/model/N28_Sonsaku_A.g1t
action/unit/model/N28_Sonsaku_B.g1t
action/unit/model/N29_Sonken2_A.g1t
action/unit/model/N29_Sonken2_B.g1t
action/unit/model/N30_Bachou_A.g1t
action/unit/model/N30_Bachou_B.g1t
action/unit/model/N31_Kouchuu_A.g1t
action/unit/model/N31_Kouchuu_B.g1t
action/unit/model/N32_Gien_A.g1t
action/unit/model/N32_Gien_B.g1t
action/unit/model/N33_Kanpei_A.g1t
action/unit/model/N33_Kanpei_B.g1t
action/unit/model/N34_Houtou_A.g1t
action/unit/model/N34_Houtou_B.g1t
action/unit/model/N35_Toutaku_A.g1t
action/unit/model/N35_Toutaku_B.g1t
action/unit/model/N36_Enshou_A.g1t
action/unit/model/N36_Enshou_B.g1t
action/unit/model/N37_Choukaku_A.g1t
action/unit/model/N37_Choukaku_B.g1t
action/unit/model/N38_Shinki_A.g1t
action/unit/model/N38_Shinki_B.g1t
action/unit/model/N39_Shoukyou_A.g1t
action/unit/model/N39_Shoukyou_B.g1t
action/unit/model/N40_Getsuei_A.g1t
action/unit/model/N40_Getsuei_B.g1t
action/unit/model/G41_Monarch_A.g1t
action/unit/model/G41_Monarch_B.g1t
action/unit/model/G41_Monarch_C.g1t
action/unit/model/G41_Monarch_D.g1t
action/unit/model/G41_Monarch_E.g1t
action/unit/model/G41_Monarch_F.g1t
action/unit/model/G42_General1_A.g1t
action/unit/model/G42_General1_B.g1t
action/unit/model/G42_General1_C.g1t
action/unit/model/G42_General1_D.g1t
action/unit/model/G42_General1_E.g1t
action/unit/model/G42_General1_F.g1t
action/unit/model/G43_General2_A.g1t
action/unit/model/G43_General2_B.g1t
action/unit/model/G43_General2_C.g1t
action/unit/model/G43_General2_D.g1t
action/unit/model/G43_General2_E.g1t
action/unit/model/G43_General2_F.g1t
action/unit/model/G44_General3_A.g1t
action/unit/model/G44_General3_B.g1t
action/unit/model/G44_General3_C.g1t
action/unit/model/G44_General3_D.g1t
action/unit/model/G44_General3_E.g1t
action/unit/model/G44_General3_F.g1t
action/unit/model/G45_Strategist1_A.g1t
action/unit/model/G45_Strategist1_B.g1t
action/unit/model/G45_Strategist1_C.g1t
action/unit/model/G45_Strategist1_D.g1t
action/unit/model/G45_Strategist1_E.g1t
action/unit/model/G45_Strategist1_F.g1t
action/unit/model/G46_Strategist2_A.g1t
action/unit/model/G46_Strategist2_B.g1t
action/unit/model/G46_Strategist2_C.g1t
action/unit/model/G46_Strategist2_D.g1t
action/unit/model/G46_Strategist2_E.g1t
action/unit/model/G46_Strategist2_F.g1t
action/unit/model/S47_Soldier1_A.g1t
action/unit/model/S47_Soldier1_D.g1t
action/unit/model/S47_Soldier1_E.g1t
action/unit/model/S47_Soldier1_F.g1t
action/unit/model/S48_Soldier2.g1t
action/unit/model/S49_Soldier3.g1t
action/unit/model/dummy.dat
action/unit/model/dummy.dat
action/unit/model/dummy.dat
action/unit/model/dummy.dat
action/unit/model/dummy.dat
action/unit/model/dummy.dat
action/unit/model/S51_Captain1_A.g1t
action/unit/model/S51_Captain1_D.g1t
action/unit/model/S51_Captain1_E.g1t
action/unit/model/S51_Captain1_F.g1t
action/unit/model/S52_Captain2.g1t
action/unit/model/S53_Captain3.g1t
action/unit/model/S54_Captain4_A.g1t
action/unit/model/S54_Captain4_B.g1t
action/unit/model/S54_Captain4_C.g1t
action/unit/model/S54_Captain4_D.g1t
action/unit/model/S54_Captain4_E.g1t
action/unit/model/S54_Captain4_F.g1t
action/unit/model/S55_Archer_A.g1t
action/unit/model/S55_Archer_B.g1t
action/unit/model/S55_Archer_C.g1t
action/unit/model/S55_Archer_D.g1t
action/unit/model/S55_Archer_E.g1t
action/unit/model/S55_Archer_F.g1t
action/unit/model/S56_Engineer_A.g1t
action/unit/model/S56_Engineer_B.g1t
action/unit/model/S56_Engineer_C.g1t
action/unit/model/S56_Engineer_D.g1t
action/unit/model/S56_Engineer_E.g1t
action/unit/model/S56_Engineer_F.g1t
action/unit/model/S57_Specialist_A.g1t
action/unit/model/S57_Specialist_B.g1t
action/unit/model/S57_Specialist_C.g1t
action/unit/model/S57_Specialist_D.g1t
action/unit/model/S57_Specialist_E.g1t
action/unit/model/S57_Specialist_F.g1t
action/unit/model/S58_People.g1t
action/unit/model/S59_Yellow.g1t
action/unit/model/H60_Horse1_A.g1t
action/unit/model/H60_Horse1_B.g1t
action/unit/model/H60_Horse1_C.g1t
action/unit/model/H60_Horse1_D.g1t
action/unit/model/H60_Horse1_E.g1t
action/unit/model/H60_Horse1_F.g1t
action/unit/model/H61_Horse2_A.g1t
action/unit/model/H61_Horse2_B.g1t
action/unit/model/H61_Horse2_C.g1t
action/unit/model/H61_Horse2_D.g1t
action/unit/model/H61_Horse2_E.g1t
action/unit/model/H61_Horse2_F.g1t
action/unit/model/H62_Horse3.g1t
action/unit/model/H63_Horse4.g1t
action/unit/model/H64_Horse5.g1t
action/unit/model/B65_Wolf.g1t
action/unit/model/B66_Tiger_A.g1t
action/unit/model/B66_Tiger_B.g1t
action/unit/model/A67_Catapult.g1t
action/unit/model/A68_Batteringram.g1t
action/unit/model/A69_Spreadbow.g1t
action/unit/model/A70_Ballista.g1t
action/unit/model/A71_Tigertank.g1t
action/unit/motion/00Kakouton.bin
action/unit/motion/01Teni.bin
action/unit/motion/02Shibai.bin
action/unit/motion/03Chouryou.bin
action/unit/motion/04Sousou.bin
action/unit/motion/05Shuuyu.bin
action/unit/motion/06Rikuson.bin
action/unit/motion/07Sonshoukou.bin
action/unit/motion/08Kannei.bin
action/unit/motion/09Sonken1.bin
action/unit/motion/10Chouun.bin
action/unit/motion/11Kanu.bin
action/unit/motion/12Chouhi.bin
action/unit/motion/13Shokatsuryou.bin
action/unit/motion/14Ryuubi.bin
action/unit/motion/15Chousen.bin
action/unit/motion/16Ryofu.bin
action/unit/motion/17Kyocho.bin
action/unit/motion/18Kakouen.bin
action/unit/motion/19Jokou.bin
action/unit/motion/20Choukou.bin
action/unit/motion/21Soujin.bin
action/unit/motion/22Souhi.bin
action/unit/motion/23Taishiji.bin
action/unit/motion/24Ryomou.bin
action/unit/motion/25Kougai.bin
action/unit/motion/26Shuutai.bin
action/unit/motion/27Ryoutou.bin
action/unit/motion/28Sonsaku.bin
action/unit/motion/29Sonken2.bin
action/unit/motion/30Bachou.bin
action/unit/motion/31Kouchuu.bin
action/unit/motion/32Gien.bin
action/unit/motion/33Kanpei.bin
action/unit/motion/34Houtou.bin
action/unit/motion/35Toutaku.bin
action/unit/motion/36Enshou.bin
action/unit/motion/37Choukaku.bin
action/unit/motion/38Shinki.bin
action/unit/motion/39Shoukyou.bin
action/unit/motion/40Getsuei.bin
action/unit/motion/41General_Sword.bin
action/unit/motion/42General_Katana.bin
action/unit/motion/43General_Spear.bin
action/unit/motion/44General_Halberd.bin
action/unit/motion/45General_Heavy.bin
action/unit/motion/46General_Staff.bin
action/unit/motion/47General_Fan.bin
action/unit/motion/48Soldier_Sword_Man.bin
action/unit/motion/48Soldier_Sword_Man.bin
action/unit/motion/50Soldier_Spear.bin
action/unit/motion/51Soldier_Halberd.bin
action/unit/motion/52Soldier_Bow.bin
action/unit/motion/53Soldier_Crossbow.bin
action/unit/motion/54Flag_Bearer.bin
action/unit/motion/55Engineer.bin
action/unit/motion/56Horse.bin
action/unit/motion/57Tiger.bin
action/unit/motion/58Wolf.bin
action/unit/motion/59Soldier_Horseman.bin
action/unit/motion/60Catapult.bin
action/unit/motion/61Batteringram.bin
action/unit/motion/62Spreadbow.bin
action/unit/motion/63Ballista.bin
action/unit/motion/64Tigertank.bin
action/unit/motion/00Kakouton.bin2
action/unit/motion/01Teni.bin2
action/unit/motion/02Shibai.bin2
action/unit/motion/03Chouryou.bin2
action/unit/motion/04Sousou.bin2
action/unit/motion/05Shuuyu.bin2
action/unit/motion/06Rikuson.bin2
action/unit/motion/07Sonshoukou.bin2
action/unit/motion/08Kannei.bin2
action/unit/motion/09Sonken1.bin2
action/unit/motion/10Chouun.bin2
action/unit/motion/11Kanu.bin2
action/unit/motion/12Chouhi.bin2
action/unit/motion/13Shokatsuryou.bin2
action/unit/motion/14Ryuubi.bin2
action/unit/motion/15Chousen.bin2
action/unit/motion/16Ryofu.bin2
action/unit/motion/17Kyocho.bin2
action/unit/motion/18Kakouen.bin2
action/unit/motion/19Jokou.bin2
action/unit/motion/20Choukou.bin2
action/unit/motion/21Soujin.bin2
action/unit/motion/22Souhi.bin2
action/unit/motion/23Taishiji.bin2
action/unit/motion/24Ryomou.bin2
action/unit/motion/25Kougai.bin2
action/unit/motion/26Shuutai.bin2
action/unit/motion/27Ryoutou.bin2
action/unit/motion/28Sonsaku.bin2
action/unit/motion/29Sonken2.bin2
action/unit/motion/30Bachou.bin2
action/unit/motion/31Kouchuu.bin2
action/unit/motion/32Gien.bin2
action/unit/motion/33Kanpei.bin2
action/unit/motion/34Houtou.bin2
action/unit/motion/35Toutaku.bin2
action/unit/motion/36Enshou.bin2
action/unit/motion/37Choukaku.bin2
action/unit/motion/38Shinki.bin2
action/unit/motion/47General_Fan.bin2
action/unit/motion/40Getsuei.bin2
action/unit/motion/PtnData.bin
action/unit/motion/PtnMotion00.bin
action/unit/motion/PtnMotion01.bin
action/unit/motion/PtnMotion02.bin
action/unit/motion/PtnMotion03.bin
action/unit/motion/PtnMotion04.bin
action/unit/motion/PtnMotion05.bin
action/unit/motion/PtnMotion06.bin
action/unit/motion/PtnMotion07.bin
action/unit/motion/PtnMotion08.bin
action/unit/motion/PtnMotion09.bin
action/weapon/model/W000_Kakouton0.g1m
action/weapon/model/W001_Kakouton1.g1m
action/weapon/model/W002_Kakouton2.g1m
action/weapon/model/W003_Teni0.g1m
action/weapon/model/W004_Teni1.g1m
action/weapon/model/W005_Teni2.g1m
action/weapon/model/W006_Shibai0.g1m
action/weapon/model/W007_Shibai1.g1m
action/weapon/model/W008_Shibai2.g1m
action/weapon/model/W009_Chouryou0.g1m
action/weapon/model/W010_Chouryou1.g1m
action/weapon/model/W011_Chouryou2.g1m
action/weapon/model/W012_Sousou0.g1m
action/weapon/model/W013_Sousou1.g1m
action/weapon/model/W014_Sousou2.g1m
action/weapon/model/W015_Shuuyu0.g1m
action/weapon/model/W016_Shuuyu1.g1m
action/weapon/model/W017_Shuuyu2.g1m
action/weapon/model/W018_Rikuson0.g1m
action/weapon/model/W019_Rikuson1.g1m
action/weapon/model/W020_Rikuson2.g1m
action/weapon/model/W021_Sonshoukou0.g1m
action/weapon/model/W022_Sonshoukou1.g1m
action/weapon/model/W023_Sonshoukou2.g1m
action/weapon/model/W024_Kannei0.g1m
action/weapon/model/W025_Kannei1.g1m
action/weapon/model/W026_Kannei2.g1m
action/weapon/model/W027_Sonken10.g1m
action/weapon/model/W028_Sonken11.g1m
action/weapon/model/W029_Sonken12.g1m
action/weapon/model/W030_Chouun0.g1m
action/weapon/model/W031_Chouun1.g1m
action/weapon/model/W032_Chouun2.g1m
action/weapon/model/W033_Kanu0.g1m
action/weapon/model/W034_Kanu1.g1m
action/weapon/model/W035_Kanu2.g1m
action/weapon/model/W036_Chouhi0.g1m
action/weapon/model/W037_Chouhi1.g1m
action/weapon/model/W038_Chouhi2.g1m
action/weapon/model/W039_Shokatsuryou0.g1m
action/weapon/model/W040_Shokatsuryou1.g1m
action/weapon/model/W041_Shokatsuryou2.g1m
action/weapon/model/W042_Ryuubil0.g1m
action/weapon/model/W043_Ryuubil1.g1m
action/weapon/model/W044_Ryuubil2.g1m
action/weapon/model/W045_Ryuubir0.g1m
action/weapon/model/W046_Ryuubir1.g1m
action/weapon/model/W047_Ryuubir2.g1m
action/weapon/model/W048_Chousen0.g1m
action/weapon/model/W049_Chousen1.g1m
action/weapon/model/W050_Chousen2.g1m
action/weapon/model/W051_Ryofu0.g1m
action/weapon/model/W052_Ryofu1.g1m
action/weapon/model/W053_Ryofu2.g1m
action/weapon/model/W054_Kyocho0.g1m
action/weapon/model/W057_Kakouen0.g1m
action/weapon/model/W060_Jokou0.g1m
action/weapon/model/W063_Choukou0.g1m
action/weapon/model/W066_Soujin0.g1m
action/weapon/model/W069_Souhi0.g1m
action/weapon/model/W072_Taishiji0.g1m
action/weapon/model/W075_Ryomou0.g1m
action/weapon/model/W078_Kougai0.g1m
action/weapon/model/W081_Shuutai0.g1m
action/weapon/model/W084_Ryoutou0.g1m
action/weapon/model/W087_Sonsaku0.g1m
action/weapon/model/W090_Sonken20.g1m
action/weapon/model/W093_Bachou0.g1m
action/weapon/model/W096_Kouchuu0.g1m
action/weapon/model/W099_Gien0.g1m
action/weapon/model/W102_Kanpei0.g1m
action/weapon/model/W105_Houtou0.g1m
action/weapon/model/W108_Toutaku0.g1m
action/weapon/model/W111_Enshou0.g1m
action/weapon/model/W114_Choukaku0.g1m
action/weapon/model/W117_Shinki0.g1m
action/weapon/model/W120_Shoukyou0.g1m
action/weapon/model/W123_Getsuei0.g1m
action/weapon/model/W126_GeneralSword0.g1m
action/weapon/model/W129_GeneralKatana0.g1m
action/weapon/model/W132_GeneralSpear0.g1m
action/weapon/model/W135_GeneralHalberd0.g1m
action/weapon/model/W138_GeneralHeavy0.g1m
action/weapon/model/W141_GeneralStaff0.g1m
action/weapon/model/W144_SoldierSword0.g1m
action/weapon/model/W147_SoldierRapier0.g1m
action/weapon/model/W150_SoldierSpear0.g1m
action/weapon/model/W153_SoldierHalberd0.g1m
action/weapon/model/W156_SoldierBow0.g1m
action/weapon/model/W159_SoldierBowgun0.g1m
action/weapon/model/W162_Arrow0.g1m
action/weapon/model/W165_Hammer0.g1m
action/weapon/model/W168_Ladder0.g1m
action/weapon/model/W171_Shield0.g1m
action/weapon/model/W174_Rock_Small0.g1m
action/weapon/model/W177_BallistaArrow0.g1m
action/weapon/model/W180_Shibai0.g1m
action/weapon/model/W181_Shibai1.g1m
action/weapon/model/W182_Shibai2.g1m
action/weapon/model/W183_Oar0.g1m
action/weapon/model/W186_Rock_Middle0.g1m
action/weapon/model/W189_Rock_Big0.g1m
action/weapon/model/F000_Flag0.g1m
action/weapon/model/flag-S-red.g1m
action/weapon/model/flag-LL-red.g1m
action/weapon/model/W000_Kakouton0.g1t
action/weapon/model/W001_Kakouton1.g1t
action/weapon/model/W002_Kakouton2.g1t
action/weapon/model/W003_Teni0.g1t
action/weapon/model/W004_Teni1.g1t
action/weapon/model/W005_Teni2.g1t
action/weapon/model/W006_Shibai0.g1t
action/weapon/model/W007_Shibai1.g1t
action/weapon/model/W008_Shibai2.g1t
action/weapon/model/W009_Chouryou0.g1t
action/weapon/model/W010_Chouryou1.g1t
action/weapon/model/W011_Chouryou2.g1t
action/weapon/model/W012_Sousou0.g1t
action/weapon/model/W013_Sousou1.g1t
action/weapon/model/W014_Sousou2.g1t
action/weapon/model/W015_Shuuyu0.g1t
action/weapon/model/W016_Shuuyu1.g1t
action/weapon/model/W017_Shuuyu2.g1t
action/weapon/model/W018_Rikuson0.g1t
action/weapon/model/W019_Rikuson1.g1t
action/weapon/model/W020_Rikuson2.g1t
action/weapon/model/W021_Sonshoukou0.g1t
action/weapon/model/W022_Sonshoukou1.g1t
action/weapon/model/W023_Sonshoukou2.g1t
action/weapon/model/W024_Kannei0.g1t
action/weapon/model/W025_Kannei1.g1t
action/weapon/model/W026_Kannei2.g1t
action/weapon/model/W027_Sonken10.g1t
action/weapon/model/W028_Sonken11.g1t
action/weapon/model/W029_Sonken12.g1t
action/weapon/model/W030_Chouun0.g1t
action/weapon/model/W031_Chouun1.g1t
action/weapon/model/W032_Chouun2.g1t
action/weapon/model/W033_Kanu0.g1t
action/weapon/model/W034_Kanu1.g1t
action/weapon/model/W035_Kanu2.g1t
action/weapon/model/W036_Chouhi0.g1t
action/weapon/model/W037_Chouhi1.g1t
action/weapon/model/W038_Chouhi2.g1t
action/weapon/model/W039_Shokatsuryou0.g1t
action/weapon/model/W040_Shokatsuryou1.g1t
action/weapon/model/W041_Shokatsuryou2.g1t
action/weapon/model/W042_Ryuubil0.g1t
action/weapon/model/W043_Ryuubil1.g1t
action/weapon/model/W044_Ryuubil2.g1t
action/weapon/model/W045_Ryuubir0.g1t
action/weapon/model/W046_Ryuubir1.g1t
action/weapon/model/W047_Ryuubir2.g1t
action/weapon/model/W048_Chousen0.g1t
action/weapon/model/W049_Chousen1.g1t
action/weapon/model/W050_Chousen2.g1t
action/weapon/model/W051_Ryofu0.g1t
action/weapon/model/W052_Ryofu1.g1t
action/weapon/model/W053_Ryofu2.g1t
action/weapon/model/W054_Kyocho0.g1t
action/weapon/model/W057_Kakouen0.g1t
action/weapon/model/W060_Jokou0.g1t
action/weapon/model/W063_Choukou0.g1t
action/weapon/model/W066_Soujin0.g1t
action/weapon/model/W069_Souhi0.g1t
action/weapon/model/W072_Taishiji0.g1t
action/weapon/model/W075_Ryomou0.g1t
action/weapon/model/W078_Kougai0.g1t
action/weapon/model/W081_Shuutai0.g1t
action/weapon/model/W084_Ryoutou0.g1t
action/weapon/model/W087_Sonsaku0.g1t
action/weapon/model/W090_Sonken20.g1t
action/weapon/model/W093_Bachou0.g1t
action/weapon/model/W096_Kouchuu0.g1t
action/weapon/model/W099_Gien0.g1t
action/weapon/model/W102_Kanpei0.g1t
action/weapon/model/W105_Houtou0.g1t
action/weapon/model/W108_Toutaku0.g1t
action/weapon/model/W111_Enshou0.g1t
action/weapon/model/W114_Choukaku0.g1t
action/weapon/model/W117_Shinki0.g1t
action/weapon/model/W120_Shoukyou0.g1t
action/weapon/model/W123_Getsuei0.g1t
action/weapon/model/W126_GeneralSword0.g1t
action/weapon/model/W129_GeneralKatana0.g1t
action/weapon/model/W132_GeneralSpear0.g1t
action/weapon/model/W135_GeneralHalberd0.g1t
action/weapon/model/W138_GeneralHeavy0.g1t
action/weapon/model/W141_GeneralStaff0.g1t
action/weapon/model/W144_SoldierSword0.g1t
action/weapon/model/W147_SoldierRapier0.g1t
action/weapon/model/W150_SoldierSpear0.g1t
action/weapon/model/W153_SoldierHalberd0.g1t
action/weapon/model/W156_SoldierBow0.g1t
action/weapon/model/W159_SoldierBowgun0.g1t
action/weapon/model/W162_Arrow0.g1t
action/weapon/model/W165_Hammer0.g1t
action/weapon/model/W168_Ladder0.g1t
action/weapon/model/W171_Shield0.g1t
action/weapon/model/W174_Rock_Small0.g1t
action/weapon/model/W177_BallistaArrow0.g1t
action/weapon/model/W180_Shibai0.g1t
action/weapon/model/W181_Shibai1.g1t
action/weapon/model/W182_Shibai2.g1t
action/weapon/model/W183_Oar0.g1t
action/weapon/model/W186_Rock_Middle0.g1t
action/weapon/model/W189_Rock_Big0.g1t
action/weapon/model/F000_Flag0.g1t
action/weapon/model/F001_Flag1.g1t
action/weapon/model/F002_Flag2.g1t
action/weapon/model/F003_Flag3.g1t
action/weapon/model/F004_Flag4.g1t
action/weapon/model/F005_Flag5.g1t
action/weapon/model/F006_Flag6.g1t
action/weapon/model/F007_Flag7.g1t
action/weapon/model/F008_Flag8.g1t
action/weapon/model/F009_Flag9.g1t
action/weapon/model/F010_Flag10.g1t
action/weapon/model/F011_Flag11.g1t
action/weapon/model/F012_Flag12.g1t
action/weapon/model/F013_Flag13.g1t
action/weapon/model/F014_Flag14.g1t
action/weapon/model/F015_Flag15.g1t
action/weapon/model/F016_Flag16.g1t
action/weapon/model/F017_Flag17.g1t
action/weapon/model/flag-S-blue.g1t
action/weapon/model/flag-S-red.g1t
action/weapon/model/flag-S-yellow.g1t
action/weapon/model/flag-LL-blue.g1t
action/weapon/model/flag-LL-red.g1t
action/weapon/model/flag-LL-yellow.g1t
action/weapon/model/WeaponData.bin
action/weapon/model/WeaponModelData.bin
action/location/WinCamera00.bin
action/location/WinCamera01.bin
action/location/WinCamera02.bin
action/location/WinCamera03.bin
action/location/WinCamera04.bin
action/location/WinCamera05.bin
action/location/WinCamera06.bin
action/location/WinCamera07.bin
action/location/WinCamera08.bin
action/location/WinCamera09.bin
action/location/WinCamera10.bin
action/location/WinCamera11.bin
action/location/WinCamera12.bin
action/location/WinCamera13.bin
action/location/WinCamera14.bin
action/location/WinCamera15.bin
action/location/WinCamera16.bin
action/location/WinCamera17.bin
action/location/WinCamera18.bin
action/location/WinCamera19.bin
action/location/WinCamera20.bin
action/location/WinCamera21.bin
action/location/WinCamera22.bin
action/item/item.bin
action/unit/motion/BulletData.bin
effect/effg1s_3_0.bin
effect/effg1s_3_0idx.bin
effect/effg1s_2_0.bin
effect/effg1s_2_0idx.bin
effect/copydepth.fpo
sound/voice/voice.bin