other/CharaDX9.g1s
other/CharaClothDX9.g1s
other/ObjectDX9.g1s
other/ObjectShadowReceiveDX9.g1s
other/FarDX9.g1s
other/LandmarkDX9.g1s
other/Ground1DX9.g1s
other/Ground1NSDX9.g1s
other/GroundLive1DX9.g1s
other/ShadowMapDX9.g1s
other/BriefingDX9.g1s
other/WaterDX9.g1s
other/Chara_2_0_DX9.g1s
other/CharaCloth_2_0_DX9.g1s
other/Object_2_0_DX9.g1s
other/ObjectShadowReceive_2_0_DX9.g1s
other/Far_2_0_DX9.g1s
other/Landmark_2_0_DX9.g1s
other/Ground1_2_0_DX9.g1s
other/Ground1NS_2_0_DX9.g1s
other/GroundLive1_2_0_DX9.g1s
other/ShadowMap_2_0_DX9.g1s
other/Briefing_2_0_DX9.g1s
other/Water_2_0_DX9.g1s
other/Chara_1_1_DX9.g1s
other/Object_1_1_DX9.g1s
other/Far_1_1_DX9.g1s
other/Landmark_1_1_DX9.g1s
other/Ground1_1_1_DX9.g1s
other/GroundLive1_1_1_DX9.g1s
other/Briefing_1_1_DX9.g1s
other/Water_1_1_DX9.g1s
etc/dbfont.g1t
etc/SJIS.g1t
etc/rubi.g1t
sw2_us/etc/usa_font.g1t
etc/dolby.g1t
etc/titlesky.g1t
sw2_us/etc/title.tl
etc/title_chara.tl
sw2_us/etc/charasel.tl
sw2_us/etc/stagesel.tl
etc/face.tl
sw2_us/etc/cmn.tl
sw2_us/etc/logo.g1t
etc/face_plt/plt_battle_face_00.g1t
etc/face_plt/plt_battle_face_01.g1t
etc/face_plt/plt_battle_face_02.g1t
etc/face_plt/plt_battle_face_03.g1t
etc/face_plt/plt_battle_face_05.g1t
etc/face_plt/plt_battle_face_06.g1t
etc/face_plt/plt_battle_face_07.g1t
etc/face_plt/plt_battle_face_09.g1t
etc/face_plt/plt_battle_face_10.g1t
etc/face_plt/plt_battle_face_11.g1t
etc/face_plt/plt_battle_face_12.g1t
etc/face_plt/plt_battle_face_13.g1t
etc/face_plt/plt_battle_face_14.g1t
etc/face_plt/plt_battle_face_15.g1t
etc/face_plt/plt_battle_face_17.g1t
etc/face_plt/plt_battle_face_18.g1t
etc/face_plt/plt_battle_face_19.g1t
etc/face_plt/plt_battle_face_20.g1t
etc/face_plt/plt_battle_face_21.g1t
etc/face_plt/plt_battle_face_22.g1t
etc/face_plt/plt_battle_face_23.g1t
etc/face_plt/plt_battle_face_24.g1t
etc/face_plt/plt_battle_face_25.g1t
etc/face_plt/plt_battle_face_26.g1t
etc/face_plt/plt_battle_face_27.g1t
etc/face_plt/plt_battle_face_28.g1t
sw2_us/etc/sysmes.bin
sw2_us/etc/unitbase.bin
etc/stage.bin
sw2_us/etc/scenario.bin
sw2_us/etc/BRIEFING_VER_B.tl
etc/CHARA_STILL.tl
etc/HORSE_STILL.tl

sw2_us/etc/RESULT.tl
sw2_us/etc/Networkpb.tl
etc/WEAPON_STILL.tl
sw2_us/etc/SHOP.tl
sw2_us/etc/CONFIG.tl
etc/mrk_live_wait2.g1t
sw2_us/etc/Network.tl
sw2_us/etc/Networkbf.tl
sw2_us/etc/NetworkBattle.tl
sw2_us/etc/BRIEFING_TMP.tl
sw2_us/etc/CMN_LETTER.tl
sw2_us/etc/mugen.tl
sw2_us/etc/mugen2.tl

etc/RelayCamera.dat
etc/ObjAction.bin
sw2_us/etc/TREASURES.tl
sw2_us/etc/TRE_CHARA_PARTS.tl
etc/dictionary.tl
sw2_us/etc/MOVIE_STILL.tl
sw2_us/etc/questname.tl
etc/GUARD_STILL.tl
etc/TRE_CHARA_STILL.tl
etc/stage_still/stl_sengo_stg_00.g1t
etc/stage_still/stl_sengo_stg_01.g1t
etc/stage_still/stl_sengo_stg_02.g1t
etc/stage_still/stl_sengo_stg_03.g1t
etc/stage_still/stl_sengo_stg_04.g1t
etc/stage_still/stl_sengo_stg_05.g1t
etc/stage_still/stl_sengo_stg_06.g1t
etc/stage_still/stl_sengo_stg_07.g1t
etc/stage_still/stl_sengo_stg_08.g1t
etc/stage_still/stl_sengo_stg_09.g1t
etc/stage_still/stl_sengo_stg_10.g1t
etc/stage_still/stl_sengo_stg_11.g1t
etc/stage_still/stl_sengo_stg_12.g1t
etc/stage_still/stl_sengo_stg_13_00.g1t
etc/stage_still/stl_sengo_stg_13_01.g1t
etc/stage_still/stl_sengo_stg_14.g1t
etc/stage_still/stl_sengo_stg_15.g1t
etc/stage_still/stl_sengo_stg_16.g1t
etc/stage_still/stl_sengo_stg_17.g1t
etc/stage_still/stl_sengo_stg_18.g1t
etc/stage_still/stl_sengo_stg_19_01.g1t
etc/stage_still/stl_sengo_stg_19_02.g1t
etc/stage_still/stl_sengo_stg_20.g1t
etc/stage_still/stl_sengo_stg_22_mugen.g1t
sw2_us/etc/chapter_still/moji_opning_00.g1t
sw2_us/etc/chapter_still/moji_opning_01.g1t
sw2_us/etc/chapter_still/moji_opning_02.g1t
sw2_us/etc/chapter_still/moji_opning_03.g1t
sw2_us/etc/chapter_still/moji_opning_05.g1t
sw2_us/etc/chapter_still/moji_opning_06.g1t
sw2_us/etc/chapter_still/moji_opning_09.g1t
sw2_us/etc/chapter_still/moji_opning_10.g1t
sw2_us/etc/chapter_still/moji_opning_11.g1t
sw2_us/etc/chapter_still/moji_opning_12.g1t
sw2_us/etc/chapter_still/moji_opning_13.g1t
sw2_us/etc/chapter_still/moji_opning_15.g1t
sw2_us/etc/chapter_still/moji_opning_17.g1t
sw2_us/etc/chapter_still/moji_opning_18.g1t
sw2_us/etc/chapter_still/moji_opning_19.g1t
sw2_us/etc/chapter_still/moji_opning_20.g1t
sw2_us/etc/chapter_still/moji_opning_21.g1t
sw2_us/etc/chapter_still/moji_opning_22.g1t
sw2_us/etc/chapter_still/moji_opning_23.g1t
sw2_us/etc/chapter_still/moji_opning_24.g1t
sw2_us/etc/chapter_still/moji_opning_25.g1t
sw2_us/etc/chapter_still/moji_opning_26.g1t
sw2_us/etc/chapter_still/moji_opning_27.g1t
sw2_us/etc/chapter_still/moji_opning_28.g1t
etc/chapter_still/stl_opening_black.g1t
etc/chapter_still/stl_opening_image_00.g1t
etc/chapter_still/stl_opening_image_01.g1t
etc/chapter_still/stl_opening_image_02.g1t
etc/chapter_still/stl_opening_image_03.g1t
etc/chapter_still/stl_opening_image_05.g1t
etc/chapter_still/stl_opening_image_06.g1t
etc/chapter_still/stl_opening_image_07.g1t
etc/chapter_still/stl_opening_image_09.g1t
etc/chapter_still/stl_opening_image_10.g1t
etc/chapter_still/stl_opening_image_11.g1t
etc/chapter_still/stl_opening_image_12.g1t
etc/chapter_still/stl_opening_image_13.g1t
etc/chapter_still/stl_opening_image_14.g1t
etc/chapter_still/stl_opening_image_15.g1t
etc/chapter_still/stl_opening_image_17.g1t
etc/chapter_still/stl_opening_image_18.g1t
etc/chapter_still/stl_opening_image_19.g1t
etc/chapter_still/stl_opening_image_20.g1t
etc/chapter_still/stl_opening_image_21.g1t
etc/chapter_still/stl_opening_image_22.g1t
etc/chapter_still/stl_opening_image_23.g1t
etc/chapter_still/stl_opening_image_24.g1t
etc/chapter_still/stl_opening_image_25.g1t
etc/chapter_still/stl_opening_image_26.g1t
etc/chapter_still/stl_opening_image_27.g1t
etc/chapter_still/stl_opening_image_28.g1t
sw2_us/etc/NowLoading/stage00.bin
sw2_us/etc/NowLoading/stage01.bin
sw2_us/etc/NowLoading/stage02.bin
sw2_us/etc/NowLoading/stage03.bin
sw2_us/etc/NowLoading/stage04.bin
sw2_us/etc/NowLoading/stage05.bin
sw2_us/etc/NowLoading/stage06.bin
sw2_us/etc/NowLoading/stage07.bin
sw2_us/etc/NowLoading/stage08.bin
sw2_us/etc/NowLoading/stage09.bin
sw2_us/etc/NowLoading/stage10.bin
sw2_us/etc/NowLoading/stage11.bin
sw2_us/etc/NowLoading/stage12.bin
sw2_us/etc/NowLoading/stage13.bin
sw2_us/etc/NowLoading/stage14.bin
sw2_us/etc/NowLoading/stage15.bin
sw2_us/etc/NowLoading/stage16.bin
sw2_us/etc/NowLoading/stage17.bin
sw2_us/etc/NowLoading/stage18.bin
sw2_us/etc/NowLoading/stage19a.bin
sw2_us/etc/NowLoading/stage20.bin
sw2_us/etc/NowLoading/stage19b.bin
sw2_us/etc/NowLoading/Mugenjou.bin
sw2_us/etc/NowLoading/Sugo6.bin
sw2_us/etc/NowLoading/stage13b.bin
sw2_us/etc/NowLoading/loading_character_00.g1t
sw2_us/etc/NowLoading/loading_character_01.g1t
sw2_us/etc/NowLoading/loading_character_02.g1t
sw2_us/etc/NowLoading/loading_character_03.g1t
sw2_us/etc/NowLoading/loading_character_05.g1t
sw2_us/etc/NowLoading/loading_character_06.g1t
sw2_us/etc/NowLoading/loading_character_07.g1t
sw2_us/etc/NowLoading/loading_character_09.g1t
sw2_us/etc/NowLoading/loading_character_10.g1t
sw2_us/etc/NowLoading/loading_character_11.g1t
sw2_us/etc/NowLoading/loading_character_12.g1t
sw2_us/etc/NowLoading/loading_character_13.g1t
sw2_us/etc/NowLoading/loading_character_14.g1t
sw2_us/etc/NowLoading/loading_character_15.g1t
sw2_us/etc/NowLoading/loading_character_17.g1t
sw2_us/etc/NowLoading/loading_character_18.g1t
sw2_us/etc/NowLoading/loading_character_19.g1t
sw2_us/etc/NowLoading/loading_character_20.g1t
sw2_us/etc/NowLoading/loading_character_21.g1t
sw2_us/etc/NowLoading/loading_character_22.g1t
sw2_us/etc/NowLoading/loading_character_23.g1t
sw2_us/etc/NowLoading/loading_character_24.g1t
sw2_us/etc/NowLoading/loading_character_25.g1t
sw2_us/etc/NowLoading/loading_character_26.g1t
sw2_us/etc/NowLoading/loading_character_27.g1t
sw2_us/etc/NowLoading/loading_character_28.g1t
sw2_us/etc/PlayerDead/00.dat
sw2_us/etc/PlayerDead/01.dat
sw2_us/etc/PlayerDead/02.dat
sw2_us/etc/PlayerDead/03.dat
sw2_us/etc/PlayerDead/04.dat
sw2_us/etc/PlayerDead/05.dat
sw2_us/etc/PlayerDead/06.dat
sw2_us/etc/PlayerDead/07.dat
sw2_us/etc/PlayerDead/08.dat
sw2_us/etc/PlayerDead/09.dat
sw2_us/etc/PlayerDead/10.dat
sw2_us/etc/PlayerDead/11.dat
sw2_us/etc/PlayerDead/12.dat
sw2_us/etc/PlayerDead/13.dat
sw2_us/etc/PlayerDead/14.dat
sw2_us/etc/PlayerDead/15.dat
sw2_us/etc/PlayerDead/16.dat
sw2_us/etc/PlayerDead/17.dat
sw2_us/etc/PlayerDead/18.dat
sw2_us/etc/PlayerDead/19.dat
sw2_us/etc/PlayerDead/20.dat
sw2_us/etc/PlayerDead/21.dat
sw2_us/etc/PlayerDead/22.dat
sw2_us/etc/PlayerDead/23.dat
sw2_us/etc/PlayerDead/24.dat
sw2_us/etc/PlayerDead/25.dat
sw2_us/etc/PlayerDead/xboxlive/xlive_dead00.dat
sw2_us/etc/PlayerDead/xboxlive/xlive_dead01.dat
sw2_us/etc/PlayerDead/xboxlive/xlive_dead02.dat
sw2_us/etc/PlayerDead/xboxlive/xlive_dead03.dat
sw2_us/etc/PlayerDead/xboxlive/xlive_dead04.dat
sw2_us/etc/PlayerDead/xboxlive/xlive_dead05.dat
sw2_us/etc/PlayerDead/xboxlive/xlive_dead06.dat
sw2_us/etc/PlayerDead/xboxlive/xlive_dead07.dat
sw2_us/etc/PlayerDead/xboxlive/xlive_dead08.dat
sw2_us/etc/PlayerDead/xboxlive/xlive_dead09.dat
sw2_us/etc/PlayerDead/xboxlive/xlive_dead10.dat
sw2_us/etc/PlayerDead/xboxlive/xlive_dead11.dat
sw2_us/etc/PlayerDead/xboxlive/xlive_dead12.dat
sw2_us/etc/PlayerDead/xboxlive/xlive_dead13.dat
sw2_us/etc/PlayerDead/xboxlive/xlive_dead14.dat
sw2_us/etc/PlayerDead/xboxlive/xlive_dead15.dat
sw2_us/etc/PlayerDead/xboxlive/xlive_dead16.dat
sw2_us/etc/PlayerDead/xboxlive/xlive_dead17.dat
sw2_us/etc/PlayerDead/xboxlive/xlive_dead18.dat
sw2_us/etc/PlayerDead/xboxlive/xlive_dead19.dat
sw2_us/etc/PlayerDead/xboxlive/xlive_dead20.dat
sw2_us/etc/PlayerDead/xboxlive/xlive_dead21.dat
sw2_us/etc/PlayerDead/xboxlive/xlive_dead22.dat
sw2_us/etc/PlayerDead/xboxlive/xlive_dead23.dat
sw2_us/etc/PlayerDead/xboxlive/xlive_dead24.dat
sw2_us/etc/PlayerDead/xboxlive/xlive_dead25.dat
sugoroku/sugosky.g1t
sw2_us/sugoroku/sugoroku.tl
sugoroku/sugowat.g1t
sugoroku/sugomodel.tl
sw2_us/sugoroku/sugo_still_00.tl
sw2_us/sugoroku/sugo_still_01.tl
sw2_us/sugoroku/sugo_still_02.tl
sw2_us/sugoroku/sugo_still_03.tl
sw2_us/sugoroku/sugo_still_05.tl
sw2_us/sugoroku/sugo_still_06.tl
sw2_us/sugoroku/sugo_still_07.tl
sw2_us/sugoroku/sugo_still_09.tl
sw2_us/sugoroku/sugo_still_10.tl
sw2_us/sugoroku/sugo_still_11.tl
sw2_us/sugoroku/sugo_still_12.tl
sw2_us/sugoroku/sugo_still_13.tl
sw2_us/sugoroku/sugo_still_14.tl
sw2_us/sugoroku/sugo_still_15.tl
sw2_us/sugoroku/sugo_still_17.tl
sw2_us/sugoroku/sugo_still_18.tl
sw2_us/sugoroku/sugo_still_19.tl
sw2_us/sugoroku/sugo_still_20.tl
sw2_us/sugoroku/sugo_still_21.tl
sw2_us/sugoroku/sugo_still_22.tl
sw2_us/sugoroku/sugo_still_23.tl
sw2_us/sugoroku/sugo_still_24.tl
sw2_us/sugoroku/sugo_still_25.tl
sw2_us/sugoroku/sugo_still_26.tl
sw2_us/sugoroku/sugo_still_27.tl
sw2_us/sugoroku/sugo_still_28.tl







sw2_us/sound/vo_des.bin
minimap/stage000.g1t
minimap/stage001.g1t
minimap/stage002.g1t
minimap/stage003.g1t
minimap/stage004.g1t
minimap/stage005.g1t
minimap/stage006.g1t
minimap/stage007.g1t
minimap/stage008.g1t
minimap/stage009.g1t
minimap/stage010.g1t
minimap/stage011.g1t
minimap/stage012.g1t
minimap/stage013.g1t
minimap/stage014.g1t
minimap/stage015.g1t
minimap/stage016.g1t
minimap/stage017.g1t
minimap/stage018.g1t
minimap/stage019.g1t
minimap/stage020.g1t
minimap/stage040.g1t
minimap/stage100.g1t
minimap/stage101.g1t
minimap/stage102.g1t
minimap/stage103.g1t
minimap/stage104.g1t
minimap/stage105.g1t
minimap/stage106.g1t
minimap/stage107.g1t
minimap/stage108.g1t
minimap/stage109.g1t
minimap/stage110.g1t
minimap/stage111.g1t
minimap/stage112.g1t
minimap/stage113.g1t
minimap/stage114.g1t
minimap/stage115.g1t
minimap/stage116.g1t
minimap/stage117.g1t
minimap/stage118.g1t
minimap/stage119.g1t
minimap/stage120.g1t
minimap/stage121.g1t
minimap/stage122.g1t
minimap/stage123.g1t
minimap/stage124.g1t
minimap/stage125.g1t
minimap/stage126.g1t
minimap/stage127.g1t
minimap/stage128.g1t
minimap/stage129.g1t
minimap/stage130.g1t
minimap/stage131.g1t
minimap/stage132.g1t
minimap/stage133.g1t
minimap/stage134.g1t
minimap/stage135.g1t
minimap/stage136.g1t
minimap/stage137.g1t
minimap/stage138.g1t
minimap/stage139.g1t
minimap/stage140.g1t
minimap/stage141.g1t
minimap/stage142.g1t
minimap/stage143.g1t
minimap/stage144.g1t
minimap/stage145.g1t
minimap/stage146.g1t
minimap/stage147.g1t
minimap/stage148.g1t
minimap/stage149.g1t
minimap/stage150.g1t
minimap/stage151.g1t
minimap/stage152.g1t
minimap/stage153.g1t
minimap/stage154.g1t
minimap/stage155.g1t
minimap/stage156.g1t
minimap/stage157.g1t
minimap/stage158.g1t
minimap/stage159.g1t
minimap/stage160.g1t
minimap/stage161.g1t
minimap/stage162.g1t
minimap/stage163.g1t
minimap/stage999.g1t
Action/mdlparam.bin
Action/equip_data.bin
Action/w_model_data.bin
Action/hand.g1a


CommonModel/Horse.g1t
CommonModel/Horse_p.g1t
CommonModel/Horse_p00.g1m
CommonModel/Horse_p01.g1m
CommonModel/Horse_p02.g1m
CommonModel/Horse_p03.g1m
CommonModel/Horse_p04.g1m
CommonModel/Horse_p05.g1m
CommonModel/Horse_p06.g1m
CommonModel/Horse_p07.g1m
CommonModel/Horse_p08.g1m
CommonModel/Horse_p09.g1m
CommonModel/Horse_p10.g1m
CommonModel/Horse_p11.g1m
CommonModel/Horse_p12.g1m
CommonModel/Horse_p13.g1m
CommonModel/Horse_p14.g1m
CommonModel/Horse_p15.g1m
CommonModel/Horse_p16.g1m
CommonModel/Horse.g1t
CommonModel/Horse.g1m
PackedDataA/Model/dummy.dat
PackedDataA/Model/dummy.dat
PackedDataA/Model/dummy.dat
PackedDataA/Model/L00_yukimura.g1t
PackedDataA/Model/L00_yukimura.g1m
PackedDataA/Model/L00_FACE.g1a
PackedDataA/Model/OGS00_00.pac
PackedDataA/Model/OGE00_00.pac
PackedDataA/Model/L01_keiji.g1t
PackedDataA/Model/L01_keiji.g1m
PackedDataA/Model/L01_FACE.g1a
PackedDataA/Model/OGS01_00.pac
PackedDataA/Model/OGE01_00.pac
PackedDataA/Model/L02_nobunaga.g1t
PackedDataA/Model/L02_nobunaga.g1m
PackedDataA/Model/L02_FACE.g1a
PackedDataA/Model/OGS02_00.pac
PackedDataA/Model/OGE02_00.pac
PackedDataA/Model/L03_mitsuhide.g1t
PackedDataA/Model/L03_mitsuhide.g1m
PackedDataA/Model/L03_FACE.g1a
PackedDataA/Model/OGS03_00.pac
PackedDataA/Model/OGE03_00.pac
PackedDataA/Model/L05_kenshin.g1t
PackedDataA/Model/L05_kenshin.g1m
PackedDataA/Model/L05_FACE.g1a
PackedDataA/Model/OGS05_00.pac
PackedDataA/Model/OGE05_00.pac
PackedDataA/Model/L06_oichi.g1t
PackedDataA/Model/L06_oichi.g1m
PackedDataA/Model/L06_FACE.g1a
PackedDataA/Model/OGS06_00.pac
PackedDataA/Model/OGE06_00.pac
PackedDataA/Model/L07_okuni.g1t
PackedDataA/Model/L07_okuni.g1m
PackedDataA/Model/L07_FACE.g1a
PackedDataA/Model/OGS07_00.pac
PackedDataA/Model/OGE07_00.pac
PackedDataA/Model/L09_magoichi.g1t
PackedDataA/Model/L09_magoichi.g1m
PackedDataA/Model/L09_FACE.g1a
PackedDataA/Model/OGS09_00.pac
PackedDataA/Model/OGE09_00.pac
PackedDataA/Model/L10_shingen.g1t
PackedDataA/Model/L10_shingen.g1m
PackedDataA/Model/L10_FACE.g1a
PackedDataA/Model/OGS10_00.pac
PackedDataA/Model/OGE10_00.pac
PackedDataA/Model/L11_masamune.g1t
PackedDataA/Model/L11_masamune.g1m
PackedDataA/Model/L11_FACE.g1a
PackedDataA/Model/OGS11_00.pac
PackedDataA/Model/OGE11_00.pac
PackedDataA/Model/L12_nouhime.g1t
PackedDataA/Model/L12_nouhime.g1m
PackedDataA/Model/L12_FACE.g1a
PackedDataA/Model/OGS12_00.pac
PackedDataA/Model/OGE12_00.pac
PackedDataA/Model/L13_hanzo.g1t
PackedDataA/Model/L13_hanzo.g1m
PackedDataA/Model/L13_FACE.g1a
PackedDataA/Model/OGS13_00.pac
PackedDataA/Model/OGE13_00.pac
PackedDataA/Model/L14_rammaru.g1t
PackedDataA/Model/L14_rammaru.g1m
PackedDataA/Model/L14_FACE.g1a
PackedDataA/Model/OGS14_00.pac
PackedDataA/Model/OGE14_00.pac
PackedDataA/Model/L36_hideyoshi.g1t
PackedDataA/Model/L36_hideyoshi.g1m
PackedDataA/Model/L36_FACE.g1a
PackedDataA/Model/OGS15_00.pac
PackedDataA/Model/OGE15_00.pac
PackedDataA/Model/L38_tadakatsu.g1t
PackedDataA/Model/L38_tadakatsu.g1m
PackedDataA/Model/L38_FACE.g1a
PackedDataA/Model/OGS17_00.pac
PackedDataA/Model/OGE17_00.pac
PackedDataA/Model/L39_inahime.g1t
PackedDataA/Model/L39_inahime.g1m
PackedDataA/Model/L39_FACE.g1a
PackedDataA/Model/OGS18_00.pac
PackedDataA/Model/OGE18_00.pac
PackedDataA/Model/L40_ieyasu.g1t
PackedDataA/Model/L40_ieyasu.g1m
PackedDataA/Model/L40_FACE.g1a
PackedDataA/Model/OGS19_00.pac
PackedDataA/Model/OGE19_00.pac
PackedDataA/Model/L41_mitsunari.g1t
PackedDataA/Model/L41_mitsunari.g1m
PackedDataA/Model/L41_FACE.g1a
PackedDataA/Model/OGS20_00.pac
PackedDataA/Model/OGE20_00.pac
PackedDataA/Model/L42_nagamasa.g1t
PackedDataA/Model/L42_nagamasa.g1m
PackedDataA/Model/L42_FACE.g1a
PackedDataA/Model/OGS21_00.pac
PackedDataA/Model/OGE21_00.pac
PackedDataA/Model/L43_sakon.g1t
PackedDataA/Model/L43_sakon.g1m
PackedDataA/Model/L43_FACE.g1a
PackedDataA/Model/OGS22_00.pac
PackedDataA/Model/OGE22_00.pac
PackedDataA/Model/L44_yoshihiro.g1t
PackedDataA/Model/L44_yoshihiro.g1m
PackedDataA/Model/L44_FACE.g1a
PackedDataA/Model/OGS23_00.pac
PackedDataA/Model/OGE23_00.pac
PackedDataA/Model/L45_ginchiyo.g1t
PackedDataA/Model/L45_ginchiyo.g1m
PackedDataA/Model/L45_FACE.g1a
PackedDataA/Model/OGS24_00.pac
PackedDataA/Model/OGE24_00.pac
PackedDataA/Model/L46_kanetsugu.g1t
PackedDataA/Model/L46_kanetsugu.g1m
PackedDataA/Model/L46_FACE.g1a
PackedDataA/Model/OGS25_00.pac
PackedDataA/Model/OGE25_00.pac
PackedDataA/Model/L47_nene.g1t
PackedDataA/Model/L47_nene.g1m
PackedDataA/Model/L47_FACE.g1a
PackedDataA/Model/OGS26_00.pac
PackedDataA/Model/OGE26_00.pac
PackedDataA/Model/L48_kotaro.g1t
PackedDataA/Model/L48_kotaro.g1m
PackedDataA/Model/L48_FACE.g1a
PackedDataA/Model/OGS27_00.pac
PackedDataA/Model/OGE27_00.pac
PackedDataA/Model/L49_musashi.g1t
PackedDataA/Model/L49_musashi.g1m
PackedDataA/Model/L49_FACE.g1a
PackedDataA/Model/OGS28_00.pac
PackedDataA/Model/OGE28_00.pac
PackedDataA/Model/L100_kojiro.g1t
PackedDataA/Model/L100_kojiro.g1m
PackedDataA/Model/L100_FACE.g1a
PackedDataA/Model/dummy.dat
PackedDataA/Model/dummy.dat
PackedDataA/Model/L101_katsuie.g1t
PackedDataA/Model/L101_katsuie.g1m
PackedDataA/Model/L101_FACE.g1a
PackedDataA/Model/dummy.dat
PackedDataA/Model/dummy.dat
PackedDataA/Model/L200_boss1.g1t
PackedDataA/Model/L200_boss1.g1m
PackedDataA/Model/L200_FACE.g1a
PackedDataA/Model/dummy.dat
PackedDataA/Model/dummy.dat
PackedDataA/Model/L201_boss2.g1t
PackedDataA/Model/L201_boss2.g1m
PackedDataA/Model/L201_FACE.g1a
PackedDataA/Model/dummy.dat
PackedDataA/Model/dummy.dat
PackedDataA/Model/L202_boss3.g1t
PackedDataA/Model/L202_boss3.g1m
PackedDataA/Model/L202_FACE.g1a
PackedDataA/Model/dummy.dat
PackedDataA/Model/dummy.dat
PackedDataA/Model/L203_boss4.g1t
PackedDataA/Model/L203_boss4.g1m
PackedDataA/Model/L203_FACE.g1a
PackedDataA/Model/dummy.dat
PackedDataA/Model/dummy.dat
PackedDataA/Model/L204_boss5.g1t
PackedDataA/Model/L204_boss5.g1m
PackedDataA/Model/L204_FACE.g1a
PackedDataA/Model/dummy.dat
PackedDataA/Model/dummy.dat
PackedDataA/Model/L205_boss6.g1t
PackedDataA/Model/L205_boss6.g1m
PackedDataA/Model/L205_FACE.g1a
PackedDataA/Model/dummy.dat
PackedDataA/Model/dummy.dat
PackedDataA/Model/L250_SOLDIER1.g1t
PackedDataA/Model/L250_SOLDIER1.g1m
PackedDataA/Model/dummy.dat
PackedDataA/Model/dummy.dat
PackedDataA/Model/dummy.dat
PackedDataA/Model/L251_SOLDIER2.g1t
PackedDataA/Model/L251_SOLDIER2.g1m
PackedDataA/Model/dummy.dat
PackedDataA/Model/dummy.dat
PackedDataA/Model/dummy.dat
PackedDataA/Model/L252_SOLDIER3.g1t
PackedDataA/Model/L252_SOLDIER3.g1m
PackedDataA/Model/dummy.dat
PackedDataA/Model/dummy.dat
PackedDataA/Model/dummy.dat
PackedDataA/Model/L253_SOLDIER4.g1t
PackedDataA/Model/L253_SOLDIER4.g1m
PackedDataA/Model/dummy.dat
PackedDataA/Model/dummy.dat
PackedDataA/Model/dummy.dat
PackedDataA/Model/L254_SOLDIER5.g1t
PackedDataA/Model/L254_SOLDIER5.g1m
PackedDataA/Model/dummy.dat
PackedDataA/Model/dummy.dat
PackedDataA/Model/dummy.dat
PackedDataA/Model/L255_ARCHER.g1t
PackedDataA/Model/L255_ARCHER.g1m
PackedDataA/Model/dummy.dat
PackedDataA/Model/dummy.dat
PackedDataA/Model/dummy.dat
PackedDataA/Model/L256_GUNNER.g1t
PackedDataA/Model/L256_GUNNER.g1m
PackedDataA/Model/dummy.dat
PackedDataA/Model/dummy.dat
PackedDataA/Model/dummy.dat
PackedDataA/Model/L257_NINJA1.g1t
PackedDataA/Model/L257_NINJA1.g1m
PackedDataA/Model/dummy.dat
PackedDataA/Model/dummy.dat
PackedDataA/Model/dummy.dat
PackedDataA/Model/L258_NINJA2.g1t
PackedDataA/Model/L258_NINJA2.g1m
PackedDataA/Model/dummy.dat
PackedDataA/Model/dummy.dat
PackedDataA/Model/dummy.dat
PackedDataA/Model/L259_NOUMIN.g1t
PackedDataA/Model/L259_NOUMIN.g1m
PackedDataA/Model/dummy.dat
PackedDataA/Model/dummy.dat
PackedDataA/Model/dummy.dat
PackedDataA/Model/L260_KYUSHU1.g1t
PackedDataA/Model/L260_KYUSHU1.g1m
PackedDataA/Model/dummy.dat
PackedDataA/Model/dummy.dat
PackedDataA/Model/dummy.dat
PackedDataA/Model/L261_KYUSHU2.g1t
PackedDataA/Model/L261_KYUSHU2.g1m
PackedDataA/Model/dummy.dat
PackedDataA/Model/dummy.dat
PackedDataA/Model/dummy.dat
PackedDataA/Model/L262_TOTSUNIN.g1t
PackedDataA/Model/L262_TOTSUNIN.g1m
PackedDataA/Model/dummy.dat
PackedDataA/Model/dummy.dat
PackedDataA/Model/dummy.dat
PackedDataA/Model/L263_TOBININ.g1t
PackedDataA/Model/L263_TOBININ.g1m
PackedDataA/Model/dummy.dat
PackedDataA/Model/dummy.dat
PackedDataA/Model/dummy.dat
PackedDataA/Model/L264_SENNIN.g1t
PackedDataA/Model/L264_SENNIN.g1m
PackedDataA/Model/dummy.dat
PackedDataA/Model/dummy.dat
PackedDataA/Model/dummy.dat
PackedDataA/Model/L265_HAZENIN.g1t
PackedDataA/Model/L265_HAZENIN.g1m
PackedDataA/Model/dummy.dat
PackedDataA/Model/dummy.dat
PackedDataA/Model/dummy.dat
PackedDataA/Model/L266_NINJA3.g1t
PackedDataA/Model/L266_NINJA3.g1m
PackedDataA/Model/dummy.dat
PackedDataA/Model/dummy.dat
PackedDataA/Model/dummy.dat
PackedDataA/Model/L300_guard1.g1t
PackedDataA/Model/L300_guard1.g1m
PackedDataA/Model/dummy.dat
PackedDataA/Model/dummy.dat
PackedDataA/Model/dummy.dat
PackedDataA/Model/L301_guard2.g1t
PackedDataA/Model/L301_guard2.g1m
PackedDataA/Model/dummy.dat
PackedDataA/Model/dummy.dat
PackedDataA/Model/dummy.dat
PackedDataA/Model/L302_guard3.g1t
PackedDataA/Model/L302_guard3.g1m
PackedDataA/Model/dummy.dat
PackedDataA/Model/dummy.dat
PackedDataA/Model/dummy.dat
PackedDataA/Model/L303_guard4.g1t
PackedDataA/Model/L303_guard4.g1m
PackedDataA/Model/dummy.dat
PackedDataA/Model/dummy.dat
PackedDataA/Model/dummy.dat
PackedDataA/Model/L304_guard5.g1t
PackedDataA/Model/L304_guard5.g1m
PackedDataA/Model/dummy.dat
PackedDataA/Model/dummy.dat
PackedDataA/Model/dummy.dat
PackedDataA/Model/L305_guard6.g1t
PackedDataA/Model/L305_guard6.g1m
PackedDataA/Model/dummy.dat
PackedDataA/Model/dummy.dat
PackedDataA/Model/dummy.dat
PackedDataA/Model/dummy.dat
PackedDataA/Model/dummy.dat
PackedDataA/Model/dummy.dat
PackedDataA/Model/dummy.dat
PackedDataA/Model/dummy.dat
PackedDataA/Model/dummy.dat
PackedDataA/Model/dummy.dat
PackedDataA/Model/dummy.dat
PackedDataA/Model/dummy.dat
PackedDataA/Model/dummy.dat
PackedDataA/Model/dummy.dat
PackedDataA/Model/dummy.dat
PackedDataA/Model/dummy.dat
PackedDataA/Model/dummy.dat
PackedDataA/Model/dummy.dat
PackedDataA/Model/L05_kenshin_ghost.g1m
CommonModel/common_mot.pac
PackedDataA/Action/yukimura_act.pac
PackedDataA/Player/yukimura_p.pac
PackedDataA/Action/keiji_act.pac
PackedDataA/Player/keiji_p.pac
PackedDataA/Action/nobunaga_act.pac
PackedDataA/Player/nobunaga_p.pac
PackedDataA/Action/mitsuhide_act.pac
PackedDataA/Player/mitsuhide_p.pac
PackedDataA/Action/kenshin_act.pac
PackedDataA/Player/kenshin_p.pac
PackedDataA/Action/oichi_act.pac
PackedDataA/Player/oichi_p.pac
PackedDataA/Action/okuni_act.pac
PackedDataA/Player/okuni_p.pac
PackedDataA/Action/magoichi_act.pac
PackedDataA/Player/magoichi_p.pac
PackedDataA/Action/shingen_act.pac
PackedDataA/Player/shingen_p.pac
PackedDataA/Action/masamune_act.pac
PackedDataA/Player/masamune_p.pac
PackedDataA/Action/nouhime_act.pac
PackedDataA/Player/nouhime_p.pac
PackedDataA/Action/hanzo_act.pac
PackedDataA/Player/hanzo_p.pac
PackedDataA/Action/rammaru_act.pac
PackedDataA/Player/rammaru_p.pac
PackedDataA/Action/hideyoshi_act.pac
PackedDataA/Player/hideyoshi_p.pac
PackedDataA/Action/tadakatsu_act.pac
PackedDataA/Player/tadakatsu_p.pac
PackedDataA/Action/inahime_act.pac
PackedDataA/Player/inahime_p.pac
PackedDataA/Action/ieyasu_act.pac
PackedDataA/Player/ieyasu_p.pac
PackedDataA/Action/mitsunari_act.pac
PackedDataA/Player/mitsunari_p.pac
PackedDataA/Action/nagamasa_act.pac
PackedDataA/Player/nagamasa_p.pac
PackedDataA/Action/sakon_act.pac
PackedDataA/Player/sakon_p.pac
PackedDataA/Action/yoshihiro_act.pac
PackedDataA/Player/yoshihiro_p.pac
PackedDataA/Action/ginchiyo_act.pac
PackedDataA/Player/ginchiyo_p.pac
PackedDataA/Action/kanetsugu_act.pac
PackedDataA/Player/kanetsugu_p.pac
PackedDataA/Action/nene_act.pac
PackedDataA/Player/nene_p.pac
PackedDataA/Action/kotaro_act.pac
PackedDataA/Player/kotaro_p.pac
PackedDataA/Action/musashi_act.pac
PackedDataA/Player/musashi_p.pac
PackedDataA/Action/guard1M_act.pac
PackedDataA/Action/guard1W_act.pac
PackedDataA/Action/guard2M_act.pac
PackedDataA/Action/guard2W_act.pac
PackedDataA/Action/guard3_act.pac
PackedDataA/Action/guard4_act.pac
PackedDataA/Action/guard5_act.pac
PackedDataA/Action/guard6_act.pac
PackedDataA/Action/guard7_act.pac
PackedDataA/Action/guard8_act.pac
PackedDataA/Action/sword1_act.pac
PackedDataA/Action/sword2_act.pac
PackedDataA/Action/sword3_act.pac
PackedDataA/Action/sword4_act.pac
PackedDataA/Action/spear1_act.pac
PackedDataA/Action/spear2_act.pac
PackedDataA/Action/spear3_act.pac
PackedDataA/Action/spear4_act.pac
PackedDataA/Action/archer_act.pac
PackedDataA/Player/archer_p.pac
PackedDataA/Action/gunner_act.pac
PackedDataA/Player/gunner_p.pac
PackedDataA/Action/nagi1_act.pac
PackedDataA/Action/nagi2_act.pac
PackedDataA/Action/ninja1_act.pac
PackedDataA/Player/ninja1_p.pac
PackedDataA/Action/ninja2_act.pac
PackedDataA/Player/ninja2_p.pac
PackedDataA/Action/totsunin_act.pac
PackedDataA/Action/tobinin_act.pac
PackedDataA/Action/sennin_act.pac
PackedDataA/Action/bakunin_act.pac
PackedDataA/Action/horse_act.pac
PackedDataA/Action/tentei_act.pac
PackedDataA/Action/shou_act.pac
PackedDataA/Action/taihou_act.pac
PackedDataA/Action/shield_act.pac
PackedDataA/Action/goemon_act.pac
PackedDataA/Action/kunoichi_act.pac
PackedDataA/Action/yoshimoto_act.pac
Weapon/weapon_low_2.g1t
Weapon/w_yukimura0.g1t
Weapon/w_yukimura0.g1m
Weapon/w_yukimura1.g1t
Weapon/w_yukimura1.g1m
Weapon/w_yukimura2.g1t
Weapon/w_yukimura2.g1m
Weapon/w_yukimura3.g1t
Weapon/w_yukimura3.g1m
Weapon/w_keiji0.g1t
Weapon/w_keiji0.g1m
Weapon/w_keiji1.g1t
Weapon/w_keiji1.g1m
Weapon/w_keiji2.g1t
Weapon/w_keiji2.g1m
Weapon/w_keiji3.g1t
Weapon/w_keiji3.g1m
Weapon/w_nobunaga0.g1t
Weapon/w_nobunaga0.g1m
Weapon/w_nobunaga1.g1t
Weapon/w_nobunaga1.g1m
Weapon/w_nobunaga2.g1t
Weapon/w_nobunaga2.g1m
Weapon/w_nobunaga3.g1t
Weapon/w_nobunaga3.g1m
Weapon/w_mitsuhide0.g1t
Weapon/w_mitsuhideA0.g1m
Weapon/w_mitsuhide1.g1t
Weapon/w_mitsuhideA1.g1m
Weapon/w_mitsuhide2.g1t
Weapon/w_mitsuhideA2.g1m
Weapon/w_mitsuhide3.g1t
Weapon/w_mitsuhideA3.g1m
Weapon/w_kenshin0.g1t
Weapon/w_kenshin0.g1m
Weapon/w_kenshin1.g1t
Weapon/w_kenshin1.g1m
Weapon/w_kenshin2.g1t
Weapon/w_kenshin2.g1m
Weapon/w_kenshin3.g1t
Weapon/w_kenshin3.g1m
Weapon/w_oichi0.g1t
Weapon/w_oichiA0.g1m
Weapon/w_oichi1.g1t
Weapon/w_oichiA1.g1m
Weapon/w_oichi2.g1t
Weapon/w_oichiA2.g1m
Weapon/w_oichi3.g1t
Weapon/w_oichiA3.g1m
Weapon/w_oichiB0.g1m
Weapon/w_oichiB1.g1m
Weapon/w_oichiB2.g1m
Weapon/w_oichiB3.g1m
Weapon/w_okuni0.g1t
Weapon/w_okuni0.g1m
Weapon/w_okuni1.g1t
Weapon/w_okuni1.g1m
Weapon/w_okuni2.g1t
Weapon/w_okuni2.g1m
Weapon/w_okuni3.g1t
Weapon/w_okuni3.g1m
Weapon/w_magoichi0.g1t
Weapon/w_magoichi0.g1m
Weapon/w_magoichi1.g1t
Weapon/w_magoichi1.g1m
Weapon/w_magoichi2.g1t
Weapon/w_magoichi2.g1m
Weapon/w_magoichi3.g1t
Weapon/w_magoichi3.g1m
Weapon/w_shingen0.g1t
Weapon/w_shingen0.g1m
Weapon/w_shingen1.g1t
Weapon/w_shingen1.g1m
Weapon/w_shingen2.g1t
Weapon/w_shingen2.g1m
Weapon/w_shingen3.g1t
Weapon/w_shingen3.g1m
Weapon/w_masamuneA0.g1t
Weapon/w_masamuneA0.g1m
Weapon/w_masamuneA1.g1t
Weapon/w_masamuneA1.g1m
Weapon/w_masamuneA2.g1t
Weapon/w_masamuneA2.g1m
Weapon/w_masamuneA3.g1t
Weapon/w_masamuneA3.g1m
Weapon/w_nouhimeA0.g1t
Weapon/w_nouhimeA0.g1m
Weapon/w_nouhimeA1.g1t
Weapon/w_nouhimeA1.g1m
Weapon/w_nouhimeA2.g1t
Weapon/w_nouhimeA2.g1m
Weapon/w_nouhimeA3.g1t
Weapon/w_nouhimeA3.g1m
Weapon/w_hanzo0.g1t
Weapon/w_hanzoA0.g1m
Weapon/w_hanzo1.g1t
Weapon/w_hanzoA1.g1m
Weapon/w_hanzo2.g1t
Weapon/w_hanzoA2.g1m
Weapon/w_hanzo3.g1t
Weapon/w_hanzoA3.g1m
Weapon/w_hanzoB0.g1m
Weapon/w_hanzoB1.g1m
Weapon/w_hanzoB2.g1m
Weapon/w_hanzoB3.g1m
Weapon/w_rammaru0.g1t
Weapon/w_rammaruA0.g1m
Weapon/w_rammaru1.g1t
Weapon/w_rammaruA1.g1m
Weapon/w_rammaru2.g1t
Weapon/w_rammaruA2.g1m
Weapon/w_rammaru3.g1t
Weapon/w_rammaruA3.g1m
Weapon/w_hideyoshi0.g1t
Weapon/w_hideyoshi0.g1m
Weapon/w_hideyoshi1.g1t
Weapon/w_hideyoshi1.g1m
Weapon/w_hideyoshi2.g1t
Weapon/w_hideyoshi2.g1m
Weapon/w_hideyoshi3.g1t
Weapon/w_hideyoshi3.g1m
Weapon/w_tadakatsu0.g1t
Weapon/w_tadakatsu0.g1m
Weapon/w_tadakatsu1.g1t
Weapon/w_tadakatsu1.g1m
Weapon/w_tadakatsu2.g1t
Weapon/w_tadakatsu2.g1m
Weapon/w_tadakatsu3.g1t
Weapon/w_tadakatsu3.g1m
Weapon/w_inahime0.g1t
Weapon/w_inahimeA0.g1m
Weapon/w_inahime1.g1t
Weapon/w_inahimeA1.g1m
Weapon/w_inahime2.g1t
Weapon/w_inahimeA2.g1m
Weapon/w_inahime3.g1t
Weapon/w_inahimeA3.g1m
Weapon/w_ieyasu0.g1t
Weapon/w_ieyasu0.g1m
Weapon/w_ieyasu1.g1t
Weapon/w_ieyasu1.g1m
Weapon/w_ieyasu2.g1t
Weapon/w_ieyasu2.g1m
Weapon/w_ieyasu3.g1t
Weapon/w_ieyasu3.g1m
Weapon/w_mitsunari0.g1t
Weapon/w_mitsunari0.g1m
Weapon/w_mitsunari1.g1t
Weapon/w_mitsunari1.g1m
Weapon/w_mitsunari2.g1t
Weapon/w_mitsunari2.g1m
Weapon/w_mitsunari3.g1t
Weapon/w_mitsunari3.g1m
Weapon/w_nagamasa0.g1t
Weapon/w_nagamasa0.g1m
Weapon/w_nagamasa1.g1t
Weapon/w_nagamasa1.g1m
Weapon/w_nagamasa2.g1t
Weapon/w_nagamasa2.g1m
Weapon/w_nagamasa3.g1t
Weapon/w_nagamasa3.g1m
Weapon/w_sakon0.g1t
Weapon/w_sakon0.g1m
Weapon/w_sakon1.g1t
Weapon/w_sakon1.g1m
Weapon/w_sakon2.g1t
Weapon/w_sakon2.g1m
Weapon/w_sakon3.g1t
Weapon/w_sakon3.g1m
Weapon/w_yoshihiro0.g1t
Weapon/w_yoshihiro0.g1m
Weapon/w_yoshihiro1.g1t
Weapon/w_yoshihiro1.g1m
Weapon/w_yoshihiro2.g1t
Weapon/w_yoshihiro2.g1m
Weapon/w_yoshihiro3.g1t
Weapon/w_yoshihiro3.g1m
Weapon/w_ginchiyo0.g1t
Weapon/w_ginchiyo0.g1m
Weapon/w_ginchiyo1.g1t
Weapon/w_ginchiyo1.g1m
Weapon/w_ginchiyo2.g1t
Weapon/w_ginchiyo2.g1m
Weapon/w_ginchiyo3.g1t
Weapon/w_ginchiyo3.g1m
Weapon/w_kanetsugu0.g1t
Weapon/w_kanetsuguA0.g1m
Weapon/w_kanetsugu1.g1t
Weapon/w_kanetsuguA1.g1m
Weapon/w_kanetsugu2.g1t
Weapon/w_kanetsuguA2.g1m
Weapon/w_kanetsugu3.g1t
Weapon/w_kanetsuguA3.g1m
Weapon/w_kanetsuguB0.g1m
Weapon/w_kanetsuguB1.g1m
Weapon/w_kanetsuguB2.g1m
Weapon/w_kanetsuguB3.g1m
Weapon/w_nene0.g1t
Weapon/w_nene0.g1m
Weapon/w_nene1.g1t
Weapon/w_nene1.g1m
Weapon/w_nene2.g1t
Weapon/w_nene2.g1m
Weapon/w_nene3.g1t
Weapon/w_nene3.g1m
Weapon/w_kotaro0.g1t
Weapon/w_kotaroA0.g1m
Weapon/w_kotaro1.g1t
Weapon/w_kotaroA1.g1m
Weapon/w_kotaro2.g1t
Weapon/w_kotaroA2.g1m
Weapon/w_kotaro3.g1t
Weapon/w_kotaroA3.g1m
Weapon/w_musashi0.g1t
Weapon/w_musashiA0.g1m
Weapon/w_musashi1.g1t
Weapon/w_musashiA1.g1m
Weapon/w_musashi2.g1t
Weapon/w_musashiA2.g1m
Weapon/w_musashi3.g1t
Weapon/w_musashiA3.g1m
Weapon/w_musashiB0.g1m
Weapon/w_musashiB1.g1m
Weapon/w_musashiB2.g1m
Weapon/w_musashiB3.g1m
Weapon/w_pcA0.g1m
Weapon/w_pcA1.g1m
Weapon/w_pcA2.g1m
Weapon/w_pcA3.g1m
Weapon/w_pcB0.g1m
Weapon/w_pcB1.g1m
Weapon/w_pcB2.g1m
Weapon/w_pcB3.g1m
Weapon/w_pcC0.g1m
Weapon/w_pcC1.g1m
Weapon/w_pcC2.g1m
Weapon/w_pcC3.g1m
Weapon/w_ninja.g1m
Weapon/w_kojiro.g1m
Weapon/w_shieldA.g1m
Weapon/w_rolling.g1m
Weapon/w_shieldA.g1m
Weapon/w_shieldB.g1m
Weapon/w_longspear.g1m
Weapon/w_bombA.g1m
Weapon/w_archer.g1m
Weapon/w_gunner.g1m
Weapon/w_arrow.g1m
Weapon/w_ina_arrow.g1m
Weapon/w_bombB.g1m
Weapon/w_ironball.g1m
Weapon/w_fireworks.g1m
Weapon/w_gasball.g1m
Weapon/w_sayaA.g1m
Weapon/w_sayaB.g1m
Weapon/w_quiver.g1m
Weapon/w_mitsuhideB0.g1m
Weapon/w_mitsuhideB1.g1m
Weapon/w_mitsuhideB2.g1m
Weapon/w_mitsuhideB3.g1m
Weapon/w_mitsuhideC0.g1m
Weapon/w_mitsuhideC1.g1m
Weapon/w_mitsuhideC2.g1m
Weapon/w_mitsuhideC3.g1m
Weapon/w_mitsuhideD0.g1m
Weapon/w_mitsuhideD1.g1m
Weapon/w_mitsuhideD2.g1m
Weapon/w_mitsuhideD3.g1m
Weapon/w_oichiC0.g1m
Weapon/w_oichiC1.g1m
Weapon/w_oichiC2.g1m
Weapon/w_oichiC3.g1m
Weapon/w_hanzoC0.g1m
Weapon/w_hanzoC1.g1m
Weapon/w_hanzoC2.g1m
Weapon/w_hanzoC3.g1m
Weapon/w_rammaruB0.g1m
Weapon/w_rammaruB1.g1m
Weapon/w_rammaruB2.g1m
Weapon/w_rammaruB3.g1m
Weapon/w_inahimeB0.g1m
Weapon/w_inahimeB1.g1m
Weapon/w_inahimeB2.g1m
Weapon/w_inahimeB3.g1m
Weapon/w_masamuneB0.g1t
Weapon/w_masamuneB0.g1m
Weapon/w_masamuneB1.g1t
Weapon/w_masamuneB1.g1m
Weapon/w_masamuneB2.g1t
Weapon/w_masamuneB2.g1m
Weapon/w_masamuneB3.g1t
Weapon/w_masamuneB3.g1m
Weapon/w_masamuneC0.g1m
Weapon/w_masamuneC1.g1m
Weapon/w_masamuneC2.g1m
Weapon/w_masamuneC3.g1m
Weapon/w_masamuneD0.g1m
Weapon/w_masamuneD1.g1m
Weapon/w_masamuneD2.g1m
Weapon/w_masamuneD3.g1m
Weapon/w_nouhimeB.g1m
Weapon/w_kanetsuguC0.g1m
Weapon/w_kanetsuguC1.g1m
Weapon/w_kanetsuguC2.g1m
Weapon/w_kanetsuguC3.g1m
Weapon/w_kotaroB0.g1m
Weapon/w_kotaroB1.g1m
Weapon/w_kotaroB2.g1m
Weapon/w_kotaroB3.g1m
Weapon/w_kotaroC0.g1m
Weapon/w_kotaroC1.g1m
Weapon/w_kotaroC2.g1m
Weapon/w_kotaroC3.g1m
Weapon/w_mine.g1m
flag/flag00_00.g1t
flag/flag00_00.g1m
flag/flag00_01.g1t
flag/flag00_01.g1m
flag/flag00_02.g1t
flag/flag00_02.g1m
flag/flag01_03.g1t
flag/flag01_03.g1m
flag/flag03_04.g1t
flag/flag03_04.g1m
flag/flag02_05.g1t
flag/flag02_05.g1m
flag/flag00_06.g1t
flag/flag00_06.g1m
flag/flag00_07.g1t
flag/flag00_07.g1m
flag/flag00_08.g1t
flag/flag00_08.g1m
flag/flag00_09.g1t
flag/flag00_09.g1m
flag/flag00_10.g1t
flag/flag00_10.g1m
flag/flag00_11.g1t
flag/flag00_11.g1m
flag/flag00_12.g1t
flag/flag00_12.g1m
flag/flag00_13.g1t
flag/flag00_13.g1m
flag/flag00_14.g1t
flag/flag00_14.g1m
item/item.pac
item/item.g1t
effect/EFFECT_TM2.BIN
effect/EFFECT_CL2_16.BIN
effect/EFFECT_CL2_256.BIN
effect/EFFECT_DEF_ALL_ORIG_1P.BIN
effect/EFFECT_DEF_ALL_1P.BIN
effect/EFFECT_DEF_00_00_1P.BIN
effect/EFFECT_DEF_01_00_1P.BIN
effect/EFFECT_DEF_02_00_1P.BIN
effect/EFFECT_DEF_03_00_1P.BIN
effect/EFFECT_DEF_04_00_1P.BIN
effect/EFFECT_DEF_05_00_1P.BIN
effect/EFFECT_DEF_06_00_1P.BIN
effect/EFFECT_DEF_07_00_1P.BIN
effect/EFFECT_DEF_07_01_1P.BIN
effect/EFFECT_DEF_08_00_1P.BIN
effect/EFFECT_DEF_08_01_1P.BIN
effect/EFFECT_DEF_09_00_1P.BIN
effect/EFFECT_DEF_10_00_1P.BIN
effect/EFFECT_DEF_11_00_1P.BIN
effect/EFFECT_DEF_12_00_1P.BIN
effect/EFFECT_DEF_12_01_1P.BIN
effect/EFFECT_DEF_13_00_1P.BIN
effect/EFFECT_DEF_13_01_1P.BIN
effect/EFFECT_DEF_14_00_1P.BIN
effect/EFFECT_DEF_15_00_1P.BIN
effect/EFFECT_DEF_16_00_1P.BIN
effect/EFFECT_DEF_17_00_1P.BIN
effect/EFFECT_DEF_18_00_1P.BIN
effect/EFFECT_DEF_19_00_1P.BIN
effect/EFFECT_DEF_19_01_1P.BIN
effect/EFFECT_DEF_20_00_1P.BIN
effect/EFFECT_DEF_ALL_ORIG_2P.BIN
effect/EFFECT_DEF_ALL_2P.BIN
effect/EFFECT_DEF_00_00_2P.BIN
effect/EFFECT_DEF_01_00_2P.BIN
effect/EFFECT_DEF_02_00_2P.BIN
effect/EFFECT_DEF_03_00_2P.BIN
effect/EFFECT_DEF_04_00_2P.BIN
effect/EFFECT_DEF_05_00_2P.BIN
effect/EFFECT_DEF_06_00_2P.BIN
effect/EFFECT_DEF_07_00_2P.BIN
effect/EFFECT_DEF_07_01_2P.BIN
effect/EFFECT_DEF_08_00_2P.BIN
effect/EFFECT_DEF_08_01_2P.BIN
effect/EFFECT_DEF_09_00_2P.BIN
effect/EFFECT_DEF_10_00_2P.BIN
effect/EFFECT_DEF_11_00_2P.BIN
effect/EFFECT_DEF_12_00_2P.BIN
effect/EFFECT_DEF_12_01_2P.BIN
effect/EFFECT_DEF_13_00_2P.BIN
effect/EFFECT_DEF_13_01_2P.BIN
effect/EFFECT_DEF_14_00_2P.BIN
effect/EFFECT_DEF_15_00_2P.BIN
effect/EFFECT_DEF_16_00_2P.BIN
effect/EFFECT_DEF_17_00_2P.BIN
effect/EFFECT_DEF_18_00_2P.BIN
effect/EFFECT_DEF_19_00_2P.BIN
effect/EFFECT_DEF_19_01_2P.BIN
effect/EFFECT_DEF_20_00_2P.BIN
effect/eff_a307h_special3_00.efb
effect/eff_a307h_special3_01.efb
effect/eff_a307h_special3_02.efb
effect/eff_a307h_special3_03.efb
effect/eff_a307h_special3_04.efb
effect/eff_a307h_special3_05.efb
effect/eff_a307h_special3_24.efb
effect/eff_a307h_special3_06.efb
effect/eff_a307h_special3_07.efb
effect/eff_a307h_special3_08.efb
effect/eff_a307h_special3_09.efb
effect/eff_a307h_special3_10.efb
effect/eff_a307h_special3_25.efb
effect/eff_a307h_special3_11.efb
effect/eff_a307h_special3_12.efb
effect/eff_a307h_special3_13.efb
effect/eff_a307h_special3_14.efb
effect/eff_a307h_special3_16.efb
effect/eff_a307h_special3_15.efb
effect/eff_a307h_special3_17.efb
effect/eff_a307h_special3_20.efb
effect/eff_a307h_special3_22.efb
effect/eff_a307h_special3_21.efb
effect/eff_a307h_special3_23.efb
effect/eff_a307h_special3_19.efb
effect/eff_a307h_special3_18.efb
effect/tm2/words/40_00yukimura_yuu.g1t
effect/tm2/words/41_00yukimura_homura.g1t
effect/tm2/words/40_01keiji_gou.g1t
effect/tm2/words/41_01keiji_tora.g1t
effect/tm2/words/40_02nobunaga_ten.g1t
effect/tm2/words/41_02nobunaga_ha.g1t
effect/tm2/words/40_03mitsuhide_sen.g1t
effect/tm2/words/41_03mitsuhide_cyuu.g1t
effect/tm2/words/40_04kenshin_futsu.g1t
effect/tm2/words/41_04kenshin_hi.g1t
effect/tm2/words/40_05oichi_ren.g1t
effect/tm2/words/41_05oichi_rin.g1t
effect/tm2/words/40_24okuni_mai.g1t
effect/tm2/words/41_24okuni_rei.g1t
effect/tm2/words/40_06magoichi_geki.g1t
effect/tm2/words/41_06magoichi_kou.g1t
effect/tm2/words/40_07shingen_shi.g1t
effect/tm2/words/41_07shingen_fuurinkazan.g1t
effect/tm2/words/40_08masamune_ran.g1t
effect/tm2/words/41_08masamune_ryuu.g1t
effect/tm2/words/40_09nouhime_tsuya.g1t
effect/tm2/words/41_09nouhime_chou.g1t
effect/tm2/words/40_10hanzou_dan.g1t
effect/tm2/words/41_10hanzou_metsu.g1t
effect/tm2/words/40_25ranmaru_sei.g1t
effect/tm2/words/41_25ranmaru_gi.g1t
effect/tm2/words/40_11hideyoshi_shi.g1t
effect/tm2/words/41_11hideyoshi_shou.g1t
effect/tm2/words/40_12tadakatsu_gou.g1t
effect/tm2/words/41_12tadakatsu_kou.g1t
effect/tm2/words/40_13inahime_jun.g1t
effect/tm2/words/41_13inahime_sou.g1t
effect/tm2/words/40_14ieyasu_shou.g1t
effect/tm2/words/41_14ieyasu_tou.g1t
effect/tm2/words/40_16mitsunari_ei.g1t
effect/tm2/words/41_16mitsunari_saku.g1t
effect/tm2/words/40_15nagamasa_jin.g1t
effect/tm2/words/41_15nagamasa_shin.g1t
effect/tm2/words/40_17sakon_tou.g1t
effect/tm2/words/41_17sakon_retsu.g1t
effect/tm2/words/40_20yoshihiro_sai.g1t
effect/tm2/words/41_20yoshihiro_ki.g1t
effect/tm2/words/40_22ginchiyo_jin.g1t
effect/tm2/words/41_22ginchiyo_rai.g1t
effect/tm2/words/40_21kanetsugu_chi.g1t
effect/tm2/words/41_21kanetsugu_ai.g1t
effect/tm2/words/40_23nene_go.g1t
effect/tm2/words/41_23nene_ji.g1t
effect/tm2/words/40_19kotarou_shitsu.g1t
effect/tm2/words/41_19kotarou_yami.g1t
effect/tm2/words/40_18musashi_zan.g1t
effect/tm2/words/41_18musashi_kyoku.g1t
effect/tm2/ui/53_00yukimura_win.g1t
effect/tm2/ui/54_00yukimura_loss.g1t
effect/tm2/ui/51_background00.g1t
effect/tm2/ui/52_background01.g1t
distantview/SKY_00_00.g1t
distantview/SKY_01_00.g1t
distantview/SKY_02_00.g1t
distantview/SKY_03_00.g1t
distantview/SKY_04_00.g1t
distantview/SKY_05_00.g1t
distantview/SKY_06_00.g1t
distantview/SKY_07_00.g1t
distantview/SKY_07_01.g1t
distantview/SKY_08_00.g1t
distantview/SKY_08_01.g1t
distantview/SKY_09_00.g1t
distantview/SKY_10_00.g1t
distantview/SKY_11_00.g1t
distantview/SKY_12_00.g1t
distantview/SKY_12_01.g1t
distantview/SKY_13_00.g1t
distantview/SKY_13_01.g1t
distantview/SKY_14_00.g1t
distantview/SKY_15_00.g1t
distantview/SKY_16_00.g1t
distantview/SKY_17_00.g1t
distantview/SKY_18_00.g1t
distantview/SKY_19_00.g1t
distantview/SKY_19_01.g1t
distantview/SKY_20_00.g1t
distantview/SKY_40_00.g1t
distantview/56_moon_full.g1t
distantview/57_moon_half.g1t
distantview/58_moon_new.g1t
Stage/Ground/Ground_00_00.bin
Stage/Ground/Ground_01_00.bin
Stage/Ground/Ground_02_00.bin
Stage/Ground/Ground_03_00.bin
Stage/Ground/Ground_04_00.bin
Stage/Ground/Ground_05_00.bin
Stage/Ground/Ground_06_00.bin
Stage/Ground/Ground_07_00.bin
Stage/Ground/Ground_07_01.bin
Stage/Ground/Ground_08_00.bin
Stage/Ground/Ground_08_01.bin
Stage/Ground/Ground_09_00.bin
Stage/Ground/Ground_10_00.bin
Stage/Ground/Ground_11_00.bin
Stage/Ground/Ground_12_00.bin
Stage/Ground/Ground_12_01.bin
Stage/Ground/Ground_13_00.bin
Stage/Ground/Ground_13_01.bin
Stage/Ground/Ground_14_00.bin
Stage/Ground/Ground_15_00.bin
Stage/Ground/Ground_16_00.bin
Stage/Ground/Ground_17_00.bin
Stage/Ground/Ground_18_00.bin
Stage/Ground/Ground_19_00.bin
Stage/Ground/Ground_19_01.bin
Stage/Ground/Ground_20_00.bin
Stage/Ground/Ground_40_00.bin
Stage/Ground/Ground_60_00.bin
Stage/Ground/Ground_60_01.bin
Stage/Ground/Ground_60_02.bin
Stage/Ground/Ground_60_03.bin
Stage/Ground/Ground_60_04.bin
Stage/Ground/Ground_60_05.bin
Stage/Ground/Ground_60_06.bin
Stage/Ground/Ground_60_07.bin
Stage/Ground/Ground_60_08.bin
Stage/Ground/Ground_60_09.bin
Stage/Ground/Ground_60_10.bin
Stage/Ground/Ground_60_11.bin
Stage/Ground/Ground_60_12.bin
Stage/Ground/Ground_60_13.bin
Stage/Ground/Ground_60_14.bin
Stage/Ground/Ground_60_15.bin
Stage/Ground/Ground_60_16.bin
Stage/Ground/Ground_60_17.bin
Stage/Ground/Ground_60_18.bin
Stage/Ground/Ground_60_19.bin
Stage/Ground/Ground_60_20.bin
Stage/Ground/Ground_60_21.bin
Stage/Ground/Ground_60_22.bin
Stage/Ground/Ground_60_23.bin
Stage/Ground/Ground_60_24.bin
Stage/Ground/Ground_60_25.bin
Stage/Ground/Ground_60_26.bin
Stage/Ground/Ground_60_27.bin
Stage/Ground/Ground_60_28.bin
Stage/Ground/Ground_60_29.bin
Stage/Ground/Ground_60_30.bin
Stage/Ground/Ground_60_31.bin
Stage/Ground/Ground_60_32.bin
Stage/Ground/Ground_60_33.bin
Stage/Ground/Ground_60_34.bin
Stage/Ground/Ground_60_35.bin
Stage/Ground/Ground_60_36.bin
Stage/Ground/Ground_60_37.bin
Stage/Ground/Ground_60_38.bin
Stage/Ground/Ground_60_39.bin
Stage/Ground/Ground_60_40.bin
Stage/Ground/Ground_60_41.bin
Stage/Ground/Ground_60_42.bin
Stage/Ground/Ground_60_43.bin
Stage/Ground/Ground_60_44.bin
Stage/Ground/Ground_60_45.bin
Stage/Ground/Ground_60_46.bin
Stage/Ground/Ground_60_47.bin
Stage/Ground/Ground_60_48.bin
Stage/Ground/Ground_60_49.bin
Stage/Ground/Ground_60_50.bin
Stage/Ground/Ground_60_51.bin
Stage/Ground/Ground_60_52.bin
Stage/Ground/Ground_60_53.bin
Stage/Ground/Ground_60_54.bin
Stage/Ground/Ground_60_55.bin
Stage/Ground/Ground_60_56.bin
Stage/Ground/Ground_60_57.bin
Stage/Ground/Ground_60_58.bin
Stage/Ground/Ground_60_59.bin
Stage/Ground/Ground_60_60.bin
Stage/Ground/Ground_60_61.bin
Stage/Ground/Ground_60_62.bin
Stage/Ground/Ground_60_63.bin
Stage/Ground/dummy.dat
Stage/Ground/dummy.dat
Stage/Ground/dummy.dat
Stage/Ground/dummy.dat
Stage/Ground/dummy.dat
Stage/Ground/dummy.dat
Stage/Ground/Ground_61_00.bin
Stage/Ground/Ground_61_01.bin
Stage/Ground/Ground_61_02.bin
Stage/Ground/Ground_61_03.bin
Stage/Ground/Ground_61_04.bin
Stage/Ground/Ground_61_05.bin
Stage/Ground/Ground_61_06.bin
Stage/Ground/Ground_61_07.bin
Stage/Ground/Ground_61_08.bin
Stage/Ground/Ground_61_09.bin
Stage/Ground/Ground_61_10.bin
Stage/Ground/Ground_61_11.bin
Stage/Ground/Ground_61_12.bin
Stage/Ground/Ground_61_13.bin
Stage/Ground/Ground_61_14.bin
Stage/Ground/Ground_61_15.bin
Stage/Ground/Ground_61_16.bin
Stage/Ground/Ground_61_17.bin
Stage/Ground/Ground_61_18.bin
Stage/Ground/Ground_61_19.bin
Stage/Ground/Ground_61_20.bin
Stage/Ground/Ground_61_21.bin
Stage/Ground/Ground_61_22.bin
Stage/Ground/Ground_61_23.bin
Stage/Ground/Ground_61_24.bin
Stage/Ground/Ground_61_25.bin
Stage/Ground/Ground_61_26.bin
Stage/Ground/Ground_61_27.bin
Stage/Ground/Ground_61_28.bin
Stage/Ground/Ground_61_29.bin
Stage/Ground/Ground_61_30.bin
Stage/Ground/Ground_61_31.bin
Stage/Ground/Ground_61_32.bin
Stage/Ground/Ground_61_33.bin
Stage/Ground/Ground_61_34.bin
Stage/Ground/Ground_61_35.bin
Stage/Ground/Ground_61_36.bin
Stage/Ground/Ground_61_37.bin
Stage/Ground/Ground_61_38.bin
Stage/Ground/Ground_61_39.bin
Stage/Ground/Ground_61_40.bin
Stage/Ground/Ground_61_41.bin
Stage/Ground/Ground_61_42.bin
Stage/Ground/Ground_61_43.bin
Stage/Ground/Ground_61_44.bin
Stage/Ground/Ground_61_45.bin
Stage/Ground/Ground_61_46.bin
Stage/Ground/Ground_61_47.bin
Stage/Ground/Ground_61_48.bin
Stage/Ground/Ground_61_49.bin
Stage/Ground/Ground_61_50.bin
Stage/Ground/Ground_61_51.bin
Stage/Ground/Ground_61_52.bin
Stage/Ground/Ground_61_53.bin
Stage/Ground/Ground_61_54.bin
Stage/Ground/Ground_61_55.bin
Stage/Ground/Ground_61_56.bin
Stage/Ground/Ground_61_57.bin
Stage/Ground/Ground_61_58.bin
Stage/Ground/Ground_61_59.bin
Stage/Ground/Ground_61_60.bin
Stage/Ground/Ground_61_61.bin
Stage/Ground/Ground_61_62.bin
Stage/Ground/Ground_61_63.bin
Stage/Ground/dummy.dat
Stage/Ground/dummy.dat
Stage/Ground/dummy.dat
Stage/Ground/dummy.dat
Stage/Ground/dummy.dat
Stage/Ground/dummy.dat
Stage/Object/StageObj_00_00.bin
Stage/Object/StageObj_01_00.bin
Stage/Object/StageObj_02_00.bin
Stage/Object/StageObj_03_00.bin
Stage/Object/StageObj_04_00.bin
Stage/Object/StageObj_05_00.bin
Stage/Object/StageObj_06_00.bin
Stage/Object/StageObj_07_00.bin
Stage/Object/StageObj_07_01.bin
Stage/Object/StageObj_08_00.bin
Stage/Object/StageObj_08_01.bin
Stage/Object/StageObj_09_00.bin
Stage/Object/StageObj_10_00.bin
Stage/Object/StageObj_11_00.bin
Stage/Object/StageObj_12_00.bin
Stage/Object/StageObj_12_01.bin
Stage/Object/StageObj_13_00.bin
Stage/Object/StageObj_13_01.bin
Stage/Object/StageObj_14_00.bin
Stage/Object/StageObj_15_00.bin
Stage/Object/StageObj_16_00.bin
Stage/Object/StageObj_17_00.bin
Stage/Object/StageObj_18_00.bin
Stage/Object/StageObj_19_00.bin
Stage/Object/StageObj_19_01.bin
Stage/Object/StageObj_20_00.bin
Stage/Object/StageObj_40_00.bin
Stage/Object/StageObj_60_00.bin
Stage/Object/StageObj_60_01.bin
Stage/Object/StageObj_60_02.bin
Stage/Object/StageObj_60_03.bin
Stage/Object/StageObj_60_04.bin
Stage/Object/StageObj_60_05.bin
Stage/Object/StageObj_60_06.bin
Stage/Object/StageObj_60_07.bin
Stage/Object/StageObj_60_08.bin
Stage/Object/StageObj_60_09.bin
Stage/Object/StageObj_60_10.bin
Stage/Object/StageObj_60_11.bin
Stage/Object/StageObj_60_12.bin
Stage/Object/StageObj_60_13.bin
Stage/Object/StageObj_60_14.bin
Stage/Object/StageObj_60_15.bin
Stage/Object/StageObj_60_16.bin
Stage/Object/StageObj_60_17.bin
Stage/Object/StageObj_60_18.bin
Stage/Object/StageObj_60_19.bin
Stage/Object/StageObj_60_20.bin
Stage/Object/StageObj_60_21.bin
Stage/Object/StageObj_60_22.bin
Stage/Object/StageObj_60_23.bin
Stage/Object/StageObj_60_24.bin
Stage/Object/StageObj_60_25.bin
Stage/Object/StageObj_60_26.bin
Stage/Object/StageObj_60_27.bin
Stage/Object/StageObj_60_28.bin
Stage/Object/StageObj_60_29.bin
Stage/Object/StageObj_60_30.bin
Stage/Object/StageObj_60_31.bin
Stage/Object/StageObj_60_32.bin
Stage/Object/StageObj_60_33.bin
Stage/Object/StageObj_60_34.bin
Stage/Object/StageObj_60_35.bin
Stage/Object/StageObj_60_36.bin
Stage/Object/StageObj_60_37.bin
Stage/Object/StageObj_60_38.bin
Stage/Object/StageObj_60_39.bin
Stage/Object/StageObj_60_40.bin
Stage/Object/StageObj_60_41.bin
Stage/Object/StageObj_60_42.bin
Stage/Object/StageObj_60_43.bin
Stage/Object/StageObj_60_44.bin
Stage/Object/StageObj_60_45.bin
Stage/Object/StageObj_60_46.bin
Stage/Object/StageObj_60_47.bin
Stage/Object/StageObj_60_48.bin
Stage/Object/StageObj_60_49.bin
Stage/Object/StageObj_60_50.bin
Stage/Object/StageObj_60_51.bin
Stage/Object/StageObj_60_52.bin
Stage/Object/StageObj_60_53.bin
Stage/Object/StageObj_60_54.bin
Stage/Object/StageObj_60_55.bin
Stage/Object/StageObj_60_56.bin
Stage/Object/StageObj_60_57.bin
Stage/Object/StageObj_60_58.bin
Stage/Object/StageObj_60_59.bin
Stage/Object/StageObj_60_60.bin
Stage/Object/StageObj_60_61.bin
Stage/Object/StageObj_60_62.bin
Stage/Object/StageObj_60_63.bin
Stage/Object/dummy.dat
Stage/Object/dummy.dat
Stage/Object/dummy.dat
Stage/Object/dummy.dat
Stage/Object/dummy.dat
Stage/Object/StageObj_60_69.bin
Stage/Object/StageObj_61_00.bin
Stage/Object/StageObj_61_01.bin
Stage/Object/StageObj_61_02.bin
Stage/Object/StageObj_61_03.bin
Stage/Object/StageObj_61_04.bin
Stage/Object/StageObj_61_05.bin
Stage/Object/StageObj_61_06.bin
Stage/Object/StageObj_61_07.bin
Stage/Object/StageObj_61_08.bin
Stage/Object/StageObj_61_09.bin
Stage/Object/StageObj_61_10.bin
Stage/Object/StageObj_61_11.bin
Stage/Object/StageObj_61_12.bin
Stage/Object/StageObj_61_13.bin
Stage/Object/StageObj_61_14.bin
Stage/Object/StageObj_61_15.bin
Stage/Object/StageObj_61_16.bin
Stage/Object/StageObj_61_17.bin
Stage/Object/StageObj_61_18.bin
Stage/Object/StageObj_61_19.bin
Stage/Object/StageObj_61_20.bin
Stage/Object/StageObj_61_21.bin
Stage/Object/StageObj_61_22.bin
Stage/Object/StageObj_61_23.bin
Stage/Object/StageObj_61_24.bin
Stage/Object/StageObj_61_25.bin
Stage/Object/StageObj_61_26.bin
Stage/Object/StageObj_61_27.bin
Stage/Object/StageObj_61_28.bin
Stage/Object/StageObj_61_29.bin
Stage/Object/StageObj_61_30.bin
Stage/Object/StageObj_61_31.bin
Stage/Object/StageObj_61_32.bin
Stage/Object/StageObj_61_33.bin
Stage/Object/StageObj_61_34.bin
Stage/Object/StageObj_61_35.bin
Stage/Object/StageObj_61_36.bin
Stage/Object/StageObj_61_37.bin
Stage/Object/StageObj_61_38.bin
Stage/Object/StageObj_61_39.bin
Stage/Object/StageObj_61_40.bin
Stage/Object/StageObj_61_41.bin
Stage/Object/StageObj_61_42.bin
Stage/Object/StageObj_61_43.bin
Stage/Object/StageObj_61_44.bin
Stage/Object/StageObj_61_45.bin
Stage/Object/StageObj_61_46.bin
Stage/Object/StageObj_61_47.bin
Stage/Object/StageObj_61_48.bin
Stage/Object/StageObj_61_49.bin
Stage/Object/StageObj_61_50.bin
Stage/Object/StageObj_61_51.bin
Stage/Object/StageObj_61_52.bin
Stage/Object/StageObj_61_53.bin
Stage/Object/StageObj_61_54.bin
Stage/Object/StageObj_61_55.bin
Stage/Object/StageObj_61_56.bin
Stage/Object/StageObj_61_57.bin
Stage/Object/StageObj_61_58.bin
Stage/Object/StageObj_61_59.bin
Stage/Object/StageObj_61_60.bin
Stage/Object/StageObj_61_61.bin
Stage/Object/StageObj_61_62.bin
Stage/Object/StageObj_61_63.bin
Stage/Object/dummy.dat
Stage/Object/dummy.dat
Stage/Object/dummy.dat
Stage/Object/dummy.dat
Stage/Object/dummy.dat
Stage/Object/StageObj_61_69.bin
Stage/Texture/StageTex_00_00.bin
Stage/Texture/StageTex_01_00.bin
Stage/Texture/StageTex_02_00.bin
Stage/Texture/StageTex_03_00.bin
Stage/Texture/StageTex_04_00.bin
Stage/Texture/StageTex_05_00.bin
Stage/Texture/StageTex_06_00.bin
Stage/Texture/StageTex_07_00.bin
Stage/Texture/StageTex_07_01.bin
Stage/Texture/StageTex_08_00.bin
Stage/Texture/StageTex_08_01.bin
Stage/Texture/StageTex_09_00.bin
Stage/Texture/StageTex_10_00.bin
Stage/Texture/StageTex_11_00.bin
Stage/Texture/StageTex_12_00.bin
Stage/Texture/StageTex_12_01.bin
Stage/Texture/StageTex_13_00.bin
Stage/Texture/StageTex_13_01.bin
Stage/Texture/StageTex_14_00.bin
Stage/Texture/StageTex_15_00.bin
Stage/Texture/StageTex_16_00.bin
Stage/Texture/StageTex_17_00.bin
Stage/Texture/StageTex_18_00.bin
Stage/Texture/StageTex_19_00.bin
Stage/Texture/StageTex_19_01.bin
Stage/Texture/StageTex_20_00.bin
Stage/Texture/StageTex_40_00.bin
Stage/Texture/dummy.dat
Stage/Texture/dummy.dat
Stage/Texture/dummy.dat
Stage/Texture/dummy.dat
Stage/Texture/dummy.dat
Stage/Texture/dummy.dat
Stage/Texture/dummy.dat
Stage/Texture/dummy.dat
Stage/Texture/dummy.dat
Stage/Texture/dummy.dat
Stage/Texture/dummy.dat
Stage/Texture/dummy.dat
Stage/Texture/dummy.dat
Stage/Texture/dummy.dat
Stage/Texture/dummy.dat
Stage/Texture/dummy.dat
Stage/Texture/dummy.dat
Stage/Texture/dummy.dat
Stage/Texture/dummy.dat
Stage/Texture/dummy.dat
Stage/Texture/dummy.dat
Stage/Texture/dummy.dat
Stage/Texture/dummy.dat
Stage/Texture/dummy.dat
Stage/Texture/dummy.dat
Stage/Texture/dummy.dat
Stage/Texture/dummy.dat
Stage/Texture/dummy.dat
Stage/Texture/dummy.dat
Stage/Texture/dummy.dat
Stage/Texture/dummy.dat
Stage/Texture/dummy.dat
Stage/Texture/dummy.dat
Stage/Texture/dummy.dat
Stage/Texture/dummy.dat
Stage/Texture/dummy.dat
Stage/Texture/dummy.dat
Stage/Texture/dummy.dat
Stage/Texture/dummy.dat
Stage/Texture/dummy.dat
Stage/Texture/dummy.dat
Stage/Texture/dummy.dat
Stage/Texture/dummy.dat
Stage/Texture/dummy.dat
Stage/Texture/dummy.dat
Stage/Texture/dummy.dat
Stage/Texture/dummy.dat
Stage/Texture/dummy.dat
Stage/Texture/dummy.dat
Stage/Texture/dummy.dat
Stage/Texture/dummy.dat
Stage/Texture/dummy.dat
Stage/Texture/dummy.dat
Stage/Texture/dummy.dat
Stage/Texture/dummy.dat
Stage/Texture/dummy.dat
Stage/Texture/dummy.dat
Stage/Texture/dummy.dat
Stage/Texture/dummy.dat
Stage/Texture/dummy.dat
Stage/Texture/dummy.dat
Stage/Texture/dummy.dat
Stage/Texture/dummy.dat
Stage/Texture/dummy.dat
Stage/Texture/dummy.dat
Stage/Texture/dummy.dat
Stage/Texture/dummy.dat
Stage/Texture/dummy.dat
Stage/Texture/dummy.dat
Stage/Texture/StageTex_60_69.bin
Stage/Texture/dummy.dat
Stage/Texture/dummy.dat
Stage/Texture/dummy.dat
Stage/Texture/dummy.dat
Stage/Texture/dummy.dat
Stage/Texture/dummy.dat
Stage/Texture/dummy.dat
Stage/Texture/dummy.dat
Stage/Texture/dummy.dat
Stage/Texture/dummy.dat
Stage/Texture/dummy.dat
Stage/Texture/dummy.dat
Stage/Texture/dummy.dat
Stage/Texture/dummy.dat
Stage/Texture/dummy.dat
Stage/Texture/dummy.dat
Stage/Texture/dummy.dat
Stage/Texture/dummy.dat
Stage/Texture/dummy.dat
Stage/Texture/dummy.dat
Stage/Texture/dummy.dat
Stage/Texture/dummy.dat
Stage/Texture/dummy.dat
Stage/Texture/dummy.dat
Stage/Texture/dummy.dat
Stage/Texture/dummy.dat
Stage/Texture/dummy.dat
Stage/Texture/dummy.dat
Stage/Texture/dummy.dat
Stage/Texture/dummy.dat
Stage/Texture/dummy.dat
Stage/Texture/dummy.dat
Stage/Texture/dummy.dat
Stage/Texture/dummy.dat
Stage/Texture/dummy.dat
Stage/Texture/dummy.dat
Stage/Texture/dummy.dat
Stage/Texture/dummy.dat
Stage/Texture/dummy.dat
Stage/Texture/dummy.dat
Stage/Texture/dummy.dat
Stage/Texture/dummy.dat
Stage/Texture/dummy.dat
Stage/Texture/dummy.dat
Stage/Texture/dummy.dat
Stage/Texture/dummy.dat
Stage/Texture/dummy.dat
Stage/Texture/dummy.dat
Stage/Texture/dummy.dat
Stage/Texture/dummy.dat
Stage/Texture/dummy.dat
Stage/Texture/dummy.dat
Stage/Texture/dummy.dat
Stage/Texture/dummy.dat
Stage/Texture/dummy.dat
Stage/Texture/dummy.dat
Stage/Texture/dummy.dat
Stage/Texture/dummy.dat
Stage/Texture/dummy.dat
Stage/Texture/dummy.dat
Stage/Texture/dummy.dat
Stage/Texture/dummy.dat
Stage/Texture/dummy.dat
Stage/Texture/dummy.dat
Stage/Texture/dummy.dat
Stage/Texture/dummy.dat
Stage/Texture/dummy.dat
Stage/Texture/dummy.dat
Stage/Texture/dummy.dat
Stage/Texture/dummy.dat
Stage/Field/Field00_00.bin
Stage/Field/Field01_00.bin
Stage/Field/Field02_00.bin
Stage/Field/Field03_00.bin
Stage/Field/Field04_00.bin
Stage/Field/Field05_00.bin
Stage/Field/Field06_00.bin
Stage/Field/Field07_00.bin
Stage/Field/Field07_01.bin
Stage/Field/Field08_00.bin
Stage/Field/Field08_01.bin
Stage/Field/Field09_00.bin
Stage/Field/Field10_00.bin
Stage/Field/Field11_00.bin
Stage/Field/Field12_00.bin
Stage/Field/Field12_01.bin
Stage/Field/Field13_00.bin
Stage/Field/Field13_01.bin
Stage/Field/Field14_00.bin
Stage/Field/Field15_00.bin
Stage/Field/Field16_00.bin
Stage/Field/Field17_00.bin
Stage/Field/Field18_00.bin
Stage/Field/Field19_00.bin
Stage/Field/Field19_01.bin
Stage/Field/Field20_00.bin
Stage/Field/Field40_00.bin
Stage/Field/Field60_00.bin
Stage/Field/Field60_01.bin
Stage/Field/Field60_02.bin
Stage/Field/Field60_03.bin
Stage/Field/Field60_04.bin
Stage/Field/Field60_05.bin
Stage/Field/Field60_06.bin
Stage/Field/Field60_07.bin
Stage/Field/Field60_08.bin
Stage/Field/Field60_09.bin
Stage/Field/Field60_10.bin
Stage/Field/Field60_11.bin
Stage/Field/Field60_12.bin
Stage/Field/Field60_13.bin
Stage/Field/Field60_14.bin
Stage/Field/Field60_15.bin
Stage/Field/Field60_16.bin
Stage/Field/Field60_17.bin
Stage/Field/Field60_18.bin
Stage/Field/Field60_19.bin
Stage/Field/Field60_20.bin
Stage/Field/Field60_21.bin
Stage/Field/Field60_22.bin
Stage/Field/Field60_23.bin
Stage/Field/Field60_24.bin
Stage/Field/Field60_25.bin
Stage/Field/Field60_26.bin
Stage/Field/Field60_27.bin
Stage/Field/Field60_28.bin
Stage/Field/Field60_29.bin
Stage/Field/Field60_30.bin
Stage/Field/Field60_31.bin
Stage/Field/Field60_32.bin
Stage/Field/Field60_33.bin
Stage/Field/Field60_34.bin
Stage/Field/Field60_35.bin
Stage/Field/Field60_36.bin
Stage/Field/Field60_37.bin
Stage/Field/Field60_38.bin
Stage/Field/Field60_39.bin
Stage/Field/Field60_40.bin
Stage/Field/Field60_41.bin
Stage/Field/Field60_42.bin
Stage/Field/Field60_43.bin
Stage/Field/Field60_44.bin
Stage/Field/Field60_45.bin
Stage/Field/Field60_46.bin
Stage/Field/Field60_47.bin
Stage/Field/Field60_48.bin
Stage/Field/Field60_49.bin
Stage/Field/Field60_50.bin
Stage/Field/Field60_51.bin
Stage/Field/Field60_52.bin
Stage/Field/Field60_53.bin
Stage/Field/Field60_54.bin
Stage/Field/Field60_55.bin
Stage/Field/Field60_56.bin
Stage/Field/Field60_57.bin
Stage/Field/Field60_58.bin
Stage/Field/Field60_59.bin
Stage/Field/Field60_60.bin
Stage/Field/Field60_61.bin
Stage/Field/Field60_62.bin
Stage/Field/Field60_63.bin
Stage/Field/Field60_64.bin
Stage/Field/Field60_65.bin
Stage/Field/Field60_66.bin
Stage/Field/Field60_67.bin
Stage/Field/Field60_68.bin
Stage/Field/Field60_69.bin
Stage/Field/Field61_00.bin
Stage/Field/Field61_01.bin
Stage/Field/Field61_02.bin
Stage/Field/Field61_03.bin
Stage/Field/Field61_04.bin
Stage/Field/Field61_05.bin
Stage/Field/Field61_06.bin
Stage/Field/Field61_07.bin
Stage/Field/Field61_08.bin
Stage/Field/Field61_09.bin
Stage/Field/Field61_10.bin
Stage/Field/Field61_11.bin
Stage/Field/Field61_12.bin
Stage/Field/Field61_13.bin
Stage/Field/Field61_14.bin
Stage/Field/Field61_15.bin
Stage/Field/Field61_16.bin
Stage/Field/Field61_17.bin
Stage/Field/Field61_18.bin
Stage/Field/Field61_19.bin
Stage/Field/Field61_20.bin
Stage/Field/Field61_21.bin
Stage/Field/Field61_22.bin
Stage/Field/Field61_23.bin
Stage/Field/Field61_24.bin
Stage/Field/Field61_25.bin
Stage/Field/Field61_26.bin
Stage/Field/Field61_27.bin
Stage/Field/Field61_28.bin
Stage/Field/Field61_29.bin
Stage/Field/Field61_30.bin
Stage/Field/Field61_31.bin
Stage/Field/Field61_32.bin
Stage/Field/Field61_33.bin
Stage/Field/Field61_34.bin
Stage/Field/Field61_35.bin
Stage/Field/Field61_36.bin
Stage/Field/Field61_37.bin
Stage/Field/Field61_38.bin
Stage/Field/Field61_39.bin
Stage/Field/Field61_40.bin
Stage/Field/Field61_41.bin
Stage/Field/Field61_42.bin
Stage/Field/Field61_43.bin
Stage/Field/Field61_44.bin
Stage/Field/Field61_45.bin
Stage/Field/Field61_46.bin
Stage/Field/Field61_47.bin
Stage/Field/Field61_48.bin
Stage/Field/Field61_49.bin
Stage/Field/Field61_50.bin
Stage/Field/Field61_51.bin
Stage/Field/Field61_52.bin
Stage/Field/Field61_53.bin
Stage/Field/Field61_54.bin
Stage/Field/Field61_55.bin
Stage/Field/Field61_56.bin
Stage/Field/Field61_57.bin
Stage/Field/Field61_58.bin
Stage/Field/Field61_59.bin
Stage/Field/Field61_60.bin
Stage/Field/Field61_61.bin
Stage/Field/Field61_62.bin
Stage/Field/Field61_63.bin
Stage/Field/Field61_64.bin
Stage/Field/Field61_65.bin
Stage/Field/Field61_66.bin
Stage/Field/Field61_67.bin
Stage/Field/Field61_68.bin
Stage/Field/Field61_69.bin
stgambient/LT_00_00.LFB
stgambient/LT_01_00.LFB
stgambient/LT_02_00.LFB
stgambient/LT_03_00.LFB
stgambient/LT_04_00.LFB
stgambient/LT_05_00.LFB
stgambient/LT_06_00.LFB
stgambient/LT_07_00.LFB
stgambient/LT_07_01.LFB
stgambient/LT_08_00.LFB
stgambient/LT_08_01.LFB
stgambient/LT_09_00.LFB
stgambient/LT_10_00.LFB
stgambient/LT_11_00.LFB
stgambient/LT_12_00.LFB
stgambient/LT_12_01.LFB
stgambient/LT_13_00.LFB
stgambient/LT_13_01.LFB
stgambient/LT_14_00.LFB
stgambient/LT_15_00.LFB
stgambient/LT_16_00.LFB
stgambient/LT_17_00.LFB
stgambient/LT_18_00.LFB
stgambient/LT_19_00.LFB
stgambient/LT_19_01.LFB
stgambient/LT_20_00.LFB
stgambient/LT_40_00.LFB
stgambient/LT_40_01.LFB
stgambient/LT_40_02.LFB
stgambient/LT_40_03.LFB
stgambient/LT_40_04.LFB
stgambient/LT_40_05.LFB
stgambient/LT_60_00.LFB
sw2_us/scenario/SC00_00.BIN
sw2_us/scenario/SC00_01.BIN
sw2_us/scenario/SC00_02.BIN
sw2_us/scenario/SC01_00.BIN
sw2_us/scenario/SC01_01.BIN
sw2_us/scenario/SC01_02.BIN
sw2_us/scenario/SC01_03.BIN
sw2_us/scenario/SC02_00.BIN
sw2_us/scenario/SC02_01.BIN
sw2_us/scenario/SC02_02.BIN
sw2_us/scenario/SC02_03.BIN
sw2_us/scenario/SC03_00.BIN
sw2_us/scenario/SC03_01.BIN
sw2_us/scenario/SC03_02.BIN
sw2_us/scenario/SC04_00.BIN
sw2_us/scenario/SC04_01.BIN
sw2_us/scenario/SC04_02.BIN
sw2_us/scenario/SC05_00.BIN
sw2_us/scenario/SC05_01.BIN
sw2_us/scenario/SC05_02.BIN
sw2_us/scenario/SC06_00.BIN
sw2_us/scenario/SC06_01.BIN
sw2_us/scenario/SC07_00.BIN
sw2_us/scenario/SC07_01.BIN
sw2_us/scenario/SC07_02.BIN
sw2_us/scenario/SC07_03.BIN
sw2_us/scenario/SC07_04.BIN
sw2_us/scenario/SC08_00.BIN
sw2_us/scenario/SC08_01.BIN
sw2_us/scenario/SC08_02.BIN
sw2_us/scenario/SC08_03.BIN
sw2_us/scenario/SC09_00.BIN
sw2_us/scenario/SC09_01.BIN
sw2_us/scenario/SC09_02.BIN
sw2_us/scenario/SC09_03.BIN
sw2_us/scenario/SC10_00.BIN
sw2_us/scenario/SC10_01.BIN
sw2_us/scenario/SC10_02.BIN
sw2_us/scenario/SC11_00.BIN
sw2_us/scenario/SC11_01.BIN
sw2_us/scenario/SC11_02.BIN
sw2_us/scenario/SC11_03.BIN
sw2_us/scenario/SC12_00.BIN
sw2_us/scenario/SC12_01.BIN
sw2_us/scenario/SC12_02.BIN
sw2_us/scenario/SC12_03.BIN
sw2_us/scenario/SC12_04.BIN
sw2_us/scenario/SC12_05.BIN
sw2_us/scenario/SC12_06.BIN
sw2_us/scenario/SC12_07.BIN
sw2_us/scenario/SC12_08.BIN
sw2_us/scenario/SC12_09.BIN
sw2_us/scenario/SC12_10.BIN
sw2_us/scenario/SC13_00.BIN
sw2_us/scenario/SC13_01.BIN
sw2_us/scenario/SC13_02.BIN
sw2_us/scenario/SC13_03.BIN
sw2_us/scenario/SC14_00.BIN
sw2_us/scenario/SC14_01.BIN
sw2_us/scenario/SC14_02.BIN
sw2_us/scenario/SC14_03.BIN
sw2_us/scenario/SC15_00.BIN
sw2_us/scenario/SC15_01.BIN
sw2_us/scenario/SC16_00.BIN
sw2_us/scenario/SC16_01.BIN
sw2_us/scenario/SC16_02.BIN
sw2_us/scenario/SC16_03.BIN
sw2_us/scenario/SC17_00.BIN
sw2_us/scenario/SC17_01.BIN
sw2_us/scenario/SC17_02.BIN
sw2_us/scenario/SC17_03.BIN
sw2_us/scenario/SC17_04.BIN
sw2_us/scenario/SC18_00.BIN
sw2_us/scenario/SC18_01.BIN
sw2_us/scenario/SC18_02.BIN
sw2_us/scenario/SC18_03.BIN
sw2_us/scenario/SC19_00.BIN
sw2_us/scenario/SC19_01.BIN
sw2_us/scenario/SC19_02.BIN
sw2_us/scenario/SC19_03.BIN
sw2_us/scenario/SC20_00.BIN
sw2_us/scenario/SC20_01.BIN
sw2_us/scenario/SC20_02.BIN
sw2_us/scenario/SC20_03.BIN
sw2_us/scenario/mugen/SC60_002_001.BIN
sw2_us/scenario/mugen/SC60_002_003.BIN
sw2_us/scenario/mugen/SC60_002_005.BIN
sw2_us/scenario/mugen/SC60_004_001.BIN
sw2_us/scenario/mugen/SC60_004_003.BIN
sw2_us/scenario/mugen/SC60_004_005.BIN
sw2_us/scenario/mugen/SC60_005_001.BIN
sw2_us/scenario/mugen/SC60_005_002.BIN
sw2_us/scenario/mugen/SC60_005_003.BIN
sw2_us/scenario/mugen/SC60_005_004.BIN
sw2_us/scenario/mugen/SC60_005_005.BIN
sw2_us/scenario/mugen/SC60_006_001.BIN
sw2_us/scenario/mugen/SC60_006_002.BIN
sw2_us/scenario/mugen/SC60_006_003.BIN
sw2_us/scenario/mugen/SC60_006_004.BIN
sw2_us/scenario/mugen/SC60_006_005.BIN
sw2_us/scenario/mugen/SC60_007_001.BIN
sw2_us/scenario/mugen/SC60_007_005.BIN
sw2_us/scenario/mugen/SC60_009_001.BIN
sw2_us/scenario/mugen/SC60_009_002.BIN
sw2_us/scenario/mugen/SC60_009_003.BIN
sw2_us/scenario/mugen/SC60_009_004.BIN
sw2_us/scenario/mugen/SC60_009_005.BIN
sw2_us/scenario/mugen/SC60_016_001.BIN
sw2_us/scenario/mugen/SC60_016_002.BIN
sw2_us/scenario/mugen/SC60_016_003.BIN
sw2_us/scenario/mugen/SC60_016_004.BIN
sw2_us/scenario/mugen/SC60_016_005.BIN
sw2_us/scenario/mugen/SC60_018_001.BIN
sw2_us/scenario/mugen/SC60_018_005.BIN
sw2_us/scenario/mugen/SC60_019_003.BIN
sw2_us/scenario/mugen/SC60_019_004.BIN
sw2_us/scenario/mugen/SC60_019_005.BIN
sw2_us/scenario/mugen/SC60_020_001.BIN
sw2_us/scenario/mugen/SC60_020_005.BIN
sw2_us/scenario/mugen/SC60_023_001.BIN
sw2_us/scenario/mugen/SC60_023_002.BIN
sw2_us/scenario/mugen/SC60_023_003.BIN
sw2_us/scenario/mugen/SC60_023_004.BIN
sw2_us/scenario/mugen/SC60_023_005.BIN
sw2_us/scenario/mugen/SC60_025_001.BIN
sw2_us/scenario/mugen/SC60_025_003.BIN
sw2_us/scenario/mugen/SC60_025_005.BIN
sw2_us/scenario/mugen/SC60_027_001.BIN
sw2_us/scenario/mugen/SC60_027_005.BIN
sw2_us/scenario/mugen/SC60_028_001.BIN
sw2_us/scenario/mugen/SC60_028_002.BIN
sw2_us/scenario/mugen/SC60_028_003.BIN
sw2_us/scenario/mugen/SC60_028_004.BIN
sw2_us/scenario/mugen/SC60_028_005.BIN
sw2_us/scenario/mugen/SC60_029_001.BIN
sw2_us/scenario/mugen/SC60_029_002.BIN
sw2_us/scenario/mugen/SC60_029_003.BIN
sw2_us/scenario/mugen/SC60_029_005.BIN
sw2_us/scenario/mugen/SC60_030_001.BIN
sw2_us/scenario/mugen/SC60_030_002.BIN
sw2_us/scenario/mugen/SC60_030_004.BIN
sw2_us/scenario/mugen/SC60_030_005.BIN
sw2_us/scenario/mugen/SC60_032_001.BIN
sw2_us/scenario/mugen/SC60_032_002.BIN
sw2_us/scenario/mugen/SC60_032_003.BIN
sw2_us/scenario/mugen/SC60_032_004.BIN
sw2_us/scenario/mugen/SC60_032_005.BIN
sw2_us/scenario/mugen/SC60_034_001.BIN
sw2_us/scenario/mugen/SC60_034_002.BIN
sw2_us/scenario/mugen/SC60_034_003.BIN
sw2_us/scenario/mugen/SC60_034_004.BIN
sw2_us/scenario/mugen/SC60_034_005.BIN
sw2_us/scenario/mugen/SC60_036_001.BIN
sw2_us/scenario/mugen/SC60_036_002.BIN
sw2_us/scenario/mugen/SC60_036_003.BIN
sw2_us/scenario/mugen/SC60_036_004.BIN
sw2_us/scenario/mugen/SC60_036_005.BIN
sw2_us/scenario/mugen/SC60_037_001.BIN
sw2_us/scenario/mugen/SC60_037_002.BIN
sw2_us/scenario/mugen/SC60_037_003.BIN
sw2_us/scenario/mugen/SC60_037_004.BIN
sw2_us/scenario/mugen/SC60_037_005.BIN
sw2_us/scenario/mugen/SC60_039_001.BIN
sw2_us/scenario/mugen/SC60_039_002.BIN
sw2_us/scenario/mugen/SC60_039_003.BIN
sw2_us/scenario/mugen/SC60_039_004.BIN
sw2_us/scenario/mugen/SC60_039_005.BIN
sw2_us/scenario/mugen/SC60_040_001.BIN
sw2_us/scenario/mugen/SC60_040_002.BIN
sw2_us/scenario/mugen/SC60_040_003.BIN
sw2_us/scenario/mugen/SC60_040_004.BIN
sw2_us/scenario/mugen/SC60_040_005.BIN
sw2_us/scenario/mugen/SC60_043_001.BIN
sw2_us/scenario/mugen/SC60_043_002.BIN
sw2_us/scenario/mugen/SC60_043_003.BIN
sw2_us/scenario/mugen/SC60_043_004.BIN
sw2_us/scenario/mugen/SC60_043_005.BIN
sw2_us/scenario/mugen/SC60_045_001.BIN
sw2_us/scenario/mugen/SC60_045_002.BIN
sw2_us/scenario/mugen/SC60_045_003.BIN
sw2_us/scenario/mugen/SC60_045_004.BIN
sw2_us/scenario/mugen/SC60_045_005.BIN
sw2_us/scenario/mugen/SC60_047_001.BIN
sw2_us/scenario/mugen/SC60_047_002.BIN
sw2_us/scenario/mugen/SC60_047_003.BIN
sw2_us/scenario/mugen/SC60_047_004.BIN
sw2_us/scenario/mugen/SC60_047_005.BIN
sw2_us/scenario/mugen/SC60_048_001.BIN
sw2_us/scenario/mugen/SC60_048_002.BIN
sw2_us/scenario/mugen/SC60_048_003.BIN
sw2_us/scenario/mugen/SC60_048_004.BIN
sw2_us/scenario/mugen/SC60_048_005.BIN
sw2_us/scenario/mugen/SC60_050_001.BIN
sw2_us/scenario/mugen/SC60_050_002.BIN
sw2_us/scenario/mugen/SC60_050_003.BIN
sw2_us/scenario/mugen/SC60_050_004.BIN
sw2_us/scenario/mugen/SC60_050_005.BIN
sw2_us/scenario/mugen/SC60_051_001.BIN
sw2_us/scenario/mugen/SC60_051_002.BIN
sw2_us/scenario/mugen/SC60_051_003.BIN
sw2_us/scenario/mugen/SC60_051_004.BIN
sw2_us/scenario/mugen/SC60_051_005.BIN
sw2_us/scenario/mugen/SC60_055_001.BIN
sw2_us/scenario/mugen/SC60_055_002.BIN
sw2_us/scenario/mugen/SC60_055_003.BIN
sw2_us/scenario/mugen/SC60_055_004.BIN
sw2_us/scenario/mugen/SC60_055_005.BIN
sw2_us/scenario/mugen/SC61_003_001.BIN
sw2_us/scenario/mugen/SC61_003_002.BIN
sw2_us/scenario/mugen/SC61_003_003.BIN
sw2_us/scenario/mugen/SC61_003_004.BIN
sw2_us/scenario/mugen/SC61_003_005.BIN
sw2_us/scenario/mugen/SC61_013_001.BIN
sw2_us/scenario/mugen/SC61_013_002.BIN
sw2_us/scenario/mugen/SC61_013_003.BIN
sw2_us/scenario/mugen/SC61_013_004.BIN
sw2_us/scenario/mugen/SC61_013_005.BIN
sw2_us/scenario/mugen/SC61_015_001.BIN
sw2_us/scenario/mugen/SC61_015_003.BIN
sw2_us/scenario/mugen/SC61_015_005.BIN
sw2_us/scenario/mugen/SC61_019_001.BIN
sw2_us/scenario/mugen/SC61_019_002.BIN
sw2_us/scenario/mugen/SC61_020_002.BIN
sw2_us/scenario/mugen/SC61_020_003.BIN
sw2_us/scenario/mugen/SC61_020_004.BIN
sw2_us/scenario/mugen/SC61_024_001.BIN
sw2_us/scenario/mugen/SC61_024_002.BIN
sw2_us/scenario/mugen/SC61_024_003.BIN
sw2_us/scenario/mugen/SC61_024_004.BIN
sw2_us/scenario/mugen/SC61_024_005.BIN
sw2_us/scenario/mugen/SC61_025_002.BIN
sw2_us/scenario/mugen/SC61_025_004.BIN
sw2_us/scenario/mugen/SC61_029_004.BIN
sw2_us/scenario/mugen/SC61_033_001.BIN
sw2_us/scenario/mugen/SC61_033_002.BIN
sw2_us/scenario/mugen/SC61_033_003.BIN
sw2_us/scenario/mugen/SC61_033_004.BIN
sw2_us/scenario/mugen/SC61_033_005.BIN
sw2_us/scenario/mugen/SC61_900_000.BIN
sw2_us/scenario/mugen/SC61_900_001.BIN
sw2_us/scenario/mugen/SC61_900_002.BIN
sw2_us/scenario/mugen/SC61_900_003.BIN
sw2_us/scenario/mugen/SC61_900_004.BIN
sw2_us/scenario/mugen/SC61_900_005.BIN
sw2_us/scenario/mugen/SC61_900_006.BIN
sw2_us/scenario/mugen/SC61_900_007.BIN
sw2_us/scenario/mugen/SC61_900_008.BIN
sw2_us/scenario/mugen/SC61_900_009.BIN
sw2_us/scenario/mugen/SC61_901_000.BIN
sw2_us/scenario/mugen/SC61_901_001.BIN
sw2_us/scenario/mugen/SC61_901_002.BIN
sw2_us/scenario/mugen/SC61_901_003.BIN
sw2_us/scenario/mugen/SC61_901_004.BIN
sw2_us/scenario/mugen/SC61_901_005.BIN
sw2_us/scenario/mugen/SC61_901_006.BIN
sw2_us/scenario/mugen/SC61_901_007.BIN
sw2_us/scenario/mugen/SC61_901_008.BIN
sw2_us/scenario/mugen/SC61_901_009.BIN
sw2_us/scenario/mugen/SC61_904_000.BIN
sw2_us/scenario/mugen/SC61_904_001.BIN
sw2_us/scenario/mugen/SC61_904_002.BIN
sw2_us/scenario/mugen/SC61_904_003.BIN
sw2_us/scenario/mugen/SC61_904_004.BIN
sw2_us/scenario/mugen/SC61_905_000.BIN
sw2_us/scenario/mugen/SC61_905_001.BIN
sw2_us/scenario/mugen/SC61_905_002.BIN
sw2_us/scenario/mugen/SC61_905_003.BIN
sw2_us/scenario/mugen/SC61_905_004.BIN
sw2_us/scenario/mugen/SC61_906_000.BIN
sw2_us/scenario/mugen/SC61_906_001.BIN
sw2_us/scenario/mugen/SC61_906_002.BIN
sw2_us/scenario/mugen/SC61_906_003.BIN
sw2_us/scenario/mugen/SC61_906_004.BIN
sw2_us/scenario/mugen/SC61_907_000.BIN
sw2_us/scenario/mugen/SC61_907_001.BIN
sw2_us/scenario/mugen/SC61_907_002.BIN
sw2_us/scenario/mugen/SC61_907_003.BIN
sw2_us/scenario/mugen/SC61_907_004.BIN
sw2_us/scenario/mugen/SC61_908_000.BIN
sw2_us/scenario/mugen/SC61_908_001.BIN
sw2_us/scenario/mugen/SC61_908_002.BIN
sw2_us/scenario/mugen/SC61_909_000.BIN
sw2_us/scenario/mugen/SC61_909_001.BIN
sw2_us/scenario/mugen/SC61_909_002.BIN
sw2_us/scenario/mugen/SC61_910_000.BIN
sw2_us/scenario/mugen/SC61_910_001.BIN
sw2_us/scenario/mugen/SC61_910_002.BIN
sw2_us/scenario/mugen/SC61_910_003.BIN
sw2_us/scenario/mugen/SC61_910_004.BIN
sw2_us/scenario/mugen/SC61_911_000.BIN
sw2_us/scenario/mugen/SC61_911_001.BIN
sw2_us/scenario/mugen/SC61_911_002.BIN
sw2_us/scenario/mugen/SC61_911_003.BIN
sw2_us/scenario/mugen/SC61_911_004.BIN
sw2_us/scenario/mugen/SC61_912_000.BIN
sw2_us/scenario/mugen/SC61_912_001.BIN
sw2_us/scenario/mugen/SC61_912_002.BIN
sw2_us/scenario/mugen/SC61_912_003.BIN
sw2_us/scenario/mugen/SC61_912_004.BIN
sw2_us/scenario/mugen/SC61_912_005.BIN
sw2_us/scenario/mugen/SC61_912_006.BIN
sw2_us/scenario/mugen/SC61_912_007.BIN
sw2_us/scenario/mugen/SC61_912_008.BIN
sw2_us/scenario/mugen/SC61_912_009.BIN
sw2_us/scenario/mugen/SC61_916_000.BIN
sw2_us/scenario/mugen/SC61_916_001.BIN
sw2_us/scenario/mugen/SC61_916_002.BIN
sw2_us/scenario/mugen/SC61_916_003.BIN
sw2_us/scenario/mugen/SC61_916_004.BIN
sw2_us/scenario/mugen/SC61_917_000.BIN
sw2_us/scenario/mugen/SC61_917_001.BIN
sw2_us/scenario/mugen/SC61_917_002.BIN
sw2_us/scenario/mugen/SC61_917_003.BIN
sw2_us/scenario/mugen/SC61_917_004.BIN
sw2_us/scenario/mugen/SC61_920_000.BIN
sw2_us/scenario/mugen/SC61_920_001.BIN
sw2_us/scenario/mugen/SC61_920_002.BIN
sw2_us/scenario/mugen/SC61_920_003.BIN
sw2_us/scenario/mugen/SC61_920_004.BIN
sw2_us/scenario/mugen/SC61_920_005.BIN
sw2_us/scenario/mugen/SC61_920_006.BIN
sw2_us/scenario/mugen/SC61_920_007.BIN
sw2_us/scenario/mugen/SC61_920_008.BIN
sw2_us/scenario/mugen/SC61_920_009.BIN
sw2_us/scenario/mugen/SC61_920_010.BIN
sw2_us/scenario/mugen/SC61_920_011.BIN
sw2_us/scenario/mugen/SC61_920_012.BIN
sw2_us/scenario/mugen/SC61_920_013.BIN
sw2_us/scenario/mugen/SC61_920_014.BIN
sw2_us/scenario/mugen/SC61_920_015.BIN
sw2_us/scenario/mugen/SC61_920_016.BIN
sw2_us/scenario/mugen/SC61_920_017.BIN
sw2_us/scenario/mugen/SC61_920_018.BIN
sw2_us/scenario/mugen/SC61_920_019.BIN
sw2_us/scenario/mugen/SC61_920_020.BIN
sw2_us/scenario/mugen/SC61_920_021.BIN
sw2_us/scenario/mugen/SC61_920_022.BIN
sw2_us/scenario/mugen/SC61_920_023.BIN
sw2_us/scenario/mugen/SC61_920_024.BIN
sw2_us/scenario/mugen/SC61_920_025.BIN
sw2_us/scenario/mugen/GR61_00.BIN
sw2_us/scenario/mugen/GR61_01.BIN
sw2_us/scenario/mugen/GR61_02.BIN
sw2_us/scenario/mugen/GR61_03.BIN
sw2_us/scenario/mugen/GR61_04.BIN
sw2_us/scenario/mugen/GR61_05.BIN
sw2_us/scenario/mugen/GR61_06.BIN
sw2_us/scenario/mugen/GR61_07.BIN
sw2_us/scenario/mugen/GR61_08.BIN
sw2_us/scenario/mugen/GR61_09.BIN
sw2_us/scenario/mugen/GR61_10.BIN
sw2_us/scenario/mugen/GR61_11.BIN
sw2_us/scenario/mugen/GR61_12.BIN
sw2_us/scenario/mugen/GR61_13.BIN
sw2_us/scenario/mugen/GR61_14.BIN
sw2_us/scenario/mugen/GR61_15.BIN
sw2_us/scenario/mugen/GR61_16.BIN
sw2_us/scenario/mugen/GR61_17.BIN
sw2_us/scenario/mugen/GR61_18.BIN
sw2_us/scenario/mugen/GR61_19.BIN
sw2_us/scenario/mugen/GR61_20.BIN
sw2_us/scenario/mugen/GR61_21.BIN
sw2_us/scenario/mugen/GR61_22.BIN
sw2_us/scenario/mugen/GR61_23.BIN
sw2_us/scenario/mugen/GR61_24.BIN
sw2_us/scenario/mugen/GR61_25.BIN
sw2_us/scenario/mugen/GR61_26.BIN
sw2_us/scenario/mugen/GR61_27.BIN
sw2_us/scenario/mugen/GR61_28.BIN
sw2_us/scenario/mugen/GR61_29.BIN
sw2_us/scenario/mugen/GR61_30.BIN
sw2_us/scenario/mugen/GR61_31.BIN
sw2_us/scenario/mugen/GR61_32.BIN
sw2_us/scenario/mugen/GR61_33.BIN
sw2_us/scenario/mugen/GR61_34.BIN
sw2_us/scenario/mugen/GR61_35.BIN
sw2_us/scenario/mugen/GR61_36.BIN
sw2_us/scenario/mugen/GR61_37.BIN
sw2_us/scenario/mugen/GR61_38.BIN
sw2_us/scenario/mugen/GR61_39.BIN
sw2_us/scenario/mugen/GR61_40.BIN
sw2_us/scenario/mugen/GR61_41.BIN
sw2_us/scenario/mugen/GR61_42.BIN
sw2_us/scenario/mugen/GR61_43.BIN
sw2_us/scenario/mugen/GR61_44.BIN
sw2_us/scenario/mugen/GR61_45.BIN
sw2_us/scenario/mugen/GR61_46.BIN
sw2_us/scenario/mugen/GR61_47.BIN
sw2_us/scenario/mugen/GR61_48.BIN
sw2_us/scenario/mugen/GR61_49.BIN
sw2_us/scenario/mugen/GR61_50.BIN
sw2_us/scenario/mugen/GR61_51.BIN
sw2_us/scenario/mugen/GR61_52.BIN
sw2_us/scenario/mugen/GR61_53.BIN
sw2_us/scenario/mugen/GR61_54.BIN
sw2_us/scenario/mugen/GR61_55.BIN
sw2_us/scenario/mugen/GR61_56.BIN
sw2_us/scenario/mugen/GR61_57.BIN
sw2_us/scenario/mugen/GR61_58.BIN
sw2_us/scenario/mugen/GR61_59.BIN
sw2_us/scenario/mugen/GR61_60.BIN
sw2_us/scenario/mugen/GR61_61.BIN
sw2_us/scenario/mugen/GR61_62.BIN
sw2_us/scenario/mugen/GR61_63.BIN
sw2_us/scenario/xboxlive/SC100_00.bin
sw2_us/scenario/xboxlive/SC107_00.bin
sw2_us/scenario/xboxlive/SC109_00.bin
sw2_us/scenario/xboxlive/SC117_00.bin
sw2_us/scenario/xboxlive/SC118_00.bin
sw2_us/scenario/xboxlive/SC120_00.bin
sw2_us/scenario/SC40_00.BIN
sw2_us/MovieCaptions/CAPTION_MEV_000.bin
sw2_us/MovieCaptions/CAPTION_MEV_001.bin
sw2_us/MovieCaptions/CAPTION_MEV_002.bin
sw2_us/MovieCaptions/CAPTION_MEV_003.bin
sw2_us/MovieCaptions/CAPTION_MEV_004.bin
sw2_us/MovieCaptions/CAPTION_MEV_005.bin
sw2_us/MovieCaptions/CAPTION_MEV_006.bin
sw2_us/MovieCaptions/CAPTION_MEV_007.bin
sw2_us/MovieCaptions/CAPTION_MEV_008.bin
sw2_us/MovieCaptions/CAPTION_MEV_009.bin
sw2_us/MovieCaptions/CAPTION_MEV_010.bin
sw2_us/MovieCaptions/CAPTION_MEV_011.bin
sw2_us/MovieCaptions/CAPTION_MEV_012.bin
sw2_us/MovieCaptions/CAPTION_MEV_013.bin
sw2_us/MovieCaptions/CAPTION_MEV_014.bin
sw2_us/MovieCaptions/CAPTION_MEV_015.bin
sw2_us/MovieCaptions/CAPTION_MEV_016.bin
sw2_us/MovieCaptions/CAPTION_MEV_017.bin
sw2_us/MovieCaptions/CAPTION_MEV_018.bin
sw2_us/MovieCaptions/CAPTION_MEV_019.bin
sw2_us/MovieCaptions/CAPTION_MEV_020.bin
sw2_us/MovieCaptions/CAPTION_MEV_021.bin
sw2_us/MovieCaptions/CAPTION_MEV_022.bin
sw2_us/MovieCaptions/CAPTION_MEV_023.bin
sw2_us/MovieCaptions/CAPTION_MEV_024.bin
sw2_us/MovieCaptions/CAPTION_MEV_025.bin
sw2_us/MovieCaptions/CAPTION_MEV_026.bin
sw2_us/MovieCaptions/CAPTION_MEV_027.bin
sw2_us/MovieCaptions/CAPTION_MEV_028.bin
sw2_us/MovieCaptions/CAPTION_MEV_029.bin
sw2_us/MovieCaptions/CAPTION_MEV_030.bin
sw2_us/MovieCaptions/CAPTION_MEV_031.bin
sw2_us/MovieCaptions/CAPTION_MEV_032.bin
sw2_us/MovieCaptions/CAPTION_MEV_033.bin
sw2_us/MovieCaptions/CAPTION_MEV_034.bin
sw2_us/MovieCaptions/CAPTION_MEV_035.bin
sw2_us/MovieCaptions/CAPTION_MEV_036.bin
sw2_us/MovieCaptions/CAPTION_MEV_037.bin
sw2_us/MovieCaptions/CAPTION_MEV_038.bin
sw2_us/MovieCaptions/CAPTION_MEV_039.bin
sw2_us/MovieCaptions/CAPTION_MEV_040.bin
sw2_us/MovieCaptions/CAPTION_MEV_041.bin
sw2_us/MovieCaptions/CAPTION_MEV_042.bin
sw2_us/MovieCaptions/CAPTION_MEV_043.bin
sw2_us/MovieCaptions/CAPTION_MEV_044.bin
sw2_us/MovieCaptions/CAPTION_MEV_045.bin
sw2_us/MovieCaptions/CAPTION_MEV_046.bin
sw2_us/MovieCaptions/CAPTION_MEV_047.bin
sw2_us/MovieCaptions/CAPTION_MEV_048.bin
sw2_us/MovieCaptions/CAPTION_MEV_049.bin
sw2_us/MovieCaptions/CAPTION_MEV_050.bin
sw2_us/MovieCaptions/CAPTION_MEV_051.bin
sw2_us/MovieCaptions/CAPTION_MEV_052.bin
sw2_us/MovieCaptions/CAPTION_MEV_053.bin
sw2_us/MovieCaptions/CAPTION_MEV_054.bin
sw2_us/MovieCaptions/CAPTION_MEV_055.bin
sw2_us/MovieCaptions/CAPTION_MEV_056.bin
sw2_us/MovieCaptions/CAPTION_MEV_057.bin
sw2_us/MovieCaptions/CAPTION_MEV_058.bin
sw2_us/MovieCaptions/CAPTION_MEV_059.bin
sw2_us/MovieCaptions/CAPTION_MEV_060.bin
sw2_us/MovieCaptions/CAPTION_MEV_061.bin
sw2_us/MovieCaptions/CAPTION_MEV_062.bin
sw2_us/MovieCaptions/CAPTION_MEV_063.bin
sw2_us/MovieCaptions/CAPTION_MEV_064.bin
sw2_us/MovieCaptions/CAPTION_MEV_065.bin
sw2_us/MovieCaptions/CAPTION_MEV_066.bin
sw2_us/MovieCaptions/CAPTION_MEV_067.bin
sw2_us/MovieCaptions/CAPTION_MEV_068.bin
sw2_us/MovieCaptions/CAPTION_MEV_069.bin
sw2_us/MovieCaptions/CAPTION_MEV_070.bin
MovieTelops/TELOP_MEV_000.bin
MovieTelops/TELOP_MEV_001.bin
MovieTelops/TELOP_MEV_002.bin
MovieTelops/TELOP_MEV_003.bin
MovieTelops/TELOP_MEV_004.bin
MovieTelops/TELOP_MEV_005.bin
MovieTelops/TELOP_MEV_006.bin
MovieTelops/TELOP_MEV_007.bin
MovieTelops/TELOP_MEV_008.bin
MovieTelops/TELOP_MEV_009.bin
MovieTelops/TELOP_MEV_010.bin
MovieTelops/TELOP_MEV_011.bin
MovieTelops/TELOP_MEV_012.bin
MovieTelops/TELOP_MEV_013.bin
MovieTelops/TELOP_MEV_014.bin
MovieTelops/TELOP_MEV_015.bin
MovieTelops/TELOP_MEV_016.bin
MovieTelops/TELOP_MEV_017.bin
MovieTelops/TELOP_MEV_018.bin
MovieTelops/TELOP_MEV_019.bin
MovieTelops/TELOP_MEV_020.bin
MovieTelops/TELOP_MEV_021.bin
MovieTelops/TELOP_MEV_022.bin
MovieTelops/TELOP_MEV_023.bin
MovieTelops/TELOP_MEV_024.bin
MovieTelops/TELOP_MEV_025.bin
MovieTelops/TELOP_MEV_026.bin
MovieTelops/TELOP_MEV_027.bin
MovieTelops/TELOP_MEV_028.bin
MovieTelops/TELOP_MEV_029.bin
MovieTelops/TELOP_MEV_030.bin
MovieTelops/TELOP_MEV_031.bin
MovieTelops/TELOP_MEV_032.bin
MovieTelops/TELOP_MEV_033.bin
MovieTelops/TELOP_MEV_034.bin
MovieTelops/TELOP_MEV_035.bin
MovieTelops/TELOP_MEV_036.bin
MovieTelops/TELOP_MEV_037.bin
MovieTelops/TELOP_MEV_038.bin
MovieTelops/TELOP_MEV_039.bin
MovieTelops/TELOP_MEV_040.bin
MovieTelops/TELOP_MEV_041.bin
MovieTelops/TELOP_MEV_042.bin
MovieTelops/TELOP_MEV_043.bin
MovieTelops/TELOP_MEV_044.bin
MovieTelops/TELOP_MEV_045.bin
MovieTelops/TELOP_MEV_046.bin
MovieTelops/TELOP_MEV_047.bin
MovieTelops/TELOP_MEV_048.bin
MovieTelops/TELOP_MEV_049.bin
MovieTelops/TELOP_MEV_050.bin
MovieTelops/TELOP_MEV_051.bin
MovieTelops/TELOP_MEV_052.bin
MovieTelops/TELOP_MEV_053.bin
MovieTelops/TELOP_MEV_054.bin
MovieTelops/TELOP_MEV_055.bin
MovieTelops/TELOP_MEV_056.bin
MovieTelops/TELOP_MEV_057.bin
MovieTelops/TELOP_MEV_058.bin
MovieTelops/TELOP_MEV_059.bin
MovieTelops/TELOP_MEV_060.bin
MovieTelops/TELOP_MEV_061.bin
MovieTelops/TELOP_MEV_062.bin
MovieTelops/TELOP_MEV_063.bin
MovieTelops/TELOP_MEV_064.bin
MovieTelops/TELOP_MEV_065.bin
MovieTelops/TELOP_MEV_066.bin
MovieTelops/TELOP_MEV_067.bin
MovieTelops/TELOP_MEV_068.bin
MovieTelops/TELOP_MEV_069.bin
MovieTelops/TELOP_MEV_070.bin
Stage/Light/StageLight_00_00.csv
Stage/Light/StageLight_01_00.csv
Stage/Light/StageLight_02_00.csv
Stage/Light/StageLight_03_00.csv
Stage/Light/StageLight_04_00.csv
Stage/Light/StageLight_05_00.csv
Stage/Light/StageLight_06_00.csv
Stage/Light/StageLight_07_00.csv
Stage/Light/StageLight_07_01.csv
Stage/Light/StageLight_08_00.csv
Stage/Light/StageLight_08_01.csv
Stage/Light/StageLight_09_00.csv
Stage/Light/StageLight_10_00.csv
Stage/Light/StageLight_11_00.csv
Stage/Light/StageLight_12_00.csv
Stage/Light/StageLight_12_01.csv
Stage/Light/StageLight_13_00.csv
Stage/Light/StageLight_13_01.csv
Stage/Light/StageLight_14_00.csv
Stage/Light/StageLight_15_00.csv
Stage/Light/StageLight_16_00.csv
Stage/Light/StageLight_17_00.csv
Stage/Light/StageLight_18_00.csv
Stage/Light/StageLight_19_00.csv
Stage/Light/StageLight_19_01.csv
Stage/Light/StageLight_20_00.csv
Stage/Light/StageLight_40_00.csv
Stage/Light/StageLight_60_00.csv
Stage/Light/IndoorLight_00_00.csv
Stage/Light/IndoorLight_01_00.csv
Stage/Light/IndoorLight_02_00.csv
Stage/Light/IndoorLight_03_00.csv
Stage/Light/IndoorLight_04_00.csv
Stage/Light/IndoorLight_05_00.csv
Stage/Light/IndoorLight_06_00.csv
Stage/Light/IndoorLight_07_00.csv
Stage/Light/IndoorLight_07_01.csv
Stage/Light/IndoorLight_08_00.csv
Stage/Light/IndoorLight_08_01.csv
Stage/Light/IndoorLight_09_00.csv
Stage/Light/IndoorLight_10_00.csv
Stage/Light/IndoorLight_11_00.csv
Stage/Light/IndoorLight_12_00.csv
Stage/Light/IndoorLight_12_01.csv
Stage/Light/IndoorLight_13_00.csv
Stage/Light/IndoorLight_13_01.csv
Stage/Light/IndoorLight_14_00.csv
Stage/Light/IndoorLight_15_00.csv
Stage/Light/IndoorLight_16_00.csv
Stage/Light/IndoorLight_17_00.csv
Stage/Light/IndoorLight_18_00.csv
Stage/Light/IndoorLight_19_00.csv
Stage/Light/IndoorLight_19_01.csv
Stage/Light/IndoorLight_20_00.csv
Stage/Light/IndoorLight_40_00.csv
Stage/Light/IndoorLight_60_00.csv