









etc/cmn_bg.g1t
etc/res_chara.bin
etc/res_stage.bin
etc/gal_still.bin
etc/chara_kaiwa.bin
etc/stage_kaiwa.bin
etc/parts_kaiwa.tl
etc/gal_still/ga_chara00_0.lzp
etc/gal_still/ga_chara00_1.lzp
etc/gal_still/ga_chara00_2.lzp
etc/gal_still/ga_chara00_3.lzp
etc/gal_still/ga_chara00_4.lzp
etc/gal_still/ga_chara00_5.lzp
etc/gal_still/ga_chara01_0.lzp
etc/gal_still/ga_chara01_1.lzp
etc/gal_still/ga_chara01_2.lzp
etc/gal_still/ga_chara01_3.lzp
etc/gal_still/ga_chara01_4.lzp
etc/gal_still/ga_chara01_5.lzp
etc/gal_still/ga_chara02_0.lzp
etc/gal_still/ga_chara02_1.lzp
etc/gal_still/ga_chara02_2.lzp
etc/gal_still/ga_chara02_3.lzp
etc/gal_still/ga_chara02_4.lzp
etc/gal_still/ga_chara02_5.lzp
etc/gal_still/ga_chara03_0.lzp
etc/gal_still/ga_chara03_1.lzp
etc/gal_still/ga_chara03_2.lzp
etc/gal_still/ga_chara03_3.lzp
etc/gal_still/ga_chara03_4.lzp
etc/gal_still/ga_chara03_5.lzp
etc/gal_still/ga_chara04_0.lzp
etc/gal_still/ga_chara04_1.lzp
etc/gal_still/ga_chara04_2.lzp
etc/gal_still/ga_chara04_3.lzp
etc/gal_still/ga_chara04_4.lzp
etc/gal_still/ga_chara04_5.lzp
etc/gal_still/ga_chara05_0.lzp
etc/gal_still/ga_chara05_1.lzp
etc/gal_still/ga_chara05_2.lzp
etc/gal_still/ga_chara05_3.lzp
etc/gal_still/ga_chara05_4.lzp
etc/gal_still/ga_chara05_5.lzp
etc/gal_still/ga_chara06_0.lzp
etc/gal_still/ga_chara06_1.lzp
etc/gal_still/ga_chara06_2.lzp
etc/gal_still/ga_chara06_3.lzp
etc/gal_still/ga_chara06_4.lzp
etc/gal_still/ga_chara06_5.lzp
etc/gal_still/ga_chara07_0.lzp
etc/gal_still/ga_chara07_1.lzp
etc/gal_still/ga_chara07_2.lzp
etc/gal_still/ga_chara07_3.lzp
etc/gal_still/ga_chara07_4.lzp
etc/gal_still/ga_chara07_5.lzp
etc/gal_still/ga_chara08_0.lzp
etc/gal_still/ga_chara08_1.lzp
etc/gal_still/ga_chara08_2.lzp
etc/gal_still/ga_chara08_3.lzp
etc/gal_still/ga_chara08_4.lzp
etc/gal_still/ga_chara08_5.lzp
etc/gal_still/ga_chara09_0.lzp
etc/gal_still/ga_chara09_1.lzp
etc/gal_still/ga_chara09_2.lzp
etc/gal_still/ga_chara09_3.lzp
etc/gal_still/ga_chara09_4.lzp
etc/gal_still/ga_chara09_5.lzp
etc/gal_still/ga_chara10_0.lzp
etc/gal_still/ga_chara10_1.lzp
etc/gal_still/ga_chara10_2.lzp
etc/gal_still/ga_chara10_3.lzp
etc/gal_still/ga_chara10_4.lzp
etc/gal_still/ga_chara10_5.lzp
etc/gal_still/ga_chara11_0.lzp
etc/gal_still/ga_chara11_1.lzp
etc/gal_still/ga_chara11_2.lzp
etc/gal_still/ga_chara11_3.lzp
etc/gal_still/ga_chara11_4.lzp
etc/gal_still/ga_chara11_5.lzp
etc/gal_still/ga_chara12_0.lzp
etc/gal_still/ga_chara12_1.lzp
etc/gal_still/ga_chara12_2.lzp
etc/gal_still/ga_chara12_3.lzp
etc/gal_still/ga_chara12_4.lzp
etc/gal_still/ga_chara12_5.lzp
etc/gal_still/ga_chara13_0.lzp
etc/gal_still/ga_chara13_1.lzp
etc/gal_still/ga_chara13_2.lzp
etc/gal_still/ga_chara13_3.lzp
etc/gal_still/ga_chara13_4.lzp
etc/gal_still/ga_chara13_5.lzp
etc/gal_still/ga_chara14_0.lzp
etc/gal_still/ga_chara14_1.lzp
etc/gal_still/ga_chara14_2.lzp
etc/gal_still/ga_chara14_3.lzp
etc/gal_still/ga_chara14_4.lzp
etc/gal_still/ga_chara14_5.lzp
etc/gal_still/ga_chara15_0.lzp
etc/gal_still/ga_chara15_1.lzp
etc/gal_still/ga_chara15_2.lzp
etc/gal_still/ga_chara15_3.lzp
etc/gal_still/ga_chara15_4.lzp
etc/gal_still/ga_chara15_5.lzp
etc/gal_still/ga_chara16_0.lzp
etc/gal_still/ga_chara16_1.lzp
etc/gal_still/ga_chara16_2.lzp
etc/gal_still/ga_chara16_3.lzp
etc/gal_still/ga_chara16_4.lzp
etc/gal_still/ga_chara16_5.lzp
etc/gal_still/ga_chara17_0.lzp
etc/gal_still/ga_chara17_1.lzp
etc/gal_still/ga_chara17_2.lzp
etc/gal_still/ga_chara17_3.lzp
etc/gal_still/ga_chara17_4.lzp
etc/gal_still/ga_chara17_5.lzp
etc/gal_still/ga_chara18_0.lzp
etc/gal_still/ga_chara18_1.lzp
etc/gal_still/ga_chara18_2.lzp
etc/gal_still/ga_chara18_3.lzp
etc/gal_still/ga_chara18_4.lzp
etc/gal_still/ga_chara18_5.lzp
etc/gal_still/ga_chara19_0.lzp
etc/gal_still/ga_chara19_1.lzp
etc/gal_still/ga_chara19_2.lzp
etc/gal_still/ga_chara19_3.lzp
etc/gal_still/ga_chara19_4.lzp
etc/gal_still/ga_chara19_5.lzp
etc/gal_still/ga_chara20_0.lzp
etc/gal_still/ga_chara20_1.lzp
etc/gal_still/ga_chara20_2.lzp
etc/gal_still/ga_chara20_3.lzp
etc/gal_still/ga_chara20_4.lzp
etc/gal_still/ga_chara20_5.lzp
etc/gal_still/ga_chara21_0.lzp
etc/gal_still/ga_chara21_1.lzp
etc/gal_still/ga_chara21_2.lzp
etc/gal_still/ga_chara21_3.lzp
etc/gal_still/ga_chara21_4.lzp
etc/gal_still/ga_chara21_5.lzp
etc/gal_still/ga_chara22_0.lzp
etc/gal_still/ga_chara22_1.lzp
etc/gal_still/ga_chara22_2.lzp
etc/gal_still/ga_chara22_3.lzp
etc/gal_still/ga_chara22_4.lzp
etc/gal_still/ga_chara22_5.lzp
etc/gal_still/ga_chara23_0.lzp
etc/gal_still/ga_chara23_1.lzp
etc/gal_still/ga_chara23_2.lzp
etc/gal_still/ga_chara23_3.lzp
etc/gal_still/ga_chara23_4.lzp
etc/gal_still/ga_chara23_5.lzp
etc/gal_still/ga_chara24_0.lzp
etc/gal_still/ga_chara24_1.lzp
etc/gal_still/ga_chara24_2.lzp
etc/gal_still/ga_chara24_3.lzp
etc/gal_still/ga_chara24_4.lzp
etc/gal_still/ga_chara24_5.lzp
etc/gal_still/ga_chara25_0.lzp
etc/gal_still/ga_chara25_1.lzp
etc/gal_still/ga_chara25_2.lzp
etc/gal_still/ga_chara25_3.lzp
etc/gal_still/ga_chara25_4.lzp
etc/gal_still/ga_chara25_5.lzp
etc/gal_still/ga_chara26_0.lzp
etc/gal_still/ga_chara26_1.lzp
etc/gal_still/ga_chara26_2.lzp
etc/gal_still/ga_chara26_3.lzp
etc/gal_still/ga_chara26_4.lzp
etc/gal_still/ga_chara26_5.lzp
etc/gal_still/ga_chara27_0.lzp
etc/gal_still/ga_chara27_1.lzp
etc/gal_still/ga_chara27_2.lzp
etc/gal_still/ga_chara27_3.lzp
etc/gal_still/ga_chara27_4.lzp
etc/gal_still/ga_chara27_5.lzp
etc/gal_still/ga_chara28_0.lzp
etc/gal_still/ga_chara28_1.lzp
etc/gal_still/ga_chara28_2.lzp
etc/gal_still/ga_chara28_3.lzp
etc/gal_still/ga_chara28_4.lzp
etc/gal_still/ga_chara28_5.lzp
etc/gal_still/ga_chara29_0.lzp
etc/gal_still/ga_chara29_1.lzp
etc/gal_still/ga_chara29_2.lzp
etc/gal_still/ga_chara29_3.lzp
etc/gal_still/ga_chara29_4.lzp
etc/gal_still/ga_chara29_5.lzp
etc/gal_still/ga_chara30_0.lzp
etc/gal_still/ga_chara30_1.lzp
etc/gal_still/ga_chara30_2.lzp
etc/gal_still/ga_chara30_3.lzp
etc/gal_still/ga_chara30_4.lzp
etc/gal_still/ga_chara30_5.lzp
etc/gal_still/ga_chara31_0.lzp
etc/gal_still/ga_chara31_1.lzp
etc/gal_still/ga_chara31_2.lzp
etc/gal_still/ga_chara31_3.lzp
etc/gal_still/ga_chara31_4.lzp
etc/gal_still/ga_chara31_5.lzp
etc/gal_still/ga_chara32_0.lzp
etc/gal_still/ga_chara32_1.lzp
etc/gal_still/ga_chara32_2.lzp
etc/gal_still/ga_chara32_3.lzp
etc/gal_still/ga_chara32_4.lzp
etc/gal_still/ga_chara32_5.lzp
etc/gal_still/ga_chara33_0.lzp
etc/gal_still/ga_chara33_1.lzp
etc/gal_still/ga_chara33_2.lzp
etc/gal_still/ga_chara33_3.lzp
etc/gal_still/ga_chara33_4.lzp
etc/gal_still/ga_chara33_5.lzp
etc/gal_still/ga_chara34_0.lzp
etc/gal_still/ga_chara34_1.lzp
etc/gal_still/ga_chara34_2.lzp
etc/gal_still/ga_chara34_3.lzp
etc/gal_still/ga_chara34_4.lzp
etc/gal_still/ga_chara34_5.lzp
etc/gal_still/ga_chara35_0.lzp
etc/gal_still/ga_chara35_1.lzp
etc/gal_still/ga_chara35_2.lzp
etc/gal_still/ga_chara35_3.lzp
etc/gal_still/ga_chara35_4.lzp
etc/gal_still/ga_chara35_5.lzp
etc/gal_still/ga_chara36_0.lzp
etc/gal_still/ga_chara36_1.lzp
etc/gal_still/ga_chara36_2.lzp
etc/gal_still/ga_chara36_3.lzp
etc/gal_still/ga_chara36_4.lzp
etc/gal_still/ga_chara36_5.lzp
etc/gal_still/ga_chara37_0.lzp
etc/gal_still/ga_chara37_1.lzp
etc/gal_still/ga_chara37_2.lzp
etc/gal_still/ga_chara37_3.lzp
etc/gal_still/ga_chara37_4.lzp
etc/gal_still/ga_chara37_5.lzp
etc/gal_still/ga_chara38_0.lzp
etc/gal_still/ga_chara38_1.lzp
etc/gal_still/ga_chara38_2.lzp
etc/gal_still/ga_chara38_3.lzp
etc/gal_still/ga_chara38_4.lzp
etc/gal_still/ga_chara38_5.lzp
etc/gal_still/ga_chara39_0.lzp
etc/gal_still/ga_chara39_1.lzp
etc/gal_still/ga_chara39_2.lzp
etc/gal_still/ga_chara39_3.lzp
etc/gal_still/ga_chara39_4.lzp
etc/gal_still/ga_chara39_5.lzp
etc/gal_still/ga_chara40_0.lzp
etc/gal_still/ga_chara40_1.lzp
etc/gal_still/ga_chara40_2.lzp
etc/gal_still/ga_chara40_3.lzp
etc/gal_still/ga_chara40_4.lzp
etc/gal_still/ga_chara40_5.lzp
etc/gal_still/ga_chara41_0.lzp
etc/gal_still/ga_chara41_1.lzp
etc/gal_still/ga_chara41_2.lzp
etc/gal_still/ga_chara41_3.lzp
etc/gal_still/ga_chara41_4.lzp
etc/gal_still/ga_chara41_5.lzp
etc/gal_still/ga_chara42_0.lzp
etc/gal_still/ga_chara42_1.lzp
etc/gal_still/ga_chara42_2.lzp
etc/gal_still/ga_chara42_3.lzp
etc/gal_still/ga_chara42_4.lzp
etc/gal_still/ga_chara42_5.lzp
etc/gal_still/ga_chara43_0.lzp
etc/gal_still/ga_chara43_1.lzp
etc/gal_still/ga_chara43_2.lzp
etc/gal_still/ga_chara43_3.lzp
etc/gal_still/ga_chara43_4.lzp
etc/gal_still/ga_chara43_5.lzp
etc/gal_still/ga_chara44_0.lzp
etc/gal_still/ga_chara44_1.lzp
etc/gal_still/ga_chara44_2.lzp
etc/gal_still/ga_chara44_3.lzp
etc/gal_still/ga_chara44_4.lzp
etc/gal_still/ga_chara44_5.lzp
etc/gal_still/ga_chara45_0.lzp
etc/gal_still/ga_chara45_1.lzp
etc/gal_still/ga_chara45_2.lzp
etc/gal_still/ga_chara45_3.lzp
etc/gal_still/ga_chara45_4.lzp
etc/gal_still/ga_chara45_5.lzp
etc/gal_still/ga_chara46_0.lzp
etc/gal_still/ga_chara46_1.lzp
etc/gal_still/ga_chara46_2.lzp
etc/gal_still/ga_chara46_3.lzp
etc/gal_still/ga_chara46_4.lzp
etc/gal_still/ga_chara46_5.lzp
etc/gal_still/ga_chara47_0.lzp
etc/gal_still/ga_chara47_1.lzp
etc/gal_still/ga_chara47_2.lzp
etc/gal_still/ga_chara47_3.lzp
etc/gal_still/ga_chara47_4.lzp
etc/gal_still/ga_chara47_5.lzp
etc/gal_still/ga_chara48_0.lzp
etc/gal_still/ga_chara48_1.lzp
etc/gal_still/ga_chara48_2.lzp
etc/gal_still/ga_chara48_3.lzp
etc/gal_still/ga_chara48_4.lzp
etc/gal_still/ga_chara48_5.lzp
etc/gal_still/ga_chara49_0.lzp
etc/gal_still/ga_chara49_1.lzp
etc/gal_still/ga_chara49_2.lzp
etc/gal_still/ga_chara49_3.lzp
etc/gal_still/ga_chara49_4.lzp
etc/gal_still/ga_chara49_5.lzp
etc/gal_still/ga_chara50_0.lzp
etc/gal_still/ga_chara50_1.lzp
etc/gal_still/ga_chara50_2.lzp
etc/gal_still/ga_chara50_3.lzp
etc/gal_still/ga_chara50_4.lzp
etc/gal_still/ga_chara50_5.lzp
etc/gal_still/ga_chara51_0.lzp
etc/gal_still/ga_chara51_1.lzp
etc/gal_still/ga_chara51_2.lzp
etc/gal_still/ga_chara51_3.lzp
etc/gal_still/ga_chara51_4.lzp
etc/gal_still/ga_chara51_5.lzp
etc/gal_still/ga_chara52_0.lzp
etc/gal_still/ga_chara52_1.lzp
etc/gal_still/ga_chara52_2.lzp
etc/gal_still/ga_chara52_3.lzp
etc/gal_still/ga_chara52_4.lzp
etc/gal_still/ga_chara52_5.lzp
etc/gal_still/ga_chara53_0.lzp
etc/gal_still/ga_chara53_1.lzp
etc/gal_still/ga_chara53_2.lzp
etc/gal_still/ga_chara53_3.lzp
etc/gal_still/ga_chara53_4.lzp
etc/gal_still/ga_chara53_5.lzp
etc/gal_still/ga_chara54_0.lzp
etc/gal_still/ga_chara54_1.lzp
etc/gal_still/ga_chara54_2.lzp
etc/gal_still/ga_chara54_3.lzp
etc/gal_still/ga_chara54_4.lzp
etc/gal_still/ga_chara54_5.lzp
etc/gal_still/ga_chara55_0.lzp
etc/gal_still/ga_chara55_1.lzp
etc/gal_still/ga_chara55_2.lzp
etc/gal_still/ga_chara55_3.lzp
etc/gal_still/ga_chara55_4.lzp
etc/gal_still/ga_chara55_5.lzp
etc/gal_still/ga_chara56_0.lzp
etc/gal_still/ga_chara56_1.lzp
etc/gal_still/ga_chara56_2.lzp
etc/gal_still/ga_chara56_3.lzp
etc/gal_still/ga_chara56_4.lzp
etc/gal_still/ga_chara56_5.lzp
etc/gal_still/ga_chara57_0.lzp
etc/gal_still/ga_chara57_1.lzp
etc/gal_still/ga_chara57_2.lzp
etc/gal_still/ga_chara57_3.lzp
etc/gal_still/ga_chara57_4.lzp
etc/gal_still/ga_chara57_5.lzp
etc/gal_still/ga_chara58_0.lzp
etc/gal_still/ga_chara58_1.lzp
etc/gal_still/ga_chara58_2.lzp
etc/gal_still/ga_chara58_3.lzp
etc/gal_still/ga_chara58_4.lzp
etc/gal_still/ga_chara58_5.lzp
etc/gal_still/ga_chara59_0.lzp
etc/gal_still/ga_chara59_1.lzp
etc/gal_still/ga_chara59_2.lzp
etc/gal_still/ga_chara59_3.lzp
etc/gal_still/ga_chara59_4.lzp
etc/gal_still/ga_chara59_5.lzp
etc/gal_still/ga_chara60_0.lzp
etc/gal_still/ga_chara60_1.lzp
etc/gal_still/ga_chara60_2.lzp
etc/gal_still/ga_chara60_3.lzp
etc/gal_still/ga_chara60_4.lzp
etc/gal_still/ga_chara60_5.lzp
etc/gal_still/ga_chara61_0.lzp
etc/gal_still/ga_chara61_1.lzp
etc/gal_still/ga_chara61_2.lzp
etc/gal_still/ga_chara61_3.lzp
etc/gal_still/ga_chara61_4.lzp
etc/gal_still/ga_chara61_5.lzp
etc/gal_still/ga_chara62_0.lzp
etc/gal_still/ga_chara62_1.lzp
etc/gal_still/ga_chara62_2.lzp
etc/gal_still/ga_chara62_3.lzp
etc/gal_still/ga_chara62_4.lzp
etc/gal_still/ga_chara62_5.lzp
etc/gal_still/ga_chara63_0.lzp
etc/gal_still/ga_chara63_1.lzp
etc/gal_still/ga_chara63_2.lzp
etc/gal_still/ga_chara63_3.lzp
etc/gal_still/ga_chara63_4.lzp
etc/gal_still/ga_chara63_5.lzp
etc/gal_still/ga_chara64_0.lzp
etc/gal_still/ga_chara64_1.lzp
etc/gal_still/ga_chara64_2.lzp
etc/gal_still/ga_chara64_3.lzp
etc/gal_still/ga_chara64_4.lzp
etc/gal_still/ga_chara64_5.lzp
etc/gal_still/ga_chara65_0.lzp
etc/gal_still/ga_chara65_1.lzp
etc/gal_still/ga_chara65_2.lzp
etc/gal_still/ga_chara65_3.lzp
etc/gal_still/ga_chara65_4.lzp
etc/gal_still/ga_chara65_5.lzp
etc/gal_still/ga_chara66_0.lzp
etc/gal_still/ga_chara66_1.lzp
etc/gal_still/ga_chara66_2.lzp
etc/gal_still/ga_chara66_3.lzp
etc/gal_still/ga_chara66_4.lzp
etc/gal_still/ga_chara66_5.lzp
etc/gal_still/ga_chara67_0.lzp
etc/gal_still/ga_chara67_1.lzp
etc/gal_still/ga_chara67_2.lzp
etc/gal_still/ga_chara67_3.lzp
etc/gal_still/ga_chara67_4.lzp
etc/gal_still/ga_chara67_5.lzp
etc/gal_still/ga_chara68_0.lzp
etc/gal_still/ga_chara68_1.lzp
etc/gal_still/ga_chara68_2.lzp
etc/gal_still/ga_chara68_3.lzp
etc/gal_still/ga_chara68_4.lzp
etc/gal_still/ga_chara68_5.lzp
etc/gal_still/ga_chara69_0.lzp
etc/gal_still/ga_chara69_1.lzp
etc/gal_still/ga_chara69_2.lzp
etc/gal_still/ga_chara69_3.lzp
etc/gal_still/ga_chara69_4.lzp
etc/gal_still/ga_chara69_5.lzp
etc/gal_still/ga_chara70_0.lzp
etc/gal_still/ga_chara70_1.lzp
etc/gal_still/ga_chara70_2.lzp
etc/gal_still/ga_chara70_3.lzp
etc/gal_still/ga_chara70_4.lzp
etc/gal_still/ga_chara70_5.lzp
etc/gal_still/ga_chara71_0.lzp
etc/gal_still/ga_chara71_1.lzp
etc/gal_still/ga_chara71_2.lzp
etc/gal_still/ga_chara71_3.lzp
etc/gal_still/ga_chara71_4.lzp
etc/gal_still/ga_chara71_5.lzp
etc/gal_still/ga_chara72_0.lzp
etc/gal_still/ga_chara72_1.lzp
etc/gal_still/ga_chara72_2.lzp
etc/gal_still/ga_chara72_3.lzp
etc/gal_still/ga_chara72_4.lzp
etc/gal_still/ga_chara72_5.lzp
etc/gal_still/ga_chara73_0.lzp
etc/gal_still/ga_chara73_1.lzp
etc/gal_still/ga_chara73_2.lzp
etc/gal_still/ga_chara73_3.lzp
etc/gal_still/ga_chara73_4.lzp
etc/gal_still/ga_chara73_5.lzp
etc/gal_still/ga_chara74_0.lzp
etc/gal_still/ga_chara74_1.lzp
etc/gal_still/ga_chara74_2.lzp
etc/gal_still/ga_chara74_3.lzp
etc/gal_still/ga_chara74_4.lzp
etc/gal_still/ga_chara74_5.lzp
etc/gal_still/ga_chara75_0.lzp
etc/gal_still/ga_chara75_1.lzp
etc/gal_still/ga_chara75_2.lzp
etc/gal_still/ga_chara75_3.lzp
etc/gal_still/ga_chara75_4.lzp
etc/gal_still/ga_chara75_5.lzp
etc/gal_still/ga_chara76_0.lzp
etc/gal_still/ga_chara76_1.lzp
etc/gal_still/ga_chara76_2.lzp
etc/gal_still/ga_chara76_3.lzp
etc/gal_still/ga_chara76_4.lzp
etc/gal_still/ga_chara76_5.lzp
etc/gal_still/ga_chara77_0.lzp
etc/gal_still/ga_chara77_1.lzp
etc/gal_still/ga_chara77_2.lzp
etc/gal_still/ga_chara77_3.lzp
etc/gal_still/ga_chara77_4.lzp
etc/gal_still/ga_chara77_5.lzp
etc/gal_still/ga_chara78_0.lzp
etc/gal_still/ga_chara78_1.lzp
etc/gal_still/ga_chara78_2.lzp
etc/gal_still/ga_chara78_3.lzp
etc/gal_still/ga_chara78_4.lzp
etc/gal_still/ga_chara78_5.lzp
etc/CSEL_STILL.tl
etc_E/sysfont.g1t
etc_E/barrack.tl
etc_E/chara_stl_s.tl
etc_E/charasel.tl
etc_E/face_up.bin
etc_E/gallery.tl
etc_E/IM_mes.bin
etc_E/loading.tl
etc_E/logo.g1t
etc_E/option.tl
etc_E/parts_gaikyou.tl
etc_E/result.tl
etc_E/scenario.bin
etc_E/scn_title.bin
etc_E/scnsel.tl
etc_E/station_a.tl
etc_E/station_b.tl
etc_E/stlev.pd2
etc_E/stlevbase.pd2
etc_E/storysel.tl
etc_E/sysmes.bin
etc_E/title.tl
etc_E/wininfo.pd2
etc_E/vsui_win00.g1t
etc_E/vsui_win01.g1t
etc_E/vsui_win02.g1t
etc_E/vsui_lose00.g1t
etc_E/IM/IM00_S06.tl
etc_E/IM/IM01_S06.tl
etc_E/IM/IM01_S05.tl
etc_E/IM/IM02_S06.tl
etc_E/IM/IM00_S01.tl
etc_E/IM/IM01_S02.tl
etc_E/IM/IM03_S03.tl
etc_E/IM/IM00_M05.tl
etc_E/IM/IM02_S01.tl
etc_E/IM/IM03_M00.tl
etc_E/IM/IM00_M04.tl
etc_E/IM/IM03_S02.tl
etc_E/IM/IM03_M04.tl
etc_E/IM/IM01_M02.tl
etc_E/IM/IM02_M01.tl
etc_E/IM/IM02_S07.tl
etc_E/IM/IM00_S03.tl
etc_E/IM/IM03_M03.tl
etc_E/IM/IM00_M02.tl
etc_E/IM/IM02_M05.tl
etc_E/IM/IM01_S01.tl
etc_E/IM/IM02_M00.tl
etc_E/IM/IM03_M05.tl
etc_E/IM/IM01_M03.tl
etc_E/IM/IM00_M03.tl
etc_E/IM/IM01_M01.tl
etc_E/IM/IM00_S04.tl
etc_E/IM/IM01_M05.tl
etc_E/IM/IM01_S07.tl
etc_E/IM/IM03_S07.tl
etc_E/IM/IM03_M06.tl
etc_E/IM/IM02_S03.tl
etc_E/IM/IM01_S04.tl
etc_E/IM/IM02_S02.tl
etc_E/IM/IM02_S04.tl
etc_E/IM/IM00_M00.tl
etc_E/IM/IM00_M06.tl
etc_E/IM/IM02_M03.tl
etc_E/IM/IM02_M02.tl
etc_E/IM/IM03_S05.tl
etc_E/IM/IM01_M04.tl
etc_E/IM/IM03_S06.tl
etc_E/IM/IM03_S01.tl
etc_E/IM/IM03_M02.tl
etc_E/IM/IM02_M06.tl
etc_E/IM/IM00_S02.tl
etc_E/IM/IM02_M04.tl
etc_E/IM/IM01_M00.tl
etc_E/IM/IM03_S04.tl
etc_E/IM/IM00_M01.tl
etc_E/IM/IM02_S05.tl
etc_E/IM/IM01_S03.tl
etc_E/IM/IM03_M01.tl
etc_E/IM/IM00_S07.tl
etc_E/IM/IM01_M06.tl
etc_E/IM/IM00_S05.tl
etc_E/IM/IM01_M07.tl
etc_E/IM/IM02_M07.tl
etc_E/IM/IM00_M07.tl
etc_E/IM/IM03_M07.tl
scenario_E/S00.BIN
scenario_E/S01.BIN
scenario_E/S02.BIN
scenario_E/S03.BIN
scenario_E/S04.BIN
scenario_E/S05.BIN
scenario_E/S06.BIN
scenario_E/S07.BIN
scenario_E/S08.BIN
scenario_E/S09.BIN
scenario_E/S10.BIN
scenario_E/S11.BIN
scenario_E/S12.BIN
scenario_E/S13.BIN
scenario_E/S14.BIN
scenario_E/S15.BIN
scenario_E/S16.BIN
scenario_E/S17.BIN
scenario_E/S18.BIN
scenario_E/S19.BIN
scenario_E/S20.BIN
scenario_E/S21.BIN
scenario_E/S22.BIN
scenario_E/S23.BIN
scenario_E/S24.BIN
scenario_E/S25.BIN
scenario_E/S26.BIN
scenario_E/S27.BIN
scenario_E/S28.BIN
scenario_E/S29.BIN
scenario_E/S30.BIN
scenario_E/S31.BIN
scenario_E/S32.BIN
scenario_E/S33.BIN
scenario_E/S34.BIN
scenario_E/S35.BIN
scenario_E/S36.BIN
scenario_E/S37.BIN
scenario_E/S38.BIN
scenario_E/S39.BIN
scenario_E/S40.BIN
scenario_E/S41.BIN
scenario_E/S42.BIN
scenario_E/S43.BIN
scenario_E/S44.BIN
scenario_E/S45.BIN
scenario_E/S46.BIN
scenario_E/S47.BIN
scenario_E/S48.BIN
scenario_E/S49.BIN
scenario_E/S50.BIN
scenario_E/S51.BIN
scenario_E/S52.BIN
scenario_E/S53.BIN
scenario_E/S54.BIN
scenario_E/S55.BIN
scenario_E/S56.BIN
scenario_E/S57.BIN
scenario_E/S58.BIN
scenario_E/S59.BIN
script_E/SSCamera.bin
script_E/event/S00.evt
script_E/event/S01.evt
script_E/event/S02.evt
script_E/event/S03.evt
script_E/event/S04.evt
script_E/event/S05.evt
script_E/event/S06.evt
script_E/event/S07.evt
script_E/event/S08.evt
script_E/event/S09.evt
script_E/event/S10.evt
script_E/event/S11.evt
script_E/event/S12.evt
script_E/event/S13.evt
script_E/event/S14.evt
script_E/event/S15.evt
script_E/event/S16.evt
script_E/event/S17.evt
script_E/event/S18.evt
script_E/event/S19.evt
script_E/event/S20.evt
script_E/event/S21.evt
script_E/event/S21_B.evt
script_E/event/S22.evt
script_E/event/S23.evt
script_E/event/S24.evt
script_E/event/S25.evt
script_E/event/S26.evt
script_E/event/S27.evt
script_E/event/S28.evt
script_E/event/S29.evt
script_E/event/S30.evt
script_E/event/S31.evt
script_E/event/S32.evt
script_E/event/S33.evt
script_E/event/S34.evt
script_E/event/S35.evt
script_E/event/S36.evt
script_E/event/S37_00.evt
script_E/event/S37_01.evt
script_E/event/S37_02.evt
script_E/event/S37_03.evt
script_E/event/S37_04.evt
script_E/event/S37_05.evt
script_E/event/S37_06.evt
script_E/event/S37_07.evt
script_E/event/S37_08.evt
script_E/event/S37_09.evt
script_E/event/S37_10.evt
script_E/event/S37_11.evt
script_E/event/S37_12.evt
script_E/event/S37_13.evt
script_E/event/S37_14.evt
script_E/event/S37_15.evt
script_E/event/S37_16.evt
script_E/event/S37_17.evt
script_E/event/S37_18.evt
script_E/event/S37_19.evt
script_E/event/S37_20.evt
script_E/event/S37_21.evt
script_E/event/S37_22.evt
script_E/event/S37_23.evt
script_E/event/S37_24.evt
script_E/event/S37_25.evt
script_E/event/S37_26.evt
script_E/event/S37_27.evt
script_E/event/S37_28.evt
script_E/event/S37_29.evt
script_E/event/S37_30.evt
script_E/event/S37_31.evt
script_E/event/S37_32.evt
script_E/event/S37_33.evt
script_E/event/S37_34.evt
script_E/event/S37_35.evt
script_E/event/S37_36.evt
script_E/event/S37_37.evt
script_E/event/S37_38.evt
script_E/event/S37_39.evt
script_E/event/S37_40.evt
script_E/event/S37_41.evt
script_E/event/S37_42.evt
script_E/event/S37_43.evt
script_E/event/S37_44.evt
script_E/event/S37_45.evt
script_E/event/S37_46.evt
script_E/event/S37_47.evt
script_E/event/S37_48.evt
script_E/event/S37_49.evt
script_E/event/S37_50.evt
script_E/event/S37_51.evt
script_E/event/S37_52.evt
script_E/event/S37_53.evt
script_E/event/S37_54.evt
script_E/event/S37_55.evt
script_E/event/S37_56.evt
script_E/event/S37_57.evt
script_E/event/S37_58.evt
script_E/event/S37_59.evt
script_E/event/S37_60.evt
script_E/event/S37_61.evt
script_E/event/S37_62.evt
script_E/event/S37_63.evt
script_E/event/S37_64.evt
script_E/event/S37_65.evt
script_E/event/S37_66.evt
script_E/event/S37_67.evt
script_E/event/S37_68.evt
script_E/event/S37_69.evt
script_E/event/S37_70.evt
script_E/event/S37_71.evt
script_E/event/S37_72.evt
script_E/event/S37_73.evt
script_E/event/S37_74.evt
script_E/event/S37_75.evt
script_E/event/S37_76.evt
script_E/event/S37_77.evt
script_E/event/S37_78.evt
script_E/event/S38.evt
script_E/event/S39.evt
script_E/event/S40.evt
script_E/event/S41.evt
script_E/event/S42.evt
script_E/event/S43.evt
script_E/event/S44.evt
script_E/event/S45.evt
script_E/event/S46.evt
script_E/event/S47.evt
script_E/event/S47_B.evt
script_E/event/S48.evt
script_E/event/S49.evt
script_E/event/S50.evt
script_E/event/S51.evt
script_E/event/S52.evt
script_E/event/S53.evt
script_E/event/S54.evt
script_E/event/S55.evt
script_E/event/S56.evt
script_E/event/S57.evt
script_E/event/S58_00.evt
script_E/event/S58_01.evt
script_E/event/S58_02.evt
script_E/event/S58_03.evt
script_E/event/S58_04.evt
script_E/event/S58_05.evt
script_E/event/S58_06.evt
script_E/event/S58_07.evt
script_E/event/S58_08.evt
script_E/event/S58_09.evt
script_E/event/S58_10.evt
script_E/event/S58_11.evt
script_E/event/S58_12.evt
script_E/event/S58_13.evt
script_E/event/S58_14.evt
script_E/event/S58_15.evt
script_E/event/S58_16.evt
script_E/event/S58_17.evt
script_E/event/S58_18.evt
script_E/event/S58_19.evt
script_E/event/S58_20.evt
script_E/event/S58_21.evt
script_E/event/S58_22.evt
script_E/event/S58_23.evt
script_E/event/S58_24.evt
script_E/event/S58_25.evt
script_E/event/S58_26.evt
script_E/event/S58_27.evt
script_E/event/S58_28.evt
script_E/event/S58_29.evt
script_E/event/S58_30.evt
script_E/event/S58_31.evt
script_E/event/S58_32.evt
script_E/event/S58_33.evt
script_E/event/S58_34.evt
script_E/event/S58_35.evt
script_E/event/S58_36.evt
script_E/event/S58_37.evt
script_E/event/S58_38.evt
script_E/event/S58_39.evt
script_E/event/S58_40.evt
script_E/event/S58_41.evt
script_E/event/S58_42.evt
script_E/event/S58_43.evt
script_E/event/S58_44.evt
script_E/event/S58_45.evt
script_E/event/S58_46.evt
script_E/event/S58_47.evt
script_E/event/S58_48.evt
script_E/event/S58_49.evt
script_E/event/S58_50.evt
script_E/event/S58_51.evt
script_E/event/S58_52.evt
script_E/event/S58_53.evt
script_E/event/S58_54.evt
script_E/event/S58_55.evt
script_E/event/S58_56.evt
script_E/event/S58_57.evt
script_E/event/S58_58.evt
script_E/event/S58_59.evt
script_E/event/S58_60.evt
script_E/event/S58_61.evt
script_E/event/S58_62.evt
script_E/event/S58_63.evt
script_E/event/S58_64.evt
script_E/event/S58_65.evt
script_E/event/S58_66.evt
script_E/event/S58_67.evt
script_E/event/S58_68.evt
script_E/event/S58_69.evt
script_E/event/S58_70.evt
script_E/event/S58_71.evt
script_E/event/S58_72.evt
script_E/event/S58_73.evt
script_E/event/S58_74.evt
script_E/event/S58_75.evt
script_E/event/S58_76.evt
script_E/event/S58_77.evt
script_E/event/S58_78.evt
script_E/event/S59.evt
script_E/event/WIN_00.evt
etc_E/mv_cap/CAPTION_MEV_000.bin
etc_E/mv_cap/CAPTION_MEV_001.bin
etc_E/mv_cap/CAPTION_MEV_002.bin
etc_E/mv_cap/CAPTION_MEV_003.bin
etc_E/mv_cap/CAPTION_MEV_004.bin
etc_E/mv_cap/CAPTION_MEV_005.bin
etc_E/mv_cap/CAPTION_MEV_006.bin
etc_E/mv_cap/CAPTION_MEV_007.bin
sound_E/vo_des.bin
