other/CharaDX9.g1s
other/CharaClothDX9.g1s
other/ObjectDX9.g1s
other/ObjectShadowReceiveDX9.g1s
other/FarDX9.g1s
other/LandmarkDX9.g1s
other/Ground1DX9.g1s
other/Ground1NSDX9.g1s
other/GroundLive1DX9.g1s
other/ShadowMapDX9.g1s
other/BriefingDX9.g1s
other/WaterDX9.g1s
other/Chara_2_0_DX9.g1s
other/CharaCloth_2_0_DX9.g1s
other/Object_2_0_DX9.g1s
other/ObjectShadowReceive_2_0_DX9.g1s
other/Far_2_0_DX9.g1s
other/Landmark_2_0_DX9.g1s
other/Ground1_2_0_DX9.g1s
other/Ground1NS_2_0_DX9.g1s
other/GroundLive1_2_0_DX9.g1s
other/ShadowMap_2_0_DX9.g1s
other/Briefing_2_0_DX9.g1s
other/Water_2_0_DX9.g1s
other/Chara_1_1_DX9.g1s
other/Object_1_1_DX9.g1s
other/Far_1_1_DX9.g1s
other/Landmark_1_1_DX9.g1s
other/Ground1_1_1_DX9.g1s
other/GroundLive1_1_1_DX9.g1s
other/Briefing_1_1_DX9.g1s
action/mdlparam.bin
action/equip_data.bin
action/w_model_data.bin
action/hand.g1a
action/Bullet.bt2
cmn_mdl/Horse.g1t
cmn_mdl/Horse_p.g1t
cmn_mdl/Horse_p00.g1m
cmn_mdl/Horse_p01.g1m
cmn_mdl/Horse_p02.g1m
cmn_mdl/Horse_p03.g1m
cmn_mdl/Horse_p04.g1m
cmn_mdl/Horse_p05.g1m
cmn_mdl/Horse_p06.g1m
cmn_mdl/Horse_p07.g1m
packed/model/Horse.g1t
packed/model/Horse.g1m
Packed/Model/dummy.dat
Packed/Model/dummy.dat
packed/model/L00_chouun0_M4.g1t
packed/model/L00_chouun0_M4.g1m
packed/model/00_chouun_M4.g1a
packed/model/chouun-ogs.pac
packed/model/L01_kanu0_M4.g1t
packed/model/L01_kanu0_M4.g1m
packed/model/01_kanu_M4.g1a
packed/model/kanu-ogs.pac
packed/model/L02_chouhi0_M4.g1t
packed/model/L02_chouhi0_M4.g1m
packed/model/02_chouhi_M4.g1a
packed/model/chouhi-ogs.pac
packed/model/L03_kakouton0_M4.g1t
packed/model/L03_kakouton0_M4.g1m
packed/model/03_kakouton_M4.g1a
packed/model/kakouton-ogs.pac
packed/model/L04_teni0_M4.g1t
packed/model/L04_teni0_M4.g1m
packed/model/04_teni_M4.g1a
packed/model/teni-ogs.pac
packed/model/L05_kyocho_M4.g1t
packed/model/L05_kyocho_M4.g1m
packed/model/05_kyocho_M4.g1a
packed/model/kyocho-ogs.pac
packed/model/L06_shuuyu0_M4.g1t
packed/model/L06_shuuyu0_M4.g1m
packed/model/06_shuuyu_M4.g1a
packed/model/shuuyu-ogs.pac
packed/model/L07_rikuson0_M4.g1t
packed/model/L07_rikuson0_M4.g1m
packed/model/07_rikuson_M4.g1a
packed/model/rikuson-ogs.pac
packed/model/L08_taishiji0_M4.g1t
packed/model/L08_taishiji0_M4.g1m
packed/model/08_taishiji_M4.g1a
packed/model/taishiji-ogs.pac
packed/model/L09_chousen0_M4.g1t
packed/model/L09_chousen0_M4.g1m
packed/model/09_chousen_M4.g1a
packed/model/chousen-ogs.pac
packed/model/L10_koumei0_M4.g1t
packed/model/L10_koumei0_M4.g1m
packed/model/10_koumei_M4.g1a
packed/model/koumei-ogs.pac
packed/model/L11_sousou0_M4.g1t
packed/model/L11_sousou0_M4.g1m
packed/model/11_sousou_M4.g1a
packed/model/sousou-ogs.pac
packed/model/L12_ryofu0_M4.g1t
packed/model/L12_ryofu0_M4.g1m
packed/model/12_ryofu_M4.g1a
packed/model/ryofu-ogs.pac
packed/model/L13_shoukou0_M4.g1t
packed/model/L13_shoukou0_M4.g1m
packed/model/13_shoukou_M4.g1a
packed/model/shoukou-ogs.pac
packed/model/L14_ryuubi0_M4.g1t
packed/model/L14_ryuubi0_M4.g1m
packed/model/14_ryuubi_M4.g1a
packed/model/ryuubi-ogs.pac
packed/model/L15_sonken10_M4.g1t
packed/model/L15_sonken10_M4.g1m
packed/model/15_sonken1_M4.g1a
packed/model/sonken1-ogs.pac
packed/model/L16_sonken20_M4.g1t
packed/model/L16_sonken20_M4.g1m
packed/model/16_sonken2_M4.g1a
packed/model/sonken2-ogs.pac
packed/model/L17_toutaku0_M4.g1t
packed/model/L17_toutaku0_M4.g1m
packed/model/17_toutaku_M4.g1a
packed/model/toutaku-ogs.pac
packed/model/L18_enshou0_M4.g1t
packed/model/L18_enshou0_M4.g1m
packed/model/18_enshou_M4.g1a
packed/model/enshou-ogs.pac
packed/model/L19_bachou0_M4.g1t
packed/model/L19_bachou0_M4.g1m
packed/model/19_bachou_M4.g1a
packed/model/bachou-ogs.pac
packed/model/L20_kouchuu0_M4.g1t
packed/model/L20_kouchuu0_M4.g1m
packed/model/20_kouchuu_M4.g1a
packed/model/kouchuu-ogs.pac
packed/model/L21_kakouen0_M4.g1t
packed/model/L21_kakouen0_M4.g1m
packed/model/21_kakouen_M4.g1a
packed/model/kakouen-ogs.pac
packed/model/L22_chouryou0_M4.g1t
packed/model/L22_chouryou0_M4.g1m
packed/model/22_chouryou_M4.g1a
packed/model/chouryou-ogs.pac
packed/model/L23_shibai0_M4.g1t
packed/model/L23_shibai0_M4.g1m
packed/model/23_shibai_M4.g1a
packed/model/shibai-ogs.pac
packed/model/L24_ryomou0_M4.g1t
packed/model/L24_ryomou0_M4.g1m
packed/model/24_ryomou_M4.g1a
packed/model/ryomou-ogs.pac
packed/model/L25_kannei0_M4.g1t
packed/model/L25_kannei0_M4.g1m
packed/model/25_kannei_M4.g1a
packed/model/kannei-ogs.pac
packed/model/L26_kyoui0_M4.g1t
packed/model/L26_kyoui0_M4.g1m
packed/model/26_kyoui_M4.g1a
packed/model/kyoui-ogs.pac
packed/model/L27_choukaku0_M4.g1t
packed/model/L27_choukaku0_M4.g1m
packed/model/27_choukaku_M4.g1a
packed/model/choukaku-ogs.pac
packed/model/L28_jokou0_M4.g1t
packed/model/L28_jokou0_M4.g1m
packed/model/28_jokou_M4.g1a
packed/model/jokou-ogs.pac
packed/model/L29_choukou0_M4.g1t
packed/model/L29_choukou0_M4.g1m
packed/model/29_choukou_M4.g1a
packed/model/choukou-ogs.pac
packed/model/L30_shinki0_M4.g1t
packed/model/L30_shinki0_M4.g1m
packed/model/30_shinki_M4.g1a
packed/model/shinki-ogs.pac
packed/model/L31_kougai0_M4.g1t
packed/model/L31_kougai0_M4.g1m
packed/model/31_kougai_M4.g1a
packed/model/kougai-ogs.pac
packed/model/L32_sonsaku0_M4.g1t
packed/model/L32_sonsaku0_M4.g1m
packed/model/32_sonsaku_M4.g1a
packed/model/sonsaku-ogs.pac
packed/model/L33_gien0_M4.g1t
packed/model/L33_gien0_M4.g1m
packed/model/33_gien_M4.g1a
packed/model/gien-ogs.pac
packed/model/L34_houtou0_M4.g1t
packed/model/L34_houtou0_M4.g1m
packed/model/34_houtou_M4.g1a
packed/model/houtou-ogs.pac
packed/model/L35_moukaku0_M4.g1t
packed/model/L35_moukaku0_M4.g1m
packed/model/35_moukaku_M4.g1a
packed/model/moukaku-ogs.pac
packed/model/L36_shukuyuu0_M4.g1t
packed/model/L36_shukuyuu0_M4.g1m
packed/model/36_shukuyuu_M4.g1a
packed/model/shukuyuu-ogs.pac
packed/model/L37_daikyou0_M4.g1t
packed/model/L37_daikyou0_M4.g1m
packed/model/37_daikyou_M4.g1a
packed/model/daikyou-ogs.pac
packed/model/L38_shoukyou0_M4.g1t
packed/model/L38_shoukyou0_M4.g1m
packed/model/38_shoukyou_M4.g1a
packed/model/shoukyou-ogs.pac
packed/model/L39_soujin0_M4.g1t
packed/model/L39_soujin0_M4.g1m
packed/model/39_soujin_M4.g1a
packed/model/soujin-ogs.pac
packed/model/L40_shuutai0_M4.g1t
packed/model/L40_shuutai0_M4.g1m
packed/model/40_shuutai_M4.g1a
packed/model/shuutai-ogs.pac
packed/model/L41_getsuei0_M4.g1t
packed/model/L41_getsuei0_M4.g1m
packed/model/41_getsuei_M4.g1a
packed/model/getsuei-ogs.pac
packed/model/L42_souhi0_M4.g1t
packed/model/L42_souhi0_M4.g1m
packed/model/42_souhi_M4.g1a
packed/model/souhi-ogs.pac
packed/model/L43_houtoku0_M4.g1t
packed/model/L43_houtoku0_M4.g1m
packed/model/43_houtoku_M4.g1a
packed/model/houtoku-ogs.pac
packed/model/L44_ryoutou0_M4.g1t
packed/model/L44_ryoutou0_M4.g1m
packed/model/44_ryoutou_M4.g1a
packed/model/ryoutou-ogs.pac
packed/model/L45_kanpei0_M4.g1t
packed/model/L45_kanpei0_M4.g1m
packed/model/45_kanpei_M4.g1a
packed/model/kanpei-ogs.pac
packed/model/L46_seisai0_M4.g1t
packed/model/L46_seisai0_M4.g1m
packed/model/46_seisai_M4.g1a
packed/model/seisai-ogs.pac
packed/model/L47_saji0_M4.g1t
packed/model/L47_saji0_M4.g1m
packed/model/47_saji_M4.g1a
packed/model/saji-ogs.pac
packed/model/L00_orochi.g1t
packed/model/L00_orochi.g1m
packed/model/L50_FACE.g1a
packed/model/orochi-ogs.pac
packed/model/L01_dakki.g1t
packed/model/L01_dakki.g1m
packed/model/L51_FACE.g1a
packed/model/dakki-ogs.pac
packed/model/L02_osoldier0.g1t
packed/model/L02_osoldier0.g1m
packed/model/dummy.dat
packed/model/dummy.dat
packed/model/L03_osoldier1.g1t
packed/model/L03_osoldier1.g1m
packed/model/dummy.dat
packed/model/dummy.dat
packed/model/L54_boss0_M4.g1t
packed/model/L54_boss0_M4.g1m
packed/model/L200_FACE.g1a
packed/model/dummy.dat
packed/model/L55_boss1_M4.g1t
packed/model/L55_boss1_M4.g1m
packed/model/L200_FACE.g1a
packed/model/dummy.dat
packed/model/L56_boss2_M4.g1t
packed/model/L56_boss2_M4.g1m
packed/model/L200_FACE.g1a
packed/model/dummy.dat
packed/model/L57_boss3_M4.g1t
packed/model/L57_boss3_M4.g1m
packed/model/L200_FACE.g1a
packed/model/dummy.dat
packed/model/L58_boss4_M4.g1t
packed/model/L58_boss4_M4.g1m
packed/model/L200_FACE.g1a
packed/model/dummy.dat
packed/model/L59_boss5_M4.g1t
packed/model/L59_boss5_M4.g1m
packed/model/L200_FACE.g1a
packed/model/dummy.dat
packed/model/L60_boss6_M4.g1t
packed/model/L60_boss6_M4.g1m
packed/model/L200_FACE.g1a
packed/model/dummy.dat
packed/model/L00_yukimura.g1t
packed/model/L00_yukimura.g1m
packed/model/L00_FACE.g1a
packed/model/yukimura-ogs.pac
packed/model/L01_keiji.g1t
packed/model/L01_keiji.g1m
packed/model/L01_FACE.g1a
packed/model/keiji-ogs.pac
packed/model/L02_nobunaga.g1t
packed/model/L02_nobunaga.g1m
packed/model/L02_FACE.g1a
packed/model/nobunaga-ogs.pac
packed/model/L03_mitsuhide.g1t
packed/model/L03_mitsuhide.g1m
packed/model/L03_FACE.g1a
packed/model/mitsuhide-ogs.pac
packed/model/L04_goemon.g1t
packed/model/L04_goemon.g1m
packed/model/L04_FACE.g1a
packed/model/goemon-ogs.pac
packed/model/L05_kenshin.g1t
packed/model/L05_kenshin.g1m
packed/model/L05_FACE.g1a
packed/model/kenshin-ogs.pac
packed/model/L06_oichi.g1t
packed/model/L06_oichi.g1m
packed/model/L06_FACE.g1a
packed/model/oichi-ogs.pac
packed/model/L07_okuni.g1t
packed/model/L07_okuni.g1m
packed/model/L07_FACE.g1a
packed/model/okuni-ogs.pac
packed/model/L08_kunoichi.g1t
packed/model/L08_kunoichi.g1m
packed/model/L08_FACE.g1a
packed/model/kunoichi-ogs.pac
packed/model/L09_magoichi.g1t
packed/model/L09_magoichi.g1m
packed/model/L09_FACE.g1a
packed/model/magoichi-ogs.pac
packed/model/L10_shingen.g1t
packed/model/L10_shingen.g1m
packed/model/L10_FACE.g1a
packed/model/shingen-ogs.pac
packed/model/L11_masamune.g1t
packed/model/L11_masamune.g1m
packed/model/L11_FACE.g1a
packed/model/masamune-ogs.pac
packed/model/L12_nouhime.g1t
packed/model/L12_nouhime.g1m
packed/model/L12_FACE.g1a
packed/model/nouhime-ogs.pac
packed/model/L13_hanzo.g1t
packed/model/L13_hanzo.g1m
packed/model/L13_FACE.g1a
packed/model/hanzo-ogs.pac
packed/model/L14_rammaru.g1t
packed/model/L14_rammaru.g1m
packed/model/L14_FACE.g1a
packed/model/rammaru-ogs.pac
packed/model/L24_yoshimoto.g1t
packed/model/L24_yoshimoto.g1m
packed/model/L24_FACE.g1a
packed/model/yoshimoto-ogs.pac
packed/model/L36_hideyoshi.g1t
packed/model/L36_hideyoshi.g1m
packed/model/L36_FACE.g1a
packed/model/hideyoshi-ogs.pac
packed/model/L38_tadakatsu.g1t
packed/model/L38_tadakatsu.g1m
packed/model/L38_FACE.g1a
packed/model/tadakatsu-ogs.pac
packed/model/L39_inahime.g1t
packed/model/L39_inahime.g1m
packed/model/L39_FACE.g1a
packed/model/inahime-ogs.pac
packed/model/L40_ieyasu.g1t
packed/model/L40_ieyasu.g1m
packed/model/L40_FACE.g1a
packed/model/ieyasu-ogs.pac
packed/model/L41_mitsunari.g1t
packed/model/L41_mitsunari.g1m
packed/model/L41_FACE.g1a
packed/model/mitsunari-ogs.pac
packed/model/L42_nagamasa.g1t
packed/model/L42_nagamasa.g1m
packed/model/L42_FACE.g1a
packed/model/nagamasa-ogs.pac
packed/model/L43_sakon.g1t
packed/model/L43_sakon.g1m
packed/model/L43_FACE.g1a
packed/model/sakon-ogs.pac
packed/model/L44_yoshihiro.g1t
packed/model/L44_yoshihiro.g1m
packed/model/L44_FACE.g1a
packed/model/yoshihiro-ogs.pac
packed/model/L45_ginchiyo.g1t
packed/model/L45_ginchiyo.g1m
packed/model/L45_FACE.g1a
packed/model/ginchiyo-ogs.pac
packed/model/L46_kanetsugu.g1t
packed/model/L46_kanetsugu.g1m
packed/model/L46_FACE.g1a
packed/model/kanetsugu-ogs.pac
packed/model/L47_nene.g1t
packed/model/L47_nene.g1m
packed/model/L47_FACE.g1a
packed/model/nene-ogs.pac
packed/model/L48_kotaro.g1t
packed/model/L48_kotaro.g1m
packed/model/L48_FACE.g1a
packed/model/kotaro-ogs.pac
packed/model/L49_musashi.g1t
packed/model/L49_musashi.g1m
packed/model/L49_FACE.g1a
packed/model/musashi-ogs.pac
packed/model/L61_soldier0_M4.g1t
packed/model/L61_soldier0_M4.g1m
packed/model/dummy.dat
packed/model/dummy.dat
packed/model/L62_soldier1_M4.g1t
packed/model/L62_soldier1_M4.g1m
packed/model/dummy.dat
packed/model/dummy.dat
packed/model/L63_soldier2_M4.g1t
packed/model/L63_soldier2_M4.g1m
packed/model/dummy.dat
packed/model/dummy.dat
packed/model/L64_soldier3_M4.g1t
packed/model/L64_soldier3_M4.g1m
packed/model/dummy.dat
packed/model/dummy.dat
packed/model/L65_archer0_M4.g1t
packed/model/L65_archer0_M4.g1m
packed/model/dummy.dat
packed/model/dummy.dat
packed/model/L66_archer1_M4.g1t
packed/model/L66_archer1_M4.g1m
packed/model/dummy.dat
packed/model/dummy.dat
packed/model/L67_yellow0_M4.g1t
packed/model/L67_yellow0_M4.g1m
packed/model/dummy.dat
packed/model/dummy.dat
packed/model/L68_yellow1_M4.g1t
packed/model/L68_yellow1_M4.g1m
packed/model/dummy.dat
packed/model/dummy.dat
packed/model/L69_nanban0_M4.g1t
packed/model/L69_nanban0_M4.g1m
packed/model/dummy.dat
packed/model/dummy.dat
packed/model/L70_nanban1_M4.g1t
packed/model/L70_nanban1_M4.g1m
packed/model/dummy.dat
packed/model/dummy.dat
packed/model/L71_nanban2_M4.g1t
packed/model/L71_nanban2_M4.g1m
packed/model/dummy.dat
packed/model/dummy.dat
packed/model/L72_nanban3_M4.g1t
packed/model/L72_nanban3_M4.g1m
packed/model/dummy.dat
packed/model/dummy.dat
packed/model/L73_bomber1_M4.g1t
packed/model/L73_bomber1_M4.g1m
packed/model/dummy.dat
packed/model/dummy.dat
packed/model/L74_magician0_M4.g1t
packed/model/L74_magician0_M4.g1m
packed/model/dummy.dat
packed/model/dummy.dat
packed/model/L75_absoldier0_M4.g1t
packed/model/L75_absoldier0_M4.g1m
packed/model/dummy.dat
packed/model/dummy.dat
packed/model/L76_dbsoldier0_M4.g1t
packed/model/L76_dbsoldier0_M4.g1m
packed/model/dummy.dat
packed/model/dummy.dat
packed/model/L200_boss1.g1t
packed/model/L200_boss1.g1m
packed/model/L200_FACE.g1a
packed/model/dummy.dat
packed/model/L201_boss2.g1t
packed/model/L201_boss2.g1m
packed/model/L201_FACE.g1a
packed/model/dummy.dat
packed/model/L202_boss3.g1t
packed/model/L202_boss3.g1m
packed/model/L202_FACE.g1a
packed/model/dummy.dat
packed/model/L203_boss4.g1t
packed/model/L203_boss4.g1m
packed/model/L203_FACE.g1a
packed/model/dummy.dat
packed/model/L204_boss5.g1t
packed/model/L204_boss5.g1m
packed/model/L204_FACE.g1a
packed/model/dummy.dat
packed/model/L205_boss6.g1t
packed/model/L205_boss6.g1m
packed/model/L205_FACE.g1a
packed/model/dummy.dat
packed/model/dummy.dat
packed/model/dummy.dat
packed/model/dummy.dat
packed/model/dummy.dat
packed/model/dummy.dat
packed/model/dummy.dat
packed/model/dummy.dat
packed/model/dummy.dat
packed/model/dummy.dat
packed/model/dummy.dat
packed/model/dummy.dat
packed/model/dummy.dat
packed/model/dummy.dat
packed/model/dummy.dat
packed/model/dummy.dat
packed/model/dummy.dat
packed/model/dummy.dat
packed/model/dummy.dat
packed/model/dummy.dat
packed/model/dummy.dat
packed/model/dummy.dat
packed/model/dummy.dat
packed/model/dummy.dat
packed/model/dummy.dat
packed/model/L250_soldier1.g1t
packed/model/L250_soldier1.g1m
packed/model/dummy.dat
packed/model/dummy.dat
packed/model/L251_soldier2.g1t
packed/model/L251_soldier2.g1m
packed/model/dummy.dat
packed/model/dummy.dat
packed/model/L252_soldier3.g1t
packed/model/L252_soldier3.g1m
packed/model/dummy.dat
packed/model/dummy.dat
packed/model/L253_soldier4.g1t
packed/model/L253_soldier4.g1m
packed/model/dummy.dat
packed/model/dummy.dat
packed/model/L254_soldier5.g1t
packed/model/L254_soldier5.g1m
packed/model/dummy.dat
packed/model/dummy.dat
packed/model/L255_archer.g1t
packed/model/L255_archer.g1m
packed/model/dummy.dat
packed/model/dummy.dat
packed/model/L256_gunner.g1t
packed/model/L256_gunner.g1m
packed/model/dummy.dat
packed/model/dummy.dat
packed/model/L257_ninja1.g1t
packed/model/L257_ninja1.g1m
packed/model/dummy.dat
packed/model/dummy.dat
packed/model/L258_ninja2.g1t
packed/model/L258_ninja2.g1m
packed/model/dummy.dat
packed/model/dummy.dat
packed/model/L259_noumin.g1t
packed/model/L259_noumin.g1m
packed/model/dummy.dat
packed/model/dummy.dat
packed/model/L260_kyushu1.g1t
packed/model/L260_kyushu1.g1m
packed/model/dummy.dat
packed/model/dummy.dat
packed/model/L261_kyushu2.g1t
packed/model/L261_kyushu2.g1m
packed/model/dummy.dat
packed/model/dummy.dat
packed/model/L262_totsunin.g1t
packed/model/L262_totsunin.g1m
packed/model/dummy.dat
packed/model/dummy.dat
packed/model/L263_tobinin.g1t
packed/model/L263_tobinin.g1m
packed/model/dummy.dat
packed/model/dummy.dat
packed/model/L264_sennin.g1t
packed/model/L264_sennin.g1m
packed/model/dummy.dat
packed/model/dummy.dat
packed/model/L265_hazenin.g1t
packed/model/L265_hazenin.g1m
packed/model/dummy.dat
packed/model/dummy.dat
packed/model/L266_ninja3.g1t
packed/model/L266_ninja3.g1m
packed/model/dummy.dat
packed/model/dummy.dat
packed/model/L27_choukaku0_M4_ghost.g1m
packed/model/L36_shukuyuu0_M4_ghost.g1m
packed/model/L05_kenshin_ghost.g1m
modelTex/L00_chouun0B.g1t
modelTex/L01_kanu0_M4B.g1t
modelTex/L02_chouhi0_M4B.g1t
modelTex/L03_kakouton0_M4B.g1t
modelTex/L04_teni0_M4B.g1t
modelTex/L05_kyocho_M4B.g1t
modelTex/L06_shuuyu0_M4B.g1t
modelTex/L07_rikuson0_M4B.g1t
modelTex/L08_taishiji0_M4B.g1t
modelTex/L09_chousen0_M4B.g1t
modelTex/L10_koumei0_M4B.g1t
modelTex/L11_sousou0_M4B.g1t
modelTex/L12_ryofu0_M4B.g1t
modelTex/L13_shoukou0_M4B.g1t
modelTex/L14_ryuubi0_M4B.g1t
modelTex/L15_sonken10_M4B.g1t
modelTex/L16_sonken20_M4B.g1t
modelTex/L17_toutaku0_M4B.g1t
modelTex/L18_enshou0_M4B.g1t
modelTex/L19_bachou0_M4B.g1t
modelTex/L20_kouchuu0_M4B.g1t
modelTex/L21_kakouen0_M4B.g1t
modelTex/L22_chouryou0_M4B.g1t
modelTex/L23_shibai0_M4B.g1t
modelTex/L24_ryomou0_M4B.g1t
modelTex/L25_kannei0_M4B.g1t
modelTex/L26_kyoui0_M4B.g1t
modelTex/L27_choukaku0_M4B.g1t
modelTex/L28_jokou0_M4B.g1t
modelTex/L29_choukou0_M4B.g1t
modelTex/L30_shinki0_M4B.g1t
modelTex/L31_kougai0_M4B.g1t
modelTex/L32_sonsaku0_M4B.g1t
modelTex/L33_gien0_M4B.g1t
modelTex/L34_houtou0_M4B.g1t
modelTex/L35_moukaku0_M4B.g1t
modelTex/L36_shukuyuu0_M4B.g1t
modelTex/L37_daikyou0_M4B.g1t
modelTex/L38_shoukyou0_M4B.g1t
modelTex/L39_soujin0_M4B.g1t
modelTex/L40_shuutai0_M4B.g1t
modelTex/L41_getsuei0_M4B.g1t
modelTex/L42_souhi0_M4B.g1t
modelTex/L43_houtoku0_M4B.g1t
modelTex/L44_ryoutou0_M4B.g1t
modelTex/L45_kanpei0_M4B.g1t
modelTex/L46_seisai0_M4B.g1t
modelTex/L47_saji0_M4B.g1t
modelTex/L00_orochiB.g1t
modelTex/L01_dakkiB.g1t
modelTex/L00_yukimuraB.g1t
modelTex/L01_keijiB.g1t
modelTex/L02_nobunagaB.g1t
modelTex/L03_mitsuhideB.g1t
modelTex/L04_goemonB.g1t
modelTex/L05_kenshinB.g1t
modelTex/L06_oichiB.g1t
modelTex/L07_okuniB.g1t
modelTex/L08_kunoichiB.g1t
modelTex/L09_magoichiB.g1t
modelTex/L10_shingenB.g1t
modelTex/L11_masamuneB.g1t
modelTex/L12_nouhimeB.g1t
modelTex/L13_hanzoB.g1t
modelTex/L14_rammaruB.g1t
modelTex/L24_yoshimotoB.g1t
modelTex/L36_hideyoshiB.g1t
modelTex/L38_tadakatsuB.g1t
modelTex/L39_inahimeB.g1t
modelTex/L40_ieyasuB.g1t
modelTex/L41_mitsunariB.g1t
modelTex/L42_nagamasaB.g1t
modelTex/L43_sakonB.g1t
modelTex/L44_yoshihiroB.g1t
modelTex/L45_ginchiyoB.g1t
modelTex/L46_kanetsuguB.g1t
modelTex/L47_neneB.g1t
modelTex/L48_kotaroB.g1t
modelTex/L49_musashiB.g1t
cmn_mdl/common_mot.pac
packed/Action/chouun_act.pac
packed/Player/chouun_p.pac
packed/Action/kanu_act.pac
packed/Player/kanu_p.pac
packed/Action/chouhi_act.pac
packed/Player/chouhi_p.pac
packed/Action/kakouton_act.pac
packed/Player/kakouton_p.pac
packed/Action/teni_act.pac
packed/Player/teni_p.pac
packed/Action/kyocho_act.pac
packed/Player/kyocho_p.pac
packed/Action/shuuyu_act.pac
packed/Player/shuuyu_p.pac
packed/Action/rikuson_act.pac
packed/Player/rikuson_p.pac
packed/Action/taishiji_act.pac
packed/Player/taishiji_p.pac
packed/Action/chousen_act.pac
packed/Player/chousen_p.pac
packed/Action/koumei_act.pac
packed/Player/koumei_p.pac
packed/Action/sousou_act.pac
packed/Player/sousou_p.pac
packed/Action/ryofu_act.pac
packed/Player/ryofu_p.pac
packed/Action/shoukou_act.pac
packed/Player/shoukou_p.pac
packed/Action/ryuubi_act.pac
packed/Player/ryuubi_p.pac
packed/Action/sonken1_act.pac
packed/Player/sonken1_p.pac
packed/Action/sonken2_act.pac
packed/Player/sonken2_p.pac
packed/Action/toutaku_act.pac
packed/Player/toutaku_p.pac
packed/Action/enshou_act.pac
packed/Player/enshou_p.pac
packed/Action/bachou_act.pac
packed/Player/bachou_p.pac
packed/Action/kouchuu_act.pac
packed/Player/kouchuu_p.pac
packed/Action/kakouen_act.pac
packed/Player/kakouen_p.pac
packed/Action/chouryou_act.pac
packed/Player/chouryou_p.pac
packed/Action/shibai_act.pac
packed/Player/shibai_p.pac
packed/Action/ryomou_act.pac
packed/Player/ryomou_p.pac
packed/Action/kannei_act.pac
packed/Player/kannei_p.pac
packed/Action/kyoui_act.pac
packed/Player/kyoui_p.pac
packed/Action/choukaku_act.pac
packed/Player/choukaku_p.pac
packed/Action/jokou_act.pac
packed/Player/jokou_p.pac
packed/Action/choukou_act.pac
packed/Player/choukou_p.pac
packed/Action/shinki_act.pac
packed/Player/shinki_p.pac
packed/Action/kougai_act.pac
packed/Player/kougai_p.pac
packed/Action/sonsaku_act.pac
packed/Player/sonsaku_p.pac
packed/Action/gien_act.pac
packed/Player/gien_p.pac
packed/Action/houtou_act.pac
packed/Player/houtou_p.pac
packed/Action/moukaku_act.pac
packed/Player/moukaku_p.pac
packed/Action/shukuyuu_act.pac
packed/Player/shukuyuu_p.pac
packed/Action/daikyou_act.pac
packed/Player/daikyou_p.pac
packed/Action/shoukyou_act.pac
packed/Player/shoukyou_p.pac
packed/Action/soujin_act.pac
packed/Player/soujin_p.pac
packed/Action/shuutai_act.pac
packed/Player/shuutai_p.pac
packed/Action/getsuei_act.pac
packed/Player/getsuei_p.pac
packed/Action/souhi_act.pac
packed/Player/souhi_p.pac
packed/Action/houtoku_act.pac
packed/Player/houtoku_p.pac
packed/Action/ryoutou_act.pac
packed/Player/ryoutou_p.pac
packed/Action/kanpei_act.pac
packed/Player/kanpei_p.pac
packed/Action/seisai_act.pac
packed/Player/seisai_p.pac
packed/Action/saji_act.pac
packed/Player/saji_p.pac
packed/Action/orochi_act.pac
packed/Player/orochi_p.pac
packed/Action/dakki_act.pac
packed/Player/dakki_p.pac
packed/Action/yukimura_act.pac
packed/Player/yukimura_p.pac
packed/Action/keiji_act.pac
packed/Player/keiji_p.pac
packed/Action/nobunaga_act.pac
packed/Player/nobunaga_p.pac
packed/Action/mitsuhide_act.pac
packed/Player/mitsuhide_p.pac
packed/Action/goemon_act.pac
packed/Player/goemon_p.pac
packed/Action/kenshin_act.pac
packed/Player/kenshin_p.pac
packed/Action/oichi_act.pac
packed/Player/oichi_p.pac
packed/Action/okuni_act.pac
packed/Player/okuni_p.pac
packed/Action/kunoichi_act.pac
packed/Player/kunoichi_p.pac
packed/Action/magoichi_act.pac
packed/Player/magoichi_p.pac
packed/Action/shingen_act.pac
packed/Player/shingen_p.pac
packed/Action/masamune_act.pac
packed/Player/masamune_p.pac
packed/Action/nouhime_act.pac
packed/Player/nouhime_p.pac
packed/Action/hanzo_act.pac
packed/Player/hanzo_p.pac
packed/Action/rammaru_act.pac
packed/Player/rammaru_p.pac
packed/Action/hideyoshi_act.pac
packed/Player/hideyoshi_p.pac
packed/Action/yoshimoto_act.pac
packed/Player/yoshimoto_p.pac
packed/Action/tadakatsu_act.pac
packed/Player/tadakatsu_p.pac
packed/Action/inahime_act.pac
packed/Player/inahime_p.pac
packed/Action/ieyasu_act.pac
packed/Player/ieyasu_p.pac
packed/Action/mitsunari_act.pac
packed/Player/mitsunari_p.pac
packed/Action/nagamasa_act.pac
packed/Player/nagamasa_p.pac
packed/Action/sakon_act.pac
packed/Player/sakon_p.pac
packed/Action/yoshihiro_act.pac
packed/Player/yoshihiro_p.pac
packed/Action/ginchiyo_act.pac
packed/Player/ginchiyo_p.pac
packed/Action/kanetsugu_act.pac
packed/Player/kanetsugu_p.pac
packed/Action/nene_act.pac
packed/Player/nene_p.pac
packed/Action/kotaro_act.pac
packed/Player/kotaro_p.pac
packed/Action/musashi_act.pac
packed/Player/musashi_p.pac
packed/Action/youjyutsu_act.pac
packed/Action/sword1_act.pac
packed/Action/sword2_act.pac
packed/Action/sword3_act.pac
packed/Action/sword4_act.pac
packed/Action/spear1_act.pac
packed/Action/spear2_act.pac
packed/Action/spear3_act.pac
packed/Action/spear4_act.pac
packed/Action/archer_act.pac
packed/Player/archer_p.pac
packed/Action/gunner_act.pac
packed/Player/gunner_p.pac
packed/Action/nagi1_act.pac
packed/Action/nagi2_act.pac
packed/Action/ninja1_act.pac
packed/Player/ninja1_p.pac
packed/Action/ninja2_act.pac
packed/Player/ninja2_p.pac
packed/Action/totsunin_act.pac
packed/Action/tobinin_act.pac
packed/Action/sennin_act.pac
packed/Action/bakunin_act.pac
packed/Action/horse_act.pac
packed/Action/tentei_act.pac
packed/Action/shou_act.pac
packed/Action/taihou_act.pac
packed/Action/shield_act.pac
packed/Action/san_sword1_act.pac
packed/Action/san_sword2_act.pac
packed/Action/san_sword3_act.pac
packed/Action/san_sword4_act.pac
packed/Action/san_spear1_act.pac
packed/Action/san_spear2_act.pac
packed/Action/san_geki1_act.pac
packed/Action/san_geki2_act.pac
packed/Action/toubaku_act.pac
packed/Action/attack_act.pac
packed/Action/defence_act.pac
packed/Action/torasensha_act.pac
packed/Action/rendo_act.pac
Weapon/weapon_low_2.g1t
Weapon/w_chouun0.g1t
Weapon/w_chouun0.g1m
Weapon/w_chouun1.g1t
Weapon/w_chouun1.g1m
Weapon/w_chouun2.g1t
Weapon/w_chouun2.g1m
Weapon/w_chouun3.g1t
Weapon/w_chouun3.g1m
Weapon/w_kanu0.g1t
Weapon/w_kanu0.g1m
Weapon/w_kanu1.g1t
Weapon/w_kanu1.g1m
Weapon/w_kanu2.g1t
Weapon/w_kanu2.g1m
Weapon/w_kanu3.g1t
Weapon/w_kanu3.g1m
Weapon/w_chouhi0.g1t
Weapon/w_chouhi0.g1m
Weapon/w_chouhi1.g1t
Weapon/w_chouhi1.g1m
Weapon/w_chouhi2.g1t
Weapon/w_chouhi2.g1m
Weapon/w_chouhi3.g1t
Weapon/w_chouhi3.g1m
Weapon/w_kakouton0.g1t
Weapon/w_kakouton0.g1m
Weapon/w_kakouton1.g1t
Weapon/w_kakouton1.g1m
Weapon/w_kakouton2.g1t
Weapon/w_kakouton2.g1m
Weapon/w_kakouton3.g1t
Weapon/w_kakouton3.g1m
Weapon/w_teni0.g1t
Weapon/w_teni0.g1m
Weapon/w_teni1.g1t
Weapon/w_teni1.g1m
Weapon/w_teni2.g1t
Weapon/w_teni2.g1m
Weapon/w_teni3.g1t
Weapon/w_teni3.g1m
Weapon/w_kyocho0.g1t
Weapon/w_kyocho0.g1m
Weapon/w_kyocho1.g1t
Weapon/w_kyocho1.g1m
Weapon/w_kyocho2.g1t
Weapon/w_kyocho2.g1m
Weapon/w_kyocho3.g1t
Weapon/w_kyocho3.g1m
Weapon/w_shuuyu0.g1t
Weapon/w_shuuyu0.g1m
Weapon/w_shuuyu1.g1t
Weapon/w_shuuyu1.g1m
Weapon/w_shuuyu2.g1t
Weapon/w_shuuyu2.g1m
Weapon/w_shuuyu3.g1t
Weapon/w_shuuyu3.g1m
Weapon/w_rikuson0.g1t
Weapon/w_rikuson0.g1m
Weapon/w_rikuson1.g1t
Weapon/w_rikuson1.g1m
Weapon/w_rikuson2.g1t
Weapon/w_rikuson2.g1m
Weapon/w_rikuson3.g1t
Weapon/w_rikuson3.g1m
Weapon/w_taishiji0.g1t
Weapon/w_taishiji0.g1m
Weapon/w_taishiji1.g1t
Weapon/w_taishiji1.g1m
Weapon/w_taishiji2.g1t
Weapon/w_taishiji2.g1m
Weapon/w_taishiji3.g1t
Weapon/w_taishiji3.g1m
Weapon/w_chousen0.g1t
Weapon/w_chousen0.g1m
Weapon/w_chousen1.g1t
Weapon/w_chousen1.g1m
Weapon/w_chousen2.g1t
Weapon/w_chousen2.g1m
Weapon/w_chousen3.g1t
Weapon/w_chousen3.g1m
Weapon/w_koumei0.g1t
Weapon/w_koumei0.g1m
Weapon/w_koumei1.g1t
Weapon/w_koumei1.g1m
Weapon/w_koumei2.g1t
Weapon/w_koumei2.g1m
Weapon/w_koumei3.g1t
Weapon/w_koumei3.g1m
Weapon/w_sousou0.g1t
Weapon/w_sousou0.g1m
Weapon/w_sousou1.g1t
Weapon/w_sousou1.g1m
Weapon/w_sousou2.g1t
Weapon/w_sousou2.g1m
Weapon/w_sousou3.g1t
Weapon/w_sousou3.g1m
Weapon/w_ryofu0.g1t
Weapon/w_ryofu0.g1m
Weapon/w_ryofu1.g1t
Weapon/w_ryofu1.g1m
Weapon/w_ryofu2.g1t
Weapon/w_ryofu2.g1m
Weapon/w_ryofu3.g1t
Weapon/w_ryofu3.g1m
Weapon/w_shoukou0.g1t
Weapon/w_shoukou0.g1m
Weapon/w_shoukou1.g1t
Weapon/w_shoukou1.g1m
Weapon/w_shoukou2.g1t
Weapon/w_shoukou2.g1m
Weapon/w_shoukou3.g1t
Weapon/w_shoukou3.g1m
Weapon/w_ryuubi0.g1t
Weapon/w_ryuubi0.g1m
Weapon/w_ryuubi1.g1t
Weapon/w_ryuubi1.g1m
Weapon/w_ryuubi2.g1t
Weapon/w_ryuubi2.g1m
Weapon/w_ryuubi3.g1t
Weapon/w_ryuubi3.g1m
Weapon/w_sonken10.g1t
Weapon/w_sonken10.g1m
Weapon/w_sonken11.g1t
Weapon/w_sonken11.g1m
Weapon/w_sonken12.g1t
Weapon/w_sonken12.g1m
Weapon/w_sonken13.g1t
Weapon/w_sonken13.g1m
Weapon/w_sonken20.g1t
Weapon/w_sonken20.g1m
Weapon/w_sonken21.g1t
Weapon/w_sonken21.g1m
Weapon/w_sonken22.g1t
Weapon/w_sonken22.g1m
Weapon/w_sonken23.g1t
Weapon/w_sonken23.g1m
Weapon/w_toutaku0.g1t
Weapon/w_toutaku0.g1m
Weapon/w_toutaku1.g1t
Weapon/w_toutaku1.g1m
Weapon/w_toutaku2.g1t
Weapon/w_toutaku2.g1m
Weapon/w_toutaku3.g1t
Weapon/w_toutaku3.g1m
Weapon/w_enshou0.g1t
Weapon/w_enshou0.g1m
Weapon/w_enshou1.g1t
Weapon/w_enshou1.g1m
Weapon/w_enshou2.g1t
Weapon/w_enshou2.g1m
Weapon/w_enshou3.g1t
Weapon/w_enshou3.g1m
Weapon/w_bachou0.g1t
Weapon/w_bachou0.g1m
Weapon/w_bachou1.g1t
Weapon/w_bachou1.g1m
Weapon/w_bachou2.g1t
Weapon/w_bachou2.g1m
Weapon/w_bachou3.g1t
Weapon/w_bachou3.g1m
Weapon/w_kouchuu0.g1t
Weapon/w_kouchuu0.g1m
Weapon/w_kouchuu1.g1t
Weapon/w_kouchuu1.g1m
Weapon/w_kouchuu2.g1t
Weapon/w_kouchuu2.g1m
Weapon/w_kouchuu3.g1t
Weapon/w_kouchuu3.g1m
Weapon/w_kakouen0.g1t
Weapon/w_kakouen0.g1m
Weapon/w_kakouen1.g1t
Weapon/w_kakouen1.g1m
Weapon/w_kakouen2.g1t
Weapon/w_kakouen2.g1m
Weapon/w_kakouen3.g1t
Weapon/w_kakouen3.g1m
Weapon/w_chouryou0.g1t
Weapon/w_chouryou0.g1m
Weapon/w_chouryou1.g1t
Weapon/w_chouryou1.g1m
Weapon/w_chouryou2.g1t
Weapon/w_chouryou2.g1m
Weapon/w_chouryou3.g1t
Weapon/w_chouryou3.g1m
Weapon/w_shibai0.g1t
Weapon/w_shibai0.g1m
Weapon/w_shibai1.g1t
Weapon/w_shibai1.g1m
Weapon/w_shibai2.g1t
Weapon/w_shibai2.g1m
Weapon/w_shibai3.g1t
Weapon/w_shibai3.g1m
Weapon/w_ryomou0.g1t
Weapon/w_ryomou0.g1m
Weapon/w_ryomou1.g1t
Weapon/w_ryomou1.g1m
Weapon/w_ryomou2.g1t
Weapon/w_ryomou2.g1m
Weapon/w_ryomou3.g1t
Weapon/w_ryomou3.g1m
Weapon/w_kannei0.g1t
Weapon/w_kannei0.g1m
Weapon/w_kannei1.g1t
Weapon/w_kannei1.g1m
Weapon/w_kannei2.g1t
Weapon/w_kannei2.g1m
Weapon/w_kannei3.g1t
Weapon/w_kannei3.g1m
Weapon/w_kyoui0.g1t
Weapon/w_kyoui0.g1m
Weapon/w_kyoui1.g1t
Weapon/w_kyoui1.g1m
Weapon/w_kyoui2.g1t
Weapon/w_kyoui2.g1m
Weapon/w_kyoui3.g1t
Weapon/w_kyoui3.g1m
Weapon/w_choukaku0.g1t
Weapon/w_choukaku0.g1m
Weapon/w_choukaku1.g1t
Weapon/w_choukaku1.g1m
Weapon/w_choukaku2.g1t
Weapon/w_choukaku2.g1m
Weapon/w_choukaku3.g1t
Weapon/w_choukaku3.g1m
Weapon/w_jokou0.g1t
Weapon/w_jokou0.g1m
Weapon/w_jokou1.g1t
Weapon/w_jokou1.g1m
Weapon/w_jokou2.g1t
Weapon/w_jokou2.g1m
Weapon/w_jokou3.g1t
Weapon/w_jokou3.g1m
Weapon/w_choukou0.g1t
Weapon/w_choukou0.g1m
Weapon/w_choukou1.g1t
Weapon/w_choukou1.g1m
Weapon/w_choukou2.g1t
Weapon/w_choukou2.g1m
Weapon/w_choukou3.g1t
Weapon/w_choukou3.g1m
Weapon/w_shinki0.g1t
Weapon/w_shinki0.g1m
Weapon/w_shinki1.g1t
Weapon/w_shinki1.g1m
Weapon/w_shinki2.g1t
Weapon/w_shinki2.g1m
Weapon/w_shinki3.g1t
Weapon/w_shinki3.g1m
Weapon/w_kougai0.g1t
Weapon/w_kougai0.g1m
Weapon/w_kougai1.g1t
Weapon/w_kougai1.g1m
Weapon/w_kougai2.g1t
Weapon/w_kougai2.g1m
Weapon/w_kougai3.g1t
Weapon/w_kougai3.g1m
Weapon/w_sonsaku0.g1t
Weapon/w_sonsaku0.g1m
Weapon/w_sonsaku1.g1t
Weapon/w_sonsaku1.g1m
Weapon/w_sonsaku2.g1t
Weapon/w_sonsaku2.g1m
Weapon/w_sonsaku3.g1t
Weapon/w_sonsaku3.g1m
Weapon/w_gien0.g1t
Weapon/w_gien0.g1m
Weapon/w_gien1.g1t
Weapon/w_gien1.g1m
Weapon/w_gien2.g1t
Weapon/w_gien2.g1m
Weapon/w_gien3.g1t
Weapon/w_gien3.g1m
Weapon/w_houtou0.g1t
Weapon/w_houtou0.g1m
Weapon/w_houtou1.g1t
Weapon/w_houtou1.g1m
Weapon/w_houtou2.g1t
Weapon/w_houtou2.g1m
Weapon/w_houtou3.g1t
Weapon/w_houtou3.g1m
Weapon/w_moukaku0.g1t
Weapon/w_moukaku0.g1m
Weapon/w_moukaku1.g1t
Weapon/w_moukaku1.g1m
Weapon/w_moukaku2.g1t
Weapon/w_moukaku2.g1m
Weapon/w_moukaku3.g1t
Weapon/w_moukaku3.g1m
Weapon/w_shukuyuu0.g1t
Weapon/w_shukuyuu0.g1m
Weapon/w_shukuyuu1.g1t
Weapon/w_shukuyuu1.g1m
Weapon/w_shukuyuu2.g1t
Weapon/w_shukuyuu2.g1m
Weapon/w_shukuyuu3.g1t
Weapon/w_shukuyuu3.g1m
Weapon/w_daikyou0.g1t
Weapon/w_daikyou0.g1m
Weapon/w_daikyou1.g1t
Weapon/w_daikyou1.g1m
Weapon/w_daikyou2.g1t
Weapon/w_daikyou2.g1m
Weapon/w_daikyou3.g1t
Weapon/w_daikyou3.g1m
Weapon/w_shoukyou0.g1t
Weapon/w_shoukyou0.g1m
Weapon/w_shoukyou1.g1t
Weapon/w_shoukyou1.g1m
Weapon/w_shoukyou2.g1t
Weapon/w_shoukyou2.g1m
Weapon/w_shoukyou3.g1t
Weapon/w_shoukyou3.g1m
Weapon/w_soujin0.g1t
Weapon/w_soujin0.g1m
Weapon/w_soujin1.g1t
Weapon/w_soujin1.g1m
Weapon/w_soujin2.g1t
Weapon/w_soujin2.g1m
Weapon/w_soujin3.g1t
Weapon/w_soujin3.g1m
Weapon/w_shuutai0.g1t
Weapon/w_shuutai0.g1m
Weapon/w_shuutai1.g1t
Weapon/w_shuutai1.g1m
Weapon/w_shuutai2.g1t
Weapon/w_shuutai2.g1m
Weapon/w_shuutai3.g1t
Weapon/w_shuutai3.g1m
Weapon/w_getsuei0.g1t
Weapon/w_getsuei0.g1m
Weapon/w_getsuei1.g1t
Weapon/w_getsuei1.g1m
Weapon/w_getsuei2.g1t
Weapon/w_getsuei2.g1m
Weapon/w_getsuei3.g1t
Weapon/w_getsuei3.g1m
Weapon/w_souhi0.g1t
Weapon/w_souhi0.g1m
Weapon/w_souhi1.g1t
Weapon/w_souhi1.g1m
Weapon/w_souhi2.g1t
Weapon/w_souhi2.g1m
Weapon/w_souhi3.g1t
Weapon/w_souhi3.g1m
Weapon/w_houtoku0.g1t
Weapon/w_houtoku0.g1m
Weapon/w_houtoku1.g1t
Weapon/w_houtoku1.g1m
Weapon/w_houtoku2.g1t
Weapon/w_houtoku2.g1m
Weapon/w_houtoku3.g1t
Weapon/w_houtoku3.g1m
Weapon/w_ryoutou0.g1t
Weapon/w_ryoutou0.g1m
Weapon/w_ryoutou1.g1t
Weapon/w_ryoutou1.g1m
Weapon/w_ryoutou2.g1t
Weapon/w_ryoutou2.g1m
Weapon/w_ryoutou3.g1t
Weapon/w_ryoutou3.g1m
Weapon/w_kanpei0.g1t
Weapon/w_kanpei0.g1m
Weapon/w_kanpei1.g1t
Weapon/w_kanpei1.g1m
Weapon/w_kanpei2.g1t
Weapon/w_kanpei2.g1m
Weapon/w_kanpei3.g1t
Weapon/w_kanpei3.g1m
Weapon/w_seisai0.g1t
Weapon/w_seisai0.g1m
Weapon/w_seisai1.g1t
Weapon/w_seisai1.g1m
Weapon/w_seisai2.g1t
Weapon/w_seisai2.g1m
Weapon/w_seisai3.g1t
Weapon/w_seisai3.g1m
Weapon/w_saji0.g1t
Weapon/w_saji0.g1m
Weapon/w_saji1.g1t
Weapon/w_saji1.g1m
Weapon/w_saji2.g1t
Weapon/w_saji2.g1m
Weapon/w_saji3.g1t
Weapon/w_saji3.g1m
Weapon/w_yukimura0.g1t
Weapon/w_yukimura0.g1m
Weapon/w_yukimura1.g1t
Weapon/w_yukimura1.g1m
Weapon/w_yukimura2.g1t
Weapon/w_yukimura2.g1m
Weapon/w_yukimura3.g1t
Weapon/w_yukimura3.g1m
Weapon/w_keiji0.g1t
Weapon/w_keiji0.g1m
Weapon/w_keiji1.g1t
Weapon/w_keiji1.g1m
Weapon/w_keiji2.g1t
Weapon/w_keiji2.g1m
Weapon/w_keiji3.g1t
Weapon/w_keiji3.g1m
Weapon/w_nobunaga0.g1t
Weapon/w_nobunaga0.g1m
Weapon/w_nobunaga1.g1t
Weapon/w_nobunaga1.g1m
Weapon/w_nobunaga2.g1t
Weapon/w_nobunaga2.g1m
Weapon/w_nobunaga3.g1t
Weapon/w_nobunaga3.g1m
Weapon/w_mitsuhide0.g1t
Weapon/w_mitsuhideA0.g1m
Weapon/w_mitsuhide1.g1t
Weapon/w_mitsuhideA1.g1m
Weapon/w_mitsuhide2.g1t
Weapon/w_mitsuhideA2.g1m
Weapon/w_mitsuhide3.g1t
Weapon/w_mitsuhideA3.g1m
Weapon/w_kenshin0.g1t
Weapon/w_kenshin0.g1m
Weapon/w_kenshin1.g1t
Weapon/w_kenshin1.g1m
Weapon/w_kenshin2.g1t
Weapon/w_kenshin2.g1m
Weapon/w_kenshin3.g1t
Weapon/w_kenshin3.g1m
Weapon/w_goemon0.g1t
Weapon/w_goemonA0.g1m
Weapon/w_goemon1.g1t
Weapon/w_goemonA1.g1m
Weapon/w_goemon2.g1t
Weapon/w_goemonA2.g1m
Weapon/w_goemon3.g1t
Weapon/w_goemonA3.g1m
Weapon/w_goemonB0.g1m
Weapon/w_goemonB1.g1m
Weapon/w_goemonB2.g1m
Weapon/w_goemonB3.g1m
Weapon/w_goemonC0.g1m
Weapon/w_goemonC1.g1m
Weapon/w_goemonC2.g1m
Weapon/w_goemonC3.g1m
Weapon/w_goemonD0.g1m
Weapon/w_goemonD1.g1m
Weapon/w_goemonD2.g1m
Weapon/w_goemonD3.g1m
Weapon/w_oichi0.g1t
Weapon/w_oichiA0.g1m
Weapon/w_oichi1.g1t
Weapon/w_oichiA1.g1m
Weapon/w_oichi2.g1t
Weapon/w_oichiA2.g1m
Weapon/w_oichi3.g1t
Weapon/w_oichiA3.g1m
Weapon/w_oichiB0.g1m
Weapon/w_oichiB1.g1m
Weapon/w_oichiB2.g1m
Weapon/w_oichiB3.g1m
Weapon/w_okuni0.g1t
Weapon/w_okuni0.g1m
Weapon/w_okuni1.g1t
Weapon/w_okuni1.g1m
Weapon/w_okuni2.g1t
Weapon/w_okuni2.g1m
Weapon/w_okuni3.g1t
Weapon/w_okuni3.g1m
Weapon/w_kunoichi0.g1t
Weapon/w_kunoichi0.g1m
Weapon/w_kunoichi1.g1t
Weapon/w_kunoichi1.g1m
Weapon/w_kunoichi2.g1t
Weapon/w_kunoichi2.g1m
Weapon/w_kunoichi3.g1t
Weapon/w_kunoichi3.g1m
Weapon/w_magoichi0.g1t
Weapon/w_magoichi0.g1m
Weapon/w_magoichi1.g1t
Weapon/w_magoichi1.g1m
Weapon/w_magoichi2.g1t
Weapon/w_magoichi2.g1m
Weapon/w_magoichi3.g1t
Weapon/w_magoichi3.g1m
Weapon/w_shingen0.g1t
Weapon/w_shingen0.g1m
Weapon/w_shingen1.g1t
Weapon/w_shingen1.g1m
Weapon/w_shingen2.g1t
Weapon/w_shingen2.g1m
Weapon/w_shingen3.g1t
Weapon/w_shingen3.g1m
Weapon/w_masamuneA0.g1t
Weapon/w_masamuneA0.g1m
Weapon/w_masamuneA1.g1t
Weapon/w_masamuneA1.g1m
Weapon/w_masamuneA2.g1t
Weapon/w_masamuneA2.g1m
Weapon/w_masamuneA3.g1t
Weapon/w_masamuneA3.g1m
Weapon/w_nouhime0.g1t
Weapon/w_nouhimeA0.g1m
Weapon/w_nouhime1.g1t
Weapon/w_nouhimeA1.g1m
Weapon/w_nouhime2.g1t
Weapon/w_nouhimeA2.g1m
Weapon/w_nouhime3.g1t
Weapon/w_nouhimeA3.g1m
Weapon/w_hanzo0.g1t
Weapon/w_hanzoA0.g1m
Weapon/w_hanzo1.g1t
Weapon/w_hanzoA1.g1m
Weapon/w_hanzo2.g1t
Weapon/w_hanzoA2.g1m
Weapon/w_hanzo3.g1t
Weapon/w_hanzoA3.g1m
Weapon/w_hanzoB0.g1m
Weapon/w_hanzoB1.g1m
Weapon/w_hanzoB2.g1m
Weapon/w_hanzoB3.g1m
Weapon/w_rammaru0.g1t
Weapon/w_rammaruA0.g1m
Weapon/w_rammaru1.g1t
Weapon/w_rammaruA1.g1m
Weapon/w_rammaru2.g1t
Weapon/w_rammaruA2.g1m
Weapon/w_rammaru3.g1t
Weapon/w_rammaruA3.g1m
Weapon/w_hideyoshi0.g1t
Weapon/w_hideyoshi0.g1m
Weapon/w_hideyoshi1.g1t
Weapon/w_hideyoshi1.g1m
Weapon/w_hideyoshi2.g1t
Weapon/w_hideyoshi2.g1m
Weapon/w_hideyoshi3.g1t
Weapon/w_hideyoshi3.g1m
Weapon/w_yoshimoto0.g1t
Weapon/w_yoshimotoA0.g1m
Weapon/w_yoshimoto1.g1t
Weapon/w_yoshimotoA1.g1m
Weapon/w_yoshimoto2.g1t
Weapon/w_yoshimotoA2.g1m
Weapon/w_yoshimoto3.g1t
Weapon/w_yoshimotoA3.g1m
Weapon/w_yoshimotoB0.g1m
Weapon/w_yoshimotoB1.g1m
Weapon/w_yoshimotoB2.g1m
Weapon/w_yoshimotoB3.g1m
Weapon/w_tadakatsu0.g1t
Weapon/w_tadakatsu0.g1m
Weapon/w_tadakatsu1.g1t
Weapon/w_tadakatsu1.g1m
Weapon/w_tadakatsu2.g1t
Weapon/w_tadakatsu2.g1m
Weapon/w_tadakatsu3.g1t
Weapon/w_tadakatsu3.g1m
Weapon/w_inahime0.g1t
Weapon/w_inahimeA0.g1m
Weapon/w_inahime1.g1t
Weapon/w_inahimeA1.g1m
Weapon/w_inahime2.g1t
Weapon/w_inahimeA2.g1m
Weapon/w_inahime3.g1t
Weapon/w_inahimeA3.g1m
Weapon/w_ieyasu0.g1t
Weapon/w_ieyasu0.g1m
Weapon/w_ieyasu1.g1t
Weapon/w_ieyasu1.g1m
Weapon/w_ieyasu2.g1t
Weapon/w_ieyasu2.g1m
Weapon/w_ieyasu3.g1t
Weapon/w_ieyasu3.g1m
Weapon/w_mitsunari0.g1t
Weapon/w_mitsunari0.g1m
Weapon/w_mitsunari1.g1t
Weapon/w_mitsunari1.g1m
Weapon/w_mitsunari2.g1t
Weapon/w_mitsunari2.g1m
Weapon/w_mitsunari3.g1t
Weapon/w_mitsunari3.g1m
Weapon/w_nagamasa0.g1t
Weapon/w_nagamasa0.g1m
Weapon/w_nagamasa1.g1t
Weapon/w_nagamasa1.g1m
Weapon/w_nagamasa2.g1t
Weapon/w_nagamasa2.g1m
Weapon/w_nagamasa3.g1t
Weapon/w_nagamasa3.g1m
Weapon/w_sakon0.g1t
Weapon/w_sakon0.g1m
Weapon/w_sakon1.g1t
Weapon/w_sakon1.g1m
Weapon/w_sakon2.g1t
Weapon/w_sakon2.g1m
Weapon/w_sakon3.g1t
Weapon/w_sakon3.g1m
Weapon/w_yoshihiro0.g1t
Weapon/w_yoshihiro0.g1m
Weapon/w_yoshihiro1.g1t
Weapon/w_yoshihiro1.g1m
Weapon/w_yoshihiro2.g1t
Weapon/w_yoshihiro2.g1m
Weapon/w_yoshihiro3.g1t
Weapon/w_yoshihiro3.g1m
Weapon/w_ginchiyo0.g1t
Weapon/w_ginchiyo0.g1m
Weapon/w_ginchiyo1.g1t
Weapon/w_ginchiyo1.g1m
Weapon/w_ginchiyo2.g1t
Weapon/w_ginchiyo2.g1m
Weapon/w_ginchiyo3.g1t
Weapon/w_ginchiyo3.g1m
Weapon/w_kanetsugu0.g1t
Weapon/w_kanetsuguA0.g1m
Weapon/w_kanetsugu1.g1t
Weapon/w_kanetsuguA1.g1m
Weapon/w_kanetsugu2.g1t
Weapon/w_kanetsuguA2.g1m
Weapon/w_kanetsugu3.g1t
Weapon/w_kanetsuguA3.g1m
Weapon/w_kanetsuguB0.g1m
Weapon/w_kanetsuguB1.g1m
Weapon/w_kanetsuguB2.g1m
Weapon/w_kanetsuguB3.g1m
Weapon/w_nene0.g1t
Weapon/w_nene0.g1m
Weapon/w_nene1.g1t
Weapon/w_nene1.g1m
Weapon/w_nene2.g1t
Weapon/w_nene2.g1m
Weapon/w_nene3.g1t
Weapon/w_nene3.g1m
Weapon/w_kotaro0.g1t
Weapon/w_kotaroA0.g1m
Weapon/w_kotaro1.g1t
Weapon/w_kotaroA1.g1m
Weapon/w_kotaro2.g1t
Weapon/w_kotaroA2.g1m
Weapon/w_kotaro3.g1t
Weapon/w_kotaroA3.g1m
Weapon/w_musashi0.g1t
Weapon/w_musashiA0.g1m
Weapon/w_musashi1.g1t
Weapon/w_musashiA1.g1m
Weapon/w_musashi2.g1t
Weapon/w_musashiA2.g1m
Weapon/w_musashi3.g1t
Weapon/w_musashiA3.g1m
Weapon/w_musashiB0.g1m
Weapon/w_musashiB1.g1m
Weapon/w_musashiB2.g1m
Weapon/w_musashiB3.g1m
Weapon/w_orochi0.g1t
Weapon/w_orochi0.g1m
Weapon/w_orochi1.g1t
Weapon/w_orochi1.g1m
Weapon/w_orochi2.g1t
Weapon/w_orochi2.g1m
Weapon/w_orochi3.g1t
Weapon/w_orochi3.g1m
Weapon/w_dakki0.g1t
Weapon/w_dakki0.g1m
Weapon/w_dakki1.g1t
Weapon/w_dakki1.g1m
Weapon/w_dakki2.g1t
Weapon/w_dakki2.g1m
Weapon/w_dakki3.g1t
Weapon/w_dakki3.g1m
Weapon/w_pcA0.g1m
Weapon/w_pcA1.g1m
Weapon/w_pcA2.g1m
Weapon/w_pcA3.g1m
Weapon/w_pcB0.g1m
Weapon/w_pcB1.g1m
Weapon/w_pcB2.g1m
Weapon/w_pcB3.g1m
Weapon/w_pcC0.g1m
Weapon/w_pcC1.g1m
Weapon/w_pcC2.g1m
Weapon/w_pcC3.g1m
Weapon/w_ninja.g1m
Weapon/w_kojiro.g1m
Weapon/w_jump.g1m
Weapon/w_rolling.g1m
Weapon/w_shield.g1m
Weapon/w_shieldB.g1m
Weapon/w_longspear.g1m
Weapon/w_shield0.g1m
Weapon/w_shield1.g1m
Weapon/w_shield2.g1m
Weapon/w_shield3.g1m
Weapon/w_shieldl0.g1m
Weapon/w_shieldl1.g1m
Weapon/w_shieldl2.g1m
Weapon/w_shieldl3.g1m
Weapon/w_hasaki0.g1m
Weapon/w_hasaki1.g1m
Weapon/w_hasaki2.g1m
Weapon/w_hasaki3.g1m
Weapon/w_saya0.g1m
Weapon/w_saya1.g1m
Weapon/w_saya2.g1m
Weapon/w_saya3.g1m
Weapon/w_bombA.g1m
Weapon/w_archer.g1m
Weapon/w_gunner.g1m
Weapon/w_arrow.g1m
Weapon/w_ina_arrow.g1m
Weapon/w_bombB.g1m
Weapon/w_ironball.g1m
Weapon/w_fireworks.g1m
Weapon/w_gasball.g1m
Weapon/w_saya.g1m
Weapon/w_sayaw.g1m
Weapon/w_quiver.g1m
Weapon/w_mitsuhideB0.g1m
Weapon/w_mitsuhideB1.g1m
Weapon/w_mitsuhideB2.g1m
Weapon/w_mitsuhideB3.g1m
Weapon/w_mitsuhideC0.g1m
Weapon/w_mitsuhideC1.g1m
Weapon/w_mitsuhideC2.g1m
Weapon/w_mitsuhideC3.g1m
Weapon/w_mitsuhideD0.g1m
Weapon/w_mitsuhideD1.g1m
Weapon/w_mitsuhideD2.g1m
Weapon/w_mitsuhideD3.g1m
Weapon/w_oichiC0.g1m
Weapon/w_oichiC1.g1m
Weapon/w_oichiC2.g1m
Weapon/w_oichiC3.g1m
Weapon/w_hanzoC0.g1m
Weapon/w_hanzoC1.g1m
Weapon/w_hanzoC2.g1m
Weapon/w_hanzoC3.g1m
Weapon/w_rammaruB0.g1m
Weapon/w_rammaruB1.g1m
Weapon/w_rammaruB2.g1m
Weapon/w_rammaruB3.g1m
Weapon/w_inahimeB0.g1m
Weapon/w_inahimeB1.g1m
Weapon/w_inahimeB2.g1m
Weapon/w_inahimeB3.g1m
Weapon/w_masamuneB0.g1t
Weapon/w_masamuneB0.g1m
Weapon/w_masamuneB1.g1t
Weapon/w_masamuneB1.g1m
Weapon/w_masamuneB2.g1t
Weapon/w_masamuneB2.g1m
Weapon/w_masamuneB3.g1t
Weapon/w_masamuneB3.g1m
Weapon/w_masamuneC0.g1m
Weapon/w_masamuneC1.g1m
Weapon/w_masamuneC2.g1m
Weapon/w_masamuneC3.g1m
Weapon/w_masamuneD0.g1m
Weapon/w_masamuneD1.g1m
Weapon/w_masamuneD2.g1m
Weapon/w_masamuneD3.g1m
Weapon/w_nouhimeB.g1m
Weapon/w_kanetsuguC0.g1m
Weapon/w_kanetsuguC1.g1m
Weapon/w_kanetsuguC2.g1m
Weapon/w_kanetsuguC3.g1m
Weapon/w_kotaroB0.g1m
Weapon/w_kotaroB1.g1m
Weapon/w_kotaroB2.g1m
Weapon/w_kotaroB3.g1m
Weapon/w_kotaroC0.g1m
Weapon/w_kotaroC1.g1m
Weapon/w_kotaroC2.g1m
Weapon/w_kotaroC3.g1m
Weapon/w_mine.g1m
item/item.pac
item/item.g1t
effect/vs/vs_texture00.g1t
effect/vs/VS_EFFECT_ALL.bin
distant/SKY_00_00.g1t
distant/SKY_01_00.g1t
distant/SKY_02_00.g1t
distant/SKY_03_00.g1t
distant/SKY_04_00.g1t
distant/SKY_05_00.g1t
distant/SKY_06_00.g1t
distant/SKY_07_00.g1t
distant/SKY_08_00.g1t
distant/SKY_09_00.g1t
distant/SKY_10_00.g1t
distant/SKY_11_00.g1t
distant/SKY_12_00.g1t
distant/SKY_13_00.g1t
distant/SKY_14_00.g1t
distant/SKY_15_00.g1t
distant/SKY_16_00.g1t
distant/SKY_17_00.g1t
distant/SKY_18_00.g1t
distant/SKY_19_00.g1t
distant/SKY_20_00.g1t
distant/SKY_21_00.g1t
distant/SKY_22_00.g1t
distant/SKY_23_00.g1t
distant/SKY_24_00.g1t
distant/SKY_25_00.g1t
distant/SKY_26_00.g1t
distant/SKY_27_00.g1t
distant/SKY_28_00.g1t
distant/SKY_29_00.g1t
distant/SKY_30_00.g1t
distant/SKY_31_00.g1t
distant/SKY_32_00.g1t
distant/SKY_33_00.g1t
distant/SKY_34_00.g1t
distant/SKY_35_00.g1t
distant/SKY_36_00.g1t
distant/SKY_37_00.g1t
distant/SKY_38_00.g1t
distant/SKY_39_00.g1t
distant/SKY_40_00.g1t
distant/SKY_41_00.g1t
distant/SKY_42_00.g1t
distant/SKY_43_00.g1t
distant/SKY_44_00.g1t
distant/SKY_45_00.g1t
distant/SKY_46_00.g1t
distant/SKY_47_00.g1t
distant/SKY_48_00.g1t
distant/SKY_49_00.g1t
distant/SKY_50_00.g1t
distant/SKY_51_00.g1t
distant/SKY_52_00.g1t
distant/SKY_53_00.g1t
distant/SKY_54_00.g1t
distant/SKY_55_00.g1t
distant/SKY_56_00.g1t
distant/56_moon_full.g1t
distant/57_moon_half.g1t
distant/58_moon_new.g1t
Stage/Ground/Ground_00_00.bin
Stage/Ground/Ground_01_00.bin
Stage/Ground/Ground_02_00.bin
Stage/Ground/Ground_03_00.bin
Stage/Ground/Ground_04_00.bin
Stage/Ground/Ground_05_00.bin
Stage/Ground/Ground_06_00.bin
Stage/Ground/Ground_07_00.bin
Stage/Ground/Ground_08_00.bin
Stage/Ground/Ground_09_00.bin
Stage/Ground/Ground_10_00.bin
Stage/Ground/Ground_11_00.bin
Stage/Ground/Ground_12_00.bin
Stage/Ground/Ground_13_00.bin
Stage/Ground/Ground_14_00.bin
Stage/Ground/Ground_15_00.bin
Stage/Ground/Ground_16_00.bin
Stage/Ground/Ground_17_00.bin
Stage/Ground/Ground_18_00.bin
Stage/Ground/Ground_19_00.bin
Stage/Ground/Ground_20_00.bin
Stage/Ground/Ground_21_00.bin
Stage/Ground/Ground_22_00.bin
Stage/Ground/Ground_23_00.bin
Stage/Ground/Ground_24_00.bin
Stage/Ground/Ground_25_00.bin
Stage/Ground/Ground_26_00.bin
Stage/Ground/Ground_27_00.bin
Stage/Ground/Ground_28_00.bin
Stage/Ground/Ground_29_00.bin
Stage/Ground/Ground_30_00.bin
Stage/Ground/Ground_31_00.bin
Stage/Ground/Ground_32_00.bin
Stage/Ground/Ground_33_00.bin
Stage/Ground/Ground_34_00.bin
Stage/Ground/Ground_35_00.bin
Stage/Ground/Ground_36_00.bin
Stage/Ground/Ground_37_00.bin
Stage/Ground/Ground_38_00.bin
Stage/Ground/Ground_39_00.bin
Stage/Ground/Ground_40_00.bin
Stage/Ground/Ground_41_00.bin
Stage/Ground/Ground_42_00.bin
Stage/Ground/Ground_43_00.bin
Stage/Ground/Ground_44_00.bin
Stage/Ground/Ground_45_00.bin
Stage/Ground/Ground_46_00.bin
Stage/Ground/Ground_47_00.bin
Stage/Ground/Ground_48_00.bin
Stage/Ground/Ground_49_00.bin
Stage/Ground/Ground_50_00.bin
Stage/Ground/Ground_51_00.bin
Stage/Ground/Ground_52_00.bin
Stage/Ground/Ground_53_00.bin
Stage/Ground/Ground_54_00.bin
Stage/Ground/Ground_55_00.bin
Stage/Ground/Ground_56_00.bin
Stage/Object/StageObj_00_00.bin
Stage/Object/StageObj_01_00.bin
Stage/Object/StageObj_02_00.bin
Stage/Object/StageObj_03_00.bin
Stage/Object/StageObj_04_00.bin
Stage/Object/StageObj_05_00.bin
Stage/Object/StageObj_06_00.bin
Stage/Object/StageObj_07_00.bin
Stage/Object/StageObj_08_00.bin
Stage/Object/StageObj_09_00.bin
Stage/Object/StageObj_10_00.bin
Stage/Object/StageObj_11_00.bin
Stage/Object/StageObj_12_00.bin
Stage/Object/StageObj_13_00.bin
Stage/Object/StageObj_14_00.bin
Stage/Object/StageObj_15_00.bin
Stage/Object/StageObj_16_00.bin
Stage/Object/StageObj_17_00.bin
Stage/Object/StageObj_18_00.bin
Stage/Object/StageObj_19_00.bin
Stage/Object/StageObj_20_00.bin
Stage/Object/StageObj_21_00.bin
Stage/Object/StageObj_22_00.bin
Stage/Object/StageObj_23_00.bin
Stage/Object/StageObj_24_00.bin
Stage/Object/StageObj_25_00.bin
Stage/Object/StageObj_26_00.bin
Stage/Object/StageObj_27_00.bin
Stage/Object/StageObj_28_00.bin
Stage/Object/StageObj_29_00.bin
Stage/Object/StageObj_30_00.bin
Stage/Object/StageObj_31_00.bin
Stage/Object/StageObj_32_00.bin
Stage/Object/StageObj_33_00.bin
Stage/Object/StageObj_34_00.bin
Stage/Object/StageObj_35_00.bin
Stage/Object/StageObj_36_00.bin
Stage/Object/StageObj_37_00.bin
Stage/Object/StageObj_38_00.bin
Stage/Object/StageObj_39_00.bin
Stage/Object/StageObj_40_00.bin
Stage/Object/StageObj_41_00.bin
Stage/Object/StageObj_42_00.bin
Stage/Object/StageObj_43_00.bin
Stage/Object/StageObj_44_00.bin
Stage/Object/StageObj_45_00.bin
Stage/Object/StageObj_46_00.bin
Stage/Object/StageObj_47_00.bin
Stage/Object/StageObj_48_00.bin
Stage/Object/StageObj_49_00.bin
Stage/Object/StageObj_50_00.bin
Stage/Object/StageObj_51_00.bin
Stage/Object/StageObj_52_00.bin
Stage/Object/StageObj_53_00.bin
Stage/Object/StageObj_54_00.bin
Stage/Object/StageObj_55_00.bin
Stage/Object/StageObj_56_00.bin
Stage/Texture/StageTex_00_00.bin
Stage/Texture/StageTex_01_00.bin
Stage/Texture/StageTex_02_00.bin
Stage/Texture/StageTex_03_00.bin
Stage/Texture/StageTex_04_00.bin
Stage/Texture/StageTex_05_00.bin
Stage/Texture/StageTex_06_00.bin
Stage/Texture/StageTex_07_00.bin
Stage/Texture/StageTex_08_00.bin
Stage/Texture/StageTex_09_00.bin
Stage/Texture/StageTex_10_00.bin
Stage/Texture/StageTex_11_00.bin
Stage/Texture/StageTex_12_00.bin
Stage/Texture/StageTex_13_00.bin
Stage/Texture/StageTex_14_00.bin
Stage/Texture/StageTex_15_00.bin
Stage/Texture/StageTex_16_00.bin
Stage/Texture/StageTex_17_00.bin
Stage/Texture/StageTex_18_00.bin
Stage/Texture/StageTex_19_00.bin
Stage/Texture/StageTex_20_00.bin
Stage/Texture/StageTex_21_00.bin
Stage/Texture/StageTex_22_00.bin
Stage/Texture/StageTex_23_00.bin
Stage/Texture/StageTex_24_00.bin
Stage/Texture/StageTex_25_00.bin
Stage/Texture/StageTex_26_00.bin
Stage/Texture/StageTex_27_00.bin
Stage/Texture/StageTex_28_00.bin
Stage/Texture/StageTex_29_00.bin
Stage/Texture/StageTex_30_00.bin
Stage/Texture/StageTex_31_00.bin
Stage/Texture/StageTex_32_00.bin
Stage/Texture/StageTex_33_00.bin
Stage/Texture/StageTex_34_00.bin
Stage/Texture/StageTex_35_00.bin
Stage/Texture/StageTex_36_00.bin
Stage/Texture/StageTex_37_00.bin
Stage/Texture/StageTex_38_00.bin
Stage/Texture/StageTex_39_00.bin
Stage/Texture/StageTex_40_00.bin
Stage/Texture/StageTex_41_00.bin
Stage/Texture/StageTex_42_00.bin
Stage/Texture/StageTex_43_00.bin
Stage/Texture/StageTex_44_00.bin
Stage/Texture/StageTex_45_00.bin
Stage/Texture/StageTex_46_00.bin
Stage/Texture/StageTex_47_00.bin
Stage/Texture/StageTex_48_00.bin
Stage/Texture/StageTex_49_00.bin
Stage/Texture/StageTex_50_00.bin
Stage/Texture/StageTex_51_00.bin
Stage/Texture/StageTex_52_00.bin
Stage/Texture/StageTex_53_00.bin
Stage/Texture/StageTex_54_00.bin
Stage/Texture/StageTex_55_00.bin
Stage/Texture/StageTex_56_00.bin
Stage/Field/Field00_00.bin
Stage/Field/Field01_00.bin
Stage/Field/Field02_00.bin
Stage/Field/Field03_00.bin
Stage/Field/Field04_00.bin
Stage/Field/Field05_00.bin
Stage/Field/Field06_00.bin
Stage/Field/Field07_00.bin
Stage/Field/Field08_00.bin
Stage/Field/Field09_00.bin
Stage/Field/Field10_00.bin
Stage/Field/Field11_00.bin
Stage/Field/Field12_00.bin
Stage/Field/Field13_00.bin
Stage/Field/Field14_00.bin
Stage/Field/Field15_00.bin
Stage/Field/Field16_00.bin
Stage/Field/Field17_00.bin
Stage/Field/Field18_00.bin
Stage/Field/Field19_00.bin
Stage/Field/Field20_00.bin
Stage/Field/Field21_00.bin
Stage/Field/Field22_00.bin
Stage/Field/Field23_00.bin
Stage/Field/Field24_00.bin
Stage/Field/Field25_00.bin
Stage/Field/Field26_00.bin
Stage/Field/Field27_00.bin
Stage/Field/Field28_00.bin
Stage/Field/Field29_00.bin
Stage/Field/Field30_00.bin
Stage/Field/Field31_00.bin
Stage/Field/Field32_00.bin
Stage/Field/Field33_00.bin
Stage/Field/Field34_00.bin
Stage/Field/Field35_00.bin
Stage/Field/Field36_00.bin
Stage/Field/Field37_00.bin
Stage/Field/Field38_00.bin
Stage/Field/Field39_00.bin
Stage/Field/Field40_00.bin
Stage/Field/Field41_00.bin
Stage/Field/Field42_00.bin
Stage/Field/Field43_00.bin
Stage/Field/Field44_00.bin
Stage/Field/Field45_00.bin
Stage/Field/Field46_00.bin
Stage/Field/Field47_00.bin
Stage/Field/Field48_00.bin
Stage/Field/Field49_00.bin
Stage/Field/Field50_00.bin
Stage/Field/Field51_00.bin
Stage/Field/Field52_00.bin
Stage/Field/Field53_00.bin
Stage/Field/Field54_00.bin
Stage/Field/Field55_00.bin
Stage/Field/Field56_00.bin
Stage/ambient/LT_00_00.LFB
Stage/ambient/LT_01_00.LFB
Stage/ambient/LT_02_00.LFB
Stage/ambient/LT_03_00.LFB
Stage/ambient/LT_04_00.LFB
Stage/ambient/LT_05_00.LFB
Stage/ambient/LT_06_00.LFB
Stage/ambient/LT_07_00.LFB
Stage/ambient/LT_08_00.LFB
Stage/ambient/LT_09_00.LFB
Stage/ambient/LT_10_00.LFB
Stage/ambient/LT_11_00.LFB
Stage/ambient/LT_12_00.LFB
Stage/ambient/LT_13_00.LFB
Stage/ambient/LT_14_00.LFB
Stage/ambient/LT_15_00.LFB
Stage/ambient/LT_16_00.LFB
Stage/ambient/LT_17_00.LFB
Stage/ambient/LT_18_00.LFB
Stage/ambient/LT_19_00.LFB
Stage/ambient/LT_20_00.LFB
Stage/ambient/LT_21_00.LFB
Stage/ambient/LT_22_00.LFB
Stage/ambient/LT_23_00.LFB
Stage/ambient/LT_24_00.LFB
Stage/ambient/LT_25_00.LFB
Stage/ambient/LT_26_00.LFB
Stage/ambient/LT_27_00.LFB
Stage/ambient/LT_28_00.LFB
Stage/ambient/LT_29_00.LFB
Stage/ambient/LT_30_00.LFB
Stage/ambient/LT_31_00.LFB
Stage/ambient/LT_32_00.LFB
Stage/ambient/LT_33_00.LFB
Stage/ambient/LT_34_00.LFB
Stage/ambient/LT_35_00.LFB
Stage/ambient/LT_36_00.LFB
Stage/ambient/LT_37_00.LFB
Stage/ambient/LT_38_00.LFB
Stage/ambient/LT_39_00.LFB
Stage/ambient/LT_40_00.LFB
Stage/ambient/LT_41_00.LFB
Stage/ambient/LT_42_00.LFB
Stage/ambient/LT_43_00.LFB
Stage/ambient/LT_44_00.LFB
Stage/ambient/LT_45_00.LFB
Stage/ambient/LT_46_00.LFB
Stage/ambient/LT_47_00.LFB
Stage/ambient/LT_48_00.LFB
Stage/ambient/LT_49_00.LFB
Stage/ambient/LT_50_00.LFB
Stage/ambient/LT_51_00.LFB
Stage/ambient/LT_52_00.LFB
Stage/ambient/LT_53_00.LFB
Stage/ambient/LT_54_00.LFB
Stage/ambient/LT_55_00.LFB
Stage/ambient/LT_56_00.LFB
Stage/Light/StageLight_00_00.csv
Stage/Light/StageLight_01_00.csv
Stage/Light/StageLight_02_00.csv
Stage/Light/StageLight_03_00.csv
Stage/Light/StageLight_04_00.csv
Stage/Light/StageLight_05_00.csv
Stage/Light/StageLight_06_00.csv
Stage/Light/StageLight_07_00.csv
Stage/Light/StageLight_08_00.csv
Stage/Light/StageLight_09_00.csv
Stage/Light/StageLight_10_00.csv
Stage/Light/StageLight_11_00.csv
Stage/Light/StageLight_12_00.csv
Stage/Light/StageLight_13_00.csv
Stage/Light/StageLight_14_00.csv
Stage/Light/StageLight_15_00.csv
Stage/Light/StageLight_16_00.csv
Stage/Light/StageLight_17_00.csv
Stage/Light/StageLight_18_00.csv
Stage/Light/StageLight_19_00.csv
Stage/Light/StageLight_20_00.csv
Stage/Light/StageLight_21_00.csv
Stage/Light/StageLight_22_00.csv
Stage/Light/StageLight_23_00.csv
Stage/Light/StageLight_24_00.csv
Stage/Light/StageLight_25_00.csv
Stage/Light/StageLight_26_00.csv
Stage/Light/StageLight_27_00.csv
Stage/Light/StageLight_28_00.csv
Stage/Light/StageLight_29_00.csv
Stage/Light/StageLight_30_00.csv
Stage/Light/StageLight_31_00.csv
Stage/Light/StageLight_32_00.csv
Stage/Light/StageLight_33_00.csv
Stage/Light/StageLight_34_00.csv
Stage/Light/StageLight_35_00.csv
Stage/Light/StageLight_36_00.csv
Stage/Light/StageLight_37_00.csv
Stage/Light/StageLight_38_00.csv
Stage/Light/StageLight_39_00.csv
Stage/Light/StageLight_40_00.csv
Stage/Light/StageLight_41_00.csv
Stage/Light/StageLight_42_00.csv
Stage/Light/StageLight_43_00.csv
Stage/Light/StageLight_44_00.csv
Stage/Light/StageLight_45_00.csv
Stage/Light/StageLight_46_00.csv
Stage/Light/StageLight_47_00.csv
Stage/Light/StageLight_48_00.csv
Stage/Light/StageLight_49_00.csv
Stage/Light/StageLight_50_00.csv
Stage/Light/StageLight_51_00.csv
Stage/Light/StageLight_52_00.csv
Stage/Light/StageLight_53_00.csv
Stage/Light/StageLight_54_00.csv
Stage/Light/StageLight_55_00.csv
Stage/Light/StageLight_56_00.csv
Stage/Light/IndoorLight_00_00.csv
Stage/Light/IndoorLight_01_00.csv
Stage/Light/IndoorLight_02_00.csv
Stage/Light/IndoorLight_03_00.csv
Stage/Light/IndoorLight_04_00.csv
Stage/Light/IndoorLight_05_00.csv
Stage/Light/IndoorLight_06_00.csv
Stage/Light/IndoorLight_07_00.csv
Stage/Light/IndoorLight_08_00.csv
Stage/Light/IndoorLight_09_00.csv
Stage/Light/IndoorLight_10_00.csv
Stage/Light/IndoorLight_11_00.csv
Stage/Light/IndoorLight_12_00.csv
Stage/Light/IndoorLight_13_00.csv
Stage/Light/IndoorLight_14_00.csv
Stage/Light/IndoorLight_15_00.csv
Stage/Light/IndoorLight_16_00.csv
Stage/Light/IndoorLight_17_00.csv
Stage/Light/IndoorLight_18_00.csv
Stage/Light/IndoorLight_19_00.csv
Stage/Light/IndoorLight_20_00.csv
Stage/Light/IndoorLight_21_00.csv
Stage/Light/IndoorLight_22_00.csv
Stage/Light/IndoorLight_23_00.csv
Stage/Light/IndoorLight_24_00.csv
Stage/Light/IndoorLight_25_00.csv
Stage/Light/IndoorLight_26_00.csv
Stage/Light/IndoorLight_27_00.csv
Stage/Light/IndoorLight_28_00.csv
Stage/Light/IndoorLight_29_00.csv
Stage/Light/IndoorLight_30_00.csv
Stage/Light/IndoorLight_31_00.csv
Stage/Light/IndoorLight_32_00.csv
Stage/Light/IndoorLight_33_00.csv
Stage/Light/IndoorLight_34_00.csv
Stage/Light/IndoorLight_35_00.csv
Stage/Light/IndoorLight_36_00.csv
Stage/Light/IndoorLight_37_00.csv
Stage/Light/IndoorLight_38_00.csv
Stage/Light/IndoorLight_39_00.csv
Stage/Light/IndoorLight_40_00.csv
Stage/Light/IndoorLight_41_00.csv
Stage/Light/IndoorLight_42_00.csv
Stage/Light/IndoorLight_43_00.csv
Stage/Light/IndoorLight_44_00.csv
Stage/Light/IndoorLight_45_00.csv
Stage/Light/IndoorLight_46_00.csv
Stage/Light/IndoorLight_47_00.csv
Stage/Light/IndoorLight_48_00.csv
Stage/Light/IndoorLight_49_00.csv
Stage/Light/IndoorLight_50_00.csv
Stage/Light/IndoorLight_51_00.csv
Stage/Light/IndoorLight_52_00.csv
Stage/Light/IndoorLight_53_00.csv
Stage/Light/IndoorLight_54_00.csv
Stage/Light/IndoorLight_55_00.csv
Stage/Light/IndoorLight_56_00.csv
Stage/posteffect/StagePostEffect_00_00.csv
Stage/posteffect/StagePostEffect_01_00.csv
Stage/posteffect/StagePostEffect_02_00.csv
Stage/posteffect/StagePostEffect_03_00.csv
Stage/posteffect/StagePostEffect_04_00.csv
Stage/posteffect/StagePostEffect_05_00.csv
Stage/posteffect/StagePostEffect_06_00.csv
Stage/posteffect/StagePostEffect_07_00.csv
Stage/posteffect/StagePostEffect_08_00.csv
Stage/posteffect/StagePostEffect_09_00.csv
Stage/posteffect/StagePostEffect_10_00.csv
Stage/posteffect/StagePostEffect_11_00.csv
Stage/posteffect/StagePostEffect_12_00.csv
Stage/posteffect/StagePostEffect_13_00.csv
Stage/posteffect/StagePostEffect_14_00.csv
Stage/posteffect/StagePostEffect_15_00.csv
Stage/posteffect/StagePostEffect_16_00.csv
Stage/posteffect/StagePostEffect_17_00.csv
Stage/posteffect/StagePostEffect_18_00.csv
Stage/posteffect/StagePostEffect_19_00.csv
Stage/posteffect/StagePostEffect_20_00.csv
Stage/posteffect/StagePostEffect_21_00.csv
Stage/posteffect/StagePostEffect_22_00.csv
Stage/posteffect/StagePostEffect_23_00.csv
Stage/posteffect/StagePostEffect_24_00.csv
Stage/posteffect/StagePostEffect_25_00.csv
Stage/posteffect/StagePostEffect_26_00.csv
Stage/posteffect/StagePostEffect_27_00.csv
Stage/posteffect/StagePostEffect_28_00.csv
Stage/posteffect/StagePostEffect_29_00.csv
Stage/posteffect/StagePostEffect_30_00.csv
Stage/posteffect/StagePostEffect_31_00.csv
Stage/posteffect/StagePostEffect_32_00.csv
Stage/posteffect/StagePostEffect_33_00.csv
Stage/posteffect/StagePostEffect_34_00.csv
Stage/posteffect/StagePostEffect_35_00.csv
Stage/posteffect/StagePostEffect_36_00.csv
Stage/posteffect/StagePostEffect_37_00.csv
Stage/posteffect/StagePostEffect_38_00.csv
Stage/posteffect/StagePostEffect_39_00.csv
Stage/posteffect/StagePostEffect_40_00.csv
Stage/posteffect/StagePostEffect_41_00.csv
Stage/posteffect/StagePostEffect_42_00.csv
Stage/posteffect/StagePostEffect_43_00.csv
Stage/posteffect/StagePostEffect_44_00.csv
Stage/posteffect/StagePostEffect_45_00.csv
Stage/posteffect/StagePostEffect_46_00.csv
Stage/posteffect/StagePostEffect_47_00.csv
Stage/posteffect/StagePostEffect_48_00.csv
Stage/posteffect/StagePostEffect_49_00.csv
Stage/posteffect/StagePostEffect_50_00.csv
Stage/posteffect/StagePostEffect_51_00.csv
Stage/posteffect/StagePostEffect_52_00.csv
Stage/posteffect/StagePostEffect_53_00.csv
Stage/posteffect/StagePostEffect_54_00.csv
Stage/posteffect/StagePostEffect_55_00.csv
Stage/posteffect/StagePostEffect_56_00.csv
modelTex/L00_orochi_genei.g1t
modelTex/L08_kunoichi_genei.g1t
modelTex/L25_kannei0_M4_genei.g1t
modelTex/L61_soldier0_M4_genei.g1t
modelTex/L62_soldier1_M4_genei.g1t
modelTex/L64_soldier3_M4_genei.g1t